# Synospys Constraint Checker(syntax only), version mapact, Build 729R, built Jun 20 2012
# Copyright (C) 1994-2012, Synopsys, Inc. This software the associated documentation are confidential and proprietary to Synopsys, Inc. Your use or disclosure of this software subject to the terms and conditions of a written license agreement between you, or your company, and Synopsys, Inc.

# Written on Mon May 20 12:26:38 2013


##### DESIGN INFO #######################################################

Top View:                "memory_mux"
Constraint File(s):      (none)

#Run constraint checker to find more issues with constraints.
#########################################################################



No issues found in constraint syntax.



Clock Summary
**************

Start      Requested     Requested     Clock      Clock          
Clock      Frequency     Period        Type       Group          
-----------------------------------------------------------------
System     1.0 MHz       1000.000      system     system_clkgroup
=================================================================
