
Hexadecimal

Area                               Addr   Size   Decimal Bytes (Attributes)
--------------------------------   ----   ----   ------- ----- ------------
CABS                               0000   0000 =      0. bytes (ABS,CON,CODE)

      Value  Global
   --------  --------------------------------
  0C:FFFFFF00    s_BSEG
  0C:0000    l_BIT_BANK
  0C:0000    l_BSEG
  0C:0000    l_BSEG_BYTES
  0C:0000    l_CABS
  0C:0000    l_CONST
  0C:0000    l_GSINIT
  0C:0000    l_GSINIT1
  0C:0000    l_GSINIT5
  0C:0000    l_IABS
  0C:0000    l_ISEG
  0C:0000    l_OSEG
  0C:0000    l_PSEG
  0C:0000    l_REG_BANK_1
  0C:0000    l_REG_BANK_2
  0C:0000    l_REG_BANK_3
  0C:0000    l_XINIT
  0C:0000    l_XISEG
  0C:0000    l__CODE
  0C:0000    s_CABS
  0C:0000    s_DSEG
  0C:0000    s_HOME
  0C:0000    s_IABS
  0C:0000    s_ISEG
  0C:0000    s_PSEG
  0C:0000    s_REG_BANK_0
  0C:0000    s_SSEG
  0C:0000    s_XSEG
  0C:0003    l_GSFINAL
  0C:0003    l_GSINIT0
  0C:0008    l_HOME
  0C:0008    l_REG_BANK_0
  0C:0008    s_GSINIT0
  0C:0008    s_REG_BANK_1
  0C:000A    l_GSINIT2
  0C:000B    s_GSINIT1
  0C:000B    s_GSINIT2
  0C:0010    s_REG_BANK_2
  0C:0015    s_GSINIT3
  0C:0016    l_RSEG
  0C:0018    s_BIT_BANK
  0C:0018    s_OSEG
  0C:0018    s_REG_BANK_3
  0C:0020    s_BSEG_BYTES
  0C:0020    s__CODE
  0C:0022    l_GSINIT3
  0C:0028    l_GSINIT4
  0C:0037    s_GSINIT4
  0C:005D    s_RSEG
  0C:005F    s_GSFINAL
  0C:005F    s_GSINIT
  0C:005F    s_GSINIT5
  0C:0062    s_CSEG
  0C:0070    l_DSEG
  0C:00A3    l_SSEG
  0C:0100    l_IRAM
  0C:0840    l_XSEG
  0C:0840    s_XISEG
  0C:5C4B    l_CSEG
  0C:5CAD    s_CONST
  0C:5CAD    s_XINIT

Hexadecimal

Area                               Addr   Size   Decimal Bytes (Attributes)
--------------------------------   ----   ----   ------- ----- ------------
IABS                               0000   0000 =      0. bytes (ABS,CON)

Hexadecimal

Area                               Addr   Size   Decimal Bytes (Attributes)
--------------------------------   ----   ----   ------- ----- ------------
.  .ABS.                           0000   0000 =      0. bytes (ABS,CON)

      Value  Global
   --------  --------------------------------
     00A0    __XPAGE
     00F5    _B_5
     00F6    _B_6
     00F7    _B_7

Hexadecimal

Area                               Addr   Size   Decimal Bytes (Attributes)
--------------------------------   ----   ----   ------- ----- ------------
BSEG_BYTES                         0020   0000 =      0. bytes (REL,CON)

Hexadecimal

Area                               Addr   Size   Decimal Bytes (Attributes)
--------------------------------   ----   ----   ------- ----- ------------
_CODE                              0020   0000 =      0. bytes (REL,CON)

Hexadecimal

Area                               Addr   Size   Decimal Bytes (Attributes)
--------------------------------   ----   ----   ------- ----- ------------
REG_BANK_0                         0000   0008 =      8. bytes (REL,OVR)

Hexadecimal

Area                               Addr   Size   Decimal Bytes (Attributes)
--------------------------------   ----   ----   ------- ----- ------------
REG_BANK_1                         0008   0000 =      0. bytes (REL,OVR)

Hexadecimal

Area                               Addr   Size   Decimal Bytes (Attributes)
--------------------------------   ----   ----   ------- ----- ------------
REG_BANK_2                         0010   0000 =      0. bytes (REL,OVR)

Hexadecimal

Area                               Addr   Size   Decimal Bytes (Attributes)
--------------------------------   ----   ----   ------- ----- ------------
REG_BANK_3                         0018   0000 =      0. bytes (REL,OVR)

Hexadecimal

Area                               Addr   Size   Decimal Bits  (Attributes)
--------------------------------   ----   ----   ------- ----- ------------
BSEG                               FFFFFF00   0000 =      0. bits  (REL,CON,BIT)

Hexadecimal

Area                               Addr   Size   Decimal Bytes (Attributes)
--------------------------------   ----   ----   ------- ----- ------------
BIT_BANK                           0018   0000 =      0. bytes (REL,OVR)

Hexadecimal

Area                               Addr   Size   Decimal Bytes (Attributes)
--------------------------------   ----   ----   ------- ----- ------------
DSEG                               0000   0070 =    112. bytes (REL,CON)

      Value  Global
   --------  --------------------------------
     0018    LHW_set_32bit_reg_field$sloc0$1$0
     001A    LHW_set_32bit_reg_field$sloc1$1$0
     001E    LHW_set_32bit_reg_field$sloc2$1$0
     001F    LHW_set_16bit_reg_field$sloc0$1$0
     0020    LWD_init$sloc0$1$0
     0024    LUART_init$sloc0$1$0
     0025    LUART_init$sloc1$1$0
     0027    LUART_init$sloc2$1$0
     0029    LUART_init$sloc3$1$0
     002B    LUART_send$sloc0$1$0
     002E    LUART_send$sloc1$1$0
     0031    LUART_fill_tx_fifo$sloc0$1$0
     0034    LUART_fill_tx_fifo$sloc1$1$0
     0037    LUART_get_rx$sloc0$1$0
     003A    LUART_get_rx$sloc1$1$0
     003D    LUART_polled_tx_string$sloc0$1$0
     003F    LUART_polled_tx_string$sloc1$1$0
     0043    LTMR_init$sloc0$1$0
     0047    LTMR_init$sloc1$1$0
     0049    LGPIO_set_outputs$sloc1$1$0
     004D    LGPIO_set_outputs$sloc2$1$0
     0051    LGPIO_set_output$sloc0$1$0
     0055    LGPIO_set_output$sloc2$1$0
     0059    LGPIO_clear_irq$sloc0$1$0

Hexadecimal

Area                               Addr   Size   Decimal Bytes (Attributes)
--------------------------------   ----   ----   ------- ----- ------------
OSEG                               0018   0000 =      0. bytes (REL,OVR)

Hexadecimal

Area                               Addr   Size   Decimal Bytes (Attributes)
--------------------------------   ----   ----   ------- ----- ------------
ISEG                               0000   0000 =      0. bytes (REL,CON)

Hexadecimal

Area                               Addr   Size   Decimal Bytes (Attributes)
--------------------------------   ----   ----   ------- ----- ------------
SSEG                               0000   00A3 =    163. bytes (REL,OVR)

      Value  Global
   --------  --------------------------------
     005D    __start__stack

Hexadecimal

Area                               Addr   Size   Decimal Bytes (Attributes)
--------------------------------   ----   ----   ------- ----- ------------
RSEG                               005D   0016 =     22. bytes (REL,CON)

      Value  Global
   --------  --------------------------------
     005D    _SP
     005E    _DPL
     005F    _DPH
     0060    _DPL1
     0061    _DPH1
     0062    _DPS
     0063    _XWB1
     0064    _XWB2
     0065    _XWB3
     0066    _XRB1
     0067    _XRB2
     0068    _XRB3
     0069    _PSW
     006A    _ACC
     006B    _B
     006C    _CY
     006D    _AC
     006E    _F0
     006F    _RS1
     0070    _RS0
     0071    _OV
     0072    _P

Hexadecimal

Area                               Addr   Size   Decimal Bytes (Attributes)
--------------------------------   ----   ----   ------- ----- ------------
PSEG                               0000   0000 =      0. bytes (REL,CON,PAG,XDATA)

Hexadecimal

Area                               Addr   Size   Decimal Bytes (Attributes)
--------------------------------   ----   ----   ------- ----- ------------
XSEG                               0000   0840 =   2112. bytes (REL,CON,XDATA)

      Value  Global
   --------  --------------------------------
  0D:0000    G$g_gpio$0$0
  0D:0000    _g_gpio
  0D:0003    G$g_uart0$0$0
  0D:0003    _g_uart0
  0D:0006    G$g_wd$0$0
  0D:0006    _g_wd
  0D:0008    Lmain$uart_msg$1$1
  0D:0027    Lmain$linefeed$1$1
  0D:002A    Lwait$time_in_ms$1$1
  0D:002C    Lwait$i$1$1
  0D:002E    LHAL_assert_fail$line_no$1$1
  0D:002E    _HAL_assert_fail_PARM_2
  0D:0032    LHAL_assert_fail$file_name$1$1
  0D:0035    LHAL_assert_fail$assert_file$2$2
  0D:0038    LHAL_assert_fail$assert_line$2$2
  0D:003C    LHAL_assert_fail$dummy$2$2
  0D:0049    _HW_set_16bit_reg_PARM_2
  0D:004B    _HW_set_8bit_reg_PARM_2
  0D:004C    _HW_set_32bit_reg_PARM_2
  0D:0050    LHW_set_32bit_reg_field$shift$1$1
  0D:0050    _HW_set_32bit_reg_field_PARM_2
  0D:0051    LHW_set_32bit_reg_field$mask$1$1
  0D:0051    _HW_set_32bit_reg_field_PARM_3
  0D:0055    LHW_set_32bit_reg_field$value$1$1
  0D:0055    _HW_set_32bit_reg_field_PARM_4
  0D:0059    LHW_set_32bit_reg_field$reg_addr$1$1
  0D:005B    LHW_set_32bit_reg_field$temp32$1$1
  0D:005F    LHW_get_32bit_reg_field$shift$1$1
  0D:005F    _HW_get_32bit_reg_field_PARM_2
  0D:0060    LHW_get_32bit_reg_field$mask$1$1
  0D:0060    _HW_get_32bit_reg_field_PARM_3
  0D:0064    LHW_get_32bit_reg_field$reg_addr$1$1
  0D:0066    LHW_get_32bit_reg_field$temp32$1$1
  0D:006A    LHW_set_16bit_reg_field$shift$1$1
  0D:006A    _HW_set_16bit_reg_field_PARM_2
  0D:006B    LHW_set_16bit_reg_field$mask$1$1
  0D:006B    _HW_set_16bit_reg_field_PARM_3
  0D:006D    LHW_set_16bit_reg_field$in_value16$1$1
  0D:006D    _HW_set_16bit_reg_field_PARM_4
  0D:006F    LHW_set_16bit_reg_field$reg_addr$1$1
  0D:0071    LHW_set_16bit_reg_field$temp16$1$1
  0D:0073    LHW_get_16bit_reg_field$shift$1$1
  0D:0073    _HW_get_16bit_reg_field_PARM_2
  0D:0074    LHW_get_16bit_reg_field$mask$1$1
  0D:0074    _HW_get_16bit_reg_field_PARM_3
  0D:0076    LHW_get_16bit_reg_field$reg_addr$1$1
  0D:0078    LHW_get_16bit_reg_field$temp16$1$1
  0D:007A    LHW_set_8bit_reg_field$shift$1$1
  0D:007A    _HW_set_8bit_reg_field_PARM_2
  0D:007B    LHW_set_8bit_reg_field$mask$1$1
  0D:007B    _HW_set_8bit_reg_field_PARM_3
  0D:007C    LHW_set_8bit_reg_field$value$1$1
  0D:007C    _HW_set_8bit_reg_field_PARM_4
  0D:007D    LHW_set_8bit_reg_field$reg_addr$1$1
  0D:007F    LHW_set_8bit_reg_field$temp8$1$1
  0D:0080    LHW_get_8bit_reg_field$shift$1$1
  0D:0080    _HW_get_8bit_reg_field_PARM_2
  0D:0081    LHW_get_8bit_reg_field$mask$1$1
  0D:0081    _HW_get_8bit_reg_field_PARM_3
  0D:0082    LHW_get_8bit_reg_field$reg_addr$1$1
  0D:0084    LHW_get_8bit_reg_field$temp8$1$1
  0D:0085    F___drivers_CoreWatchdog_core_watchdog$NULL_instance$0$0
  0D:0088    LWD_init$base$1$1
  0D:0088    _WD_init_PARM_2
  0D:008A    LWD_init$value$1$1
  0D:008A    _WD_init_PARM_3
  0D:008E    LWD_init$scale$1$1
  0D:008E    _WD_init_PARM_4
  0D:0092    LWD_init$instance$1$1
  0D:0095    LWD_init$file_name$3$3
  0D:00BD    LWD_init$file_name$3$5
  0D:00E5    LWD_enable$instance$1$1
  0D:00E8    LWD_enable$file_name$3$3
  0D:0110    LWD_disable$instance$1$1
  0D:0113    LWD_disable$file_name$3$3
  0D:013B    LWD_reload$instance$1$1
  0D:013E    LWD_reload$file_name$3$3
  0D:0166    LWD_current_value$instance$1$1
  0D:0169    LWD_current_value$file_name$3$3
  0D:0191    LUART_init$base_addr$1$1
  0D:0191    _UART_init_PARM_2
  0D:0193    LUART_init$baud_value$1$1
  0D:0193    _UART_init_PARM_3
  0D:0195    LUART_init$line_config$1$1
  0D:0195    _UART_init_PARM_4
  0D:0196    LUART_init$this_uart$1$1
  0D:0199    LUART_init$rx_full$1$1
  0D:019A    LUART_init$file_name$3$3
  0D:01C1    LUART_init$file_name$3$5
  0D:01E8    LUART_init$file_name$3$7
  0D:020F    LUART_init$file_name$5$11
  0D:0236    LUART_init$file_name$5$13
  0D:025D    LUART_init$rx_byte$3$14
  0D:025E    LUART_send$tx_buffer$1$1
  0D:025E    _UART_send_PARM_2
  0D:0261    LUART_send$tx_size$1$1
  0D:0261    _UART_send_PARM_3
  0D:0263    LUART_send$this_uart$1$1
  0D:0266    LUART_send$char_idx$1$1
  0D:0268    LUART_send$file_name$3$3
  0D:028F    LUART_send$file_name$3$5
  0D:02B6    LUART_send$file_name$3$7
  0D:02DD    LUART_fill_tx_fifo$tx_buffer$1$1
  0D:02DD    _UART_fill_tx_fifo_PARM_2
  0D:02E0    LUART_fill_tx_fifo$tx_size$1$1
  0D:02E0    _UART_fill_tx_fifo_PARM_3
  0D:02E2    LUART_fill_tx_fifo$this_uart$1$1
  0D:02E5    LUART_fill_tx_fifo$size_sent$1$1
  0D:02E7    LUART_fill_tx_fifo$file_name$3$3
  0D:030E    LUART_fill_tx_fifo$file_name$3$5
  0D:0335    LUART_fill_tx_fifo$file_name$3$7
  0D:035C    LUART_get_rx$rx_buffer$1$1
  0D:035C    _UART_get_rx_PARM_2
  0D:035F    LUART_get_rx$buff_size$1$1
  0D:035F    _UART_get_rx_PARM_3
  0D:0361    LUART_get_rx$this_uart$1$1
  0D:0364    LUART_get_rx$rx_full$1$1
  0D:0365    LUART_get_rx$rx_idx$1$1
  0D:0367    LUART_get_rx$file_name$3$3
  0D:038E    LUART_get_rx$file_name$3$5
  0D:03B5    LUART_get_rx$file_name$3$7
  0D:03DC    LUART_polled_tx_string$p_sz_string$1$1
  0D:03DC    _UART_polled_tx_string_PARM_2
  0D:03DF    LUART_polled_tx_string$this_uart$1$1
  0D:03E2    LUART_polled_tx_string$char_idx$1$1
  0D:03E6    LUART_polled_tx_string$file_name$3$3
  0D:040D    LUART_polled_tx_string$file_name$3$5
  0D:0434    LUART_get_rx_status$this_uart$1$1
  0D:0437    LUART_get_rx_status$status$1$1
  0D:0438    LUART_get_rx_status$file_name$3$3
  0D:045F    F___drivers_CoreTimer_core_timer$NULL_timer_instance$0$0
  0D:0462    LTMR_init$address$1$1
  0D:0462    _TMR_init_PARM_2
  0D:0464    LTMR_init$mode$1$1
  0D:0464    _TMR_init_PARM_3
  0D:0465    LTMR_init$prescale$1$1
  0D:0465    _TMR_init_PARM_4
  0D:0469    LTMR_init$load_value$1$1
  0D:0469    _TMR_init_PARM_5
  0D:046D    LTMR_init$this_timer$1$1
  0D:0470    LTMR_init$file_name$3$3
  0D:0492    LTMR_init$file_name$3$5
  0D:04B4    LTMR_init$file_name$3$7
  0D:04D6    LTMR_start$this_timer$1$1
  0D:04D9    LTMR_start$file_name$3$3
  0D:04FB    LTMR_stop$this_timer$1$1
  0D:04FE    LTMR_stop$file_name$3$3
  0D:0520    LTMR_enable_int$this_timer$1$1
  0D:0523    LTMR_enable_int$file_name$3$3
  0D:0545    LTMR_clear_int$this_timer$1$1
  0D:0548    LTMR_clear_int$file_name$3$3
  0D:056A    LTMR_current_value$this_timer$1$1
  0D:056D    LTMR_current_value$file_name$3$3
  0D:058F    LTMR_reload$load_value$1$1
  0D:058F    _TMR_reload_PARM_2
  0D:0593    LTMR_reload$this_timer$1$1
  0D:0596    LTMR_reload$file_name$3$3
  0D:05B8    LTMR_reload$file_name$3$5
  0D:05DA    LGPIO_init$base_addr$1$1
  0D:05DA    _GPIO_init_PARM_2
  0D:05DC    LGPIO_init$bus_width$1$1
  0D:05DC    _GPIO_init_PARM_3
  0D:05DD    LGPIO_init$this_gpio$1$1
  0D:05E0    LGPIO_init$i$1$1
  0D:05E1    LGPIO_init$cfg_reg_addr$1$1
  0D:05E3    LGPIO_init$file_name$4$5
  0D:0603    LGPIO_config$port_id$1$1
  0D:0603    _GPIO_config_PARM_2
  0D:0604    LGPIO_config$config$1$1
  0D:0604    _GPIO_config_PARM_3
  0D:0608    LGPIO_config$this_gpio$1$1
  0D:060B    LGPIO_config$file_name$3$3
  0D:062B    LGPIO_config$file_name$4$6
  0D:064B    LGPIO_set_outputs$value$1$1
  0D:064B    _GPIO_set_outputs_PARM_2
  0D:064F    LGPIO_set_outputs$this_gpio$1$1
  0D:0652    LGPIO_set_outputs$file_name$4$4
  0D:0672    LGPIO_set_outputs$file_name$3$6
  0D:0692    LGPIO_get_inputs$this_gpio$1$1
  0D:0695    LGPIO_get_inputs$gpio_in$1$1
  0D:0699    LGPIO_get_inputs$file_name$4$4
  0D:06B9    LGPIO_get_outputs$this_gpio$1$1
  0D:06BC    LGPIO_get_outputs$gpio_out$1$1
  0D:06C0    LGPIO_get_outputs$file_name$4$4
  0D:06E0    LGPIO_set_output$port_id$1$1
  0D:06E0    _GPIO_set_output_PARM_2
  0D:06E1    LGPIO_set_output$value$1$1
  0D:06E1    _GPIO_set_output_PARM_3
  0D:06E2    LGPIO_set_output$this_gpio$1$1
  0D:06E5    LGPIO_set_output$file_name$3$3
  0D:0705    LGPIO_set_output$outputs_state$3$5
  0D:0709    LGPIO_set_output$file_name$5$9
  0D:0729    LGPIO_set_output$outputs_state$3$10
  0D:072B    LGPIO_set_output$file_name$5$14
  0D:074B    LGPIO_set_output$outputs_state$3$15
  0D:074C    LGPIO_set_output$file_name$5$19
  0D:076C    LGPIO_set_output$file_name$4$21
  0D:078C    LGPIO_drive_inout$port_id$1$1
  0D:078C    _GPIO_drive_inout_PARM_2
  0D:078D    LGPIO_drive_inout$inout_state$1$1
  0D:078D    _GPIO_drive_inout_PARM_3
  0D:078E    LGPIO_drive_inout$this_gpio$1$1
  0D:0791    LGPIO_drive_inout$file_name$3$3
  0D:07B1    LGPIO_drive_inout$file_name$4$6
  0D:07D1    LGPIO_enable_irq$port_id$1$1
  0D:07D1    _GPIO_enable_irq_PARM_2
  0D:07D2    LGPIO_enable_irq$this_gpio$1$1
  0D:07D5    LGPIO_enable_irq$file_name$3$3
  0D:07F5    LGPIO_disable_irq$port_id$1$1
  0D:07F5    _GPIO_disable_irq_PARM_2
  0D:07F6    LGPIO_disable_irq$this_gpio$1$1
  0D:07F9    LGPIO_disable_irq$file_name$3$3
  0D:0819    LGPIO_clear_irq$port_id$1$1
  0D:0819    _GPIO_clear_irq_PARM_2
  0D:081A    LGPIO_clear_irq$this_gpio$1$1
  0D:081D    LGPIO_clear_irq$file_name$4$4
  0D:083D    __gptrput_PARM_2
  0D:083E    __mulint_PARM_2

Hexadecimal

Area                               Addr   Size   Decimal Bytes (Attributes)
--------------------------------   ----   ----   ------- ----- ------------
XISEG                              0840   0000 =      0. bytes (REL,CON,XDATA)

Hexadecimal

Area                               Addr   Size   Decimal Bytes (Attributes)
--------------------------------   ----   ----   ------- ----- ------------
HOME                               0000   0008 =      8. bytes (REL,CON,CODE)

      Value  Global
   --------  --------------------------------
  0C:0000    A$main$106
  0C:0003    A$main$128
  0C:0003    __sdcc_program_startup
  0C:0006    A$main$130

Hexadecimal

Area                               Addr   Size   Decimal Bytes (Attributes)
--------------------------------   ----   ----   ------- ----- ------------
GSINIT0                            0008   0003 =      3. bytes (REL,CON,CODE)

      Value  Global
   --------  --------------------------------
  0C:0008    __sdcc_gsinit_startup

Hexadecimal

Area                               Addr   Size   Decimal Bytes (Attributes)
--------------------------------   ----   ----   ------- ----- ------------
GSINIT1                            000B   0000 =      0. bytes (REL,CON,CODE)

Hexadecimal

Area                               Addr   Size   Decimal Bytes (Attributes)
--------------------------------   ----   ----   ------- ----- ------------
GSINIT2                            000B   000A =     10. bytes (REL,CON,CODE)

Hexadecimal

Area                               Addr   Size   Decimal Bytes (Attributes)
--------------------------------   ----   ----   ------- ----- ------------
GSINIT3                            0015   0022 =     34. bytes (REL,CON,CODE)

      Value  Global
   --------  --------------------------------
  0C:0015    __mcs51_genXINIT

Hexadecimal

Area                               Addr   Size   Decimal Bytes (Attributes)
--------------------------------   ----   ----   ------- ----- ------------
GSINIT4                            0037   0028 =     40. bytes (REL,CON,CODE)

      Value  Global
   --------  --------------------------------
  0C:0037    __mcs51_genRAMCLEAR
  0C:003D    __mcs51_genXRAMCLEAR

Hexadecimal

Area                               Addr   Size   Decimal Bytes (Attributes)
--------------------------------   ----   ----   ------- ----- ------------
GSINIT5                            005F   0000 =      0. bytes (REL,CON,CODE)

Hexadecimal

Area                               Addr   Size   Decimal Bytes (Attributes)
--------------------------------   ----   ----   ------- ----- ------------
GSINIT                             005F   0000 =      0. bytes (REL,CON,CODE)

Hexadecimal

Area                               Addr   Size   Decimal Bytes (Attributes)
--------------------------------   ----   ----   ------- ----- ------------
GSFINAL                            005F   0003 =      3. bytes (REL,CON,CODE)

      Value  Global
   --------  --------------------------------
  0C:005F    A$main$121

Hexadecimal

Area                               Addr   Size   Decimal Bytes (Attributes)
--------------------------------   ----   ----   ------- ----- ------------
CSEG                               0062   5C4B =  23627. bytes (REL,CON,CODE)

      Value  Global
   --------  --------------------------------
  0C:0062    A$main$160
  0C:0062    C$main.c$54$0$0
  0C:0062    C$main.c$56$1$0
  0C:0062    G$main$0$0
  0C:0062    _main
  0C:0065    A$main$161
  0C:0067    A$main$162
  0C:0068    A$main$165
  0C:006B    A$main$166
  0C:006D    A$main$167
  0C:006E    A$main$170
  0C:0071    A$main$171
  0C:0073    A$main$172
  0C:0074    A$main$175
  0C:0077    A$main$176
  0C:0079    A$main$177
  0C:007A    A$main$180
  0C:007D    A$main$181
  0C:007F    A$main$182
  0C:0080    A$main$185
  0C:0083    A$main$186
  0C:0085    A$main$187
  0C:0086    A$main$190
  0C:0089    A$main$191
  0C:008B    A$main$192
  0C:008C    A$main$195
  0C:008F    A$main$196
  0C:0091    A$main$197
  0C:0092    A$main$200
  0C:0095    A$main$201
  0C:0097    A$main$202
  0C:0098    A$main$205
  0C:009B    A$main$206
  0C:009D    A$main$207
  0C:009E    A$main$210
  0C:00A1    A$main$211
  0C:00A3    A$main$212
  0C:00A4    A$main$215
  0C:00A7    A$main$216
  0C:00A9    A$main$217
  0C:00AA    A$main$220
  0C:00AD    A$main$221
  0C:00AF    A$main$222
  0C:00B0    A$main$225
  0C:00B3    A$main$226
  0C:00B5    A$main$227
  0C:00B6    A$main$230
  0C:00B9    A$main$231
  0C:00BB    A$main$232
  0C:00BC    A$main$235
  0C:00BF    A$main$236
  0C:00C1    A$main$237
  0C:00C2    A$main$240
  0C:00C5    A$main$241
  0C:00C7    A$main$242
  0C:00C8    A$main$245
  0C:00CB    A$main$246
  0C:00CD    A$main$247
  0C:00CE    A$main$250
  0C:00D1    A$main$251
  0C:00D3    A$main$252
  0C:00D4    A$main$255
  0C:00D7    A$main$256
  0C:00D9    A$main$257
  0C:00DA    A$main$260
  0C:00DD    A$main$261
  0C:00DF    A$main$262
  0C:00E0    A$main$265
  0C:00E3    A$main$266
  0C:00E5    A$main$267
  0C:00E6    A$main$270
  0C:00E9    A$main$271
  0C:00EB    A$main$272
  0C:00EC    A$main$275
  0C:00EF    A$main$276
  0C:00F1    A$main$277
  0C:00F2    A$main$280
  0C:00F5    A$main$281
  0C:00F7    A$main$282
  0C:00F8    A$main$285
  0C:00FB    A$main$286
  0C:00FD    A$main$287
  0C:00FE    A$main$290
  0C:0101    A$main$291
  0C:0103    A$main$292
  0C:0104    A$main$295
  0C:0107    A$main$296
  0C:0109    A$main$297
  0C:010A    A$main$300
  0C:010D    A$main$301
  0C:010F    A$main$302
  0C:0110    A$main$305
  0C:0113    A$main$306
  0C:0115    A$main$307
  0C:0116    A$main$310
  0C:0119    A$main$311
  0C:011B    A$main$312
  0C:011C    A$main$317
  0C:011C    C$main.c$57$1$0
  0C:011F    A$main$318
  0C:0121    A$main$319
  0C:0122    A$main$322
  0C:0125    A$main$323
  0C:0127    A$main$324
  0C:0128    A$main$327
  0C:012B    A$main$328
  0C:012D    A$main$329
  0C:012E    A$main$333
  0C:012E    C$main.c$62$1$1
  0C:0131    A$main$334
  0C:0133    A$main$335
  0C:0134    A$main$336
  0C:0135    A$main$337
  0C:0137    A$main$338
  0C:0138    A$main$340
  0C:013B    A$main$341
  0C:013D    A$main$342
  0C:013E    A$main$343
  0C:013F    A$main$344
  0C:0140    A$main$345
  0C:0141    A$main$347
  0C:0144    A$main$348
  0C:0146    A$main$349
  0C:0147    A$main$351
  0C:014A    A$main$352
  0C:014D    A$main$353
  0C:0150    A$main$354
  0C:0153    A$main$358
  0C:0153    C$main.c$64$1$1
  0C:0156    A$main$359
  0C:0158    A$main$360
  0C:0159    A$main$361
  0C:015A    A$main$362
  0C:015C    A$main$363
  0C:015D    A$main$365
  0C:0160    A$main$366
  0C:0162    A$main$367
  0C:0163    A$main$368
  0C:0164    A$main$369
  0C:0166    A$main$370
  0C:0167    A$main$371
  0C:0168    A$main$372
  0C:016A    A$main$373
  0C:016B    A$main$374
  0C:016C    A$main$375
  0C:016E    A$main$376
  0C:016F    A$main$378
  0C:0172    A$main$379
  0C:0174    A$main$380
  0C:0175    A$main$381
  0C:0176    A$main$382
  0C:0177    A$main$383
  0C:0178    A$main$384
  0C:0179    A$main$385
  0C:017A    A$main$386
  0C:017B    A$main$387
  0C:017C    A$main$389
  0C:017F    A$main$390
  0C:0182    A$main$391
  0C:0185    A$main$392
  0C:0188    A$main$396
  0C:0188    C$main.c$65$1$1
  0C:018B    A$main$397
  0C:018E    A$main$398
  0C:0191    A$main$399
  0C:0194    A$main$403
  0C:0194    C$main.c$67$1$1
  0C:0197    A$main$404
  0C:0199    A$main$405
  0C:019A    A$main$406
  0C:019B    A$main$407
  0C:019D    A$main$408
  0C:019E    A$main$410
  0C:01A1    A$main$411
  0C:01A3    A$main$412
  0C:01A4    A$main$414
  0C:01A7    A$main$415
  0C:01AA    A$main$416
  0C:01AD    A$main$417
  0C:01B0    A$main$421
  0C:01B0    C$main.c$71$1$1
  0C:01B3    A$main$422
  0C:01B5    A$main$423
  0C:01B6    A$main$425
  0C:01B9    A$main$426
  0C:01BB    A$main$427
  0C:01BC    A$main$428
  0C:01BD    A$main$429
  0C:01BE    A$main$430
  0C:01BF    A$main$431
  0C:01C0    A$main$432
  0C:01C1    A$main$433
  0C:01C2    A$main$434
  0C:01C3    A$main$436
  0C:01C6    A$main$437
  0C:01C9    A$main$438
  0C:01CC    A$main$439
  0C:01CF    A$main$443
  0C:01CF    C$main.c$73$1$1
  0C:01D2    A$main$444
  0C:01D4    A$main$445
  0C:01D5    A$main$447
  0C:01D8    A$main$448
  0C:01DA    A$main$449
  0C:01DB    A$main$450
  0C:01DC    A$main$451
  0C:01DD    A$main$452
  0C:01DE    A$main$453
  0C:01DF    A$main$454
  0C:01E0    A$main$455
  0C:01E1    A$main$456
  0C:01E2    A$main$458
  0C:01E5    A$main$459
  0C:01E8    A$main$460
  0C:01EB    A$main$461
  0C:01EE    A$main$465
  0C:01EE    C$main.c$75$1$1
  0C:01F1    A$main$466
  0C:01F3    A$main$467
  0C:01F4    A$main$469
  0C:01F7    A$main$470
  0C:01F9    A$main$471
  0C:01FA    A$main$472
  0C:01FB    A$main$473
  0C:01FC    A$main$474
  0C:01FD    A$main$475
  0C:01FE    A$main$476
  0C:01FF    A$main$477
  0C:0200    A$main$478
  0C:0201    A$main$480
  0C:0204    A$main$481
  0C:0207    A$main$482
  0C:020A    A$main$483
  0C:020D    A$main$487
  0C:020D    C$main.c$77$1$1
  0C:0210    A$main$488
  0C:0212    A$main$489
  0C:0213    A$main$491
  0C:0216    A$main$492
  0C:0218    A$main$493
  0C:0219    A$main$494
  0C:021A    A$main$495
  0C:021B    A$main$496
  0C:021C    A$main$497
  0C:021D    A$main$498
  0C:021E    A$main$499
  0C:021F    A$main$500
  0C:0220    A$main$502
  0C:0223    A$main$503
  0C:0226    A$main$504
  0C:0229    A$main$505
  0C:022C    A$main$509
  0C:022C    C$main.c$79$1$1
  0C:022F    A$main$510
  0C:0231    A$main$511
  0C:0232    A$main$513
  0C:0235    A$main$514
  0C:0237    A$main$515
  0C:0238    A$main$516
  0C:0239    A$main$517
  0C:023A    A$main$518
  0C:023B    A$main$519
  0C:023C    A$main$520
  0C:023D    A$main$521
  0C:023E    A$main$522
  0C:023F    A$main$524
  0C:0242    A$main$525
  0C:0245    A$main$526
  0C:0248    A$main$527
  0C:024B    A$main$531
  0C:024B    C$main.c$81$1$1
  0C:024E    A$main$532
  0C:0250    A$main$533
  0C:0251    A$main$535
  0C:0254    A$main$536
  0C:0256    A$main$537
  0C:0257    A$main$538
  0C:0258    A$main$539
  0C:0259    A$main$540
  0C:025A    A$main$541
  0C:025B    A$main$542
  0C:025C    A$main$543
  0C:025D    A$main$544
  0C:025E    A$main$546
  0C:0261    A$main$547
  0C:0264    A$main$548
  0C:0267    A$main$549
  0C:026A    A$main$553
  0C:026A    C$main.c$83$1$1
  0C:026D    A$main$554
  0C:026F    A$main$555
  0C:0270    A$main$557
  0C:0273    A$main$558
  0C:0275    A$main$559
  0C:0276    A$main$560
  0C:0277    A$main$561
  0C:0278    A$main$562
  0C:0279    A$main$563
  0C:027A    A$main$564
  0C:027B    A$main$565
  0C:027C    A$main$566
  0C:027D    A$main$568
  0C:0280    A$main$569
  0C:0283    A$main$570
  0C:0286    A$main$571
  0C:0289    A$main$575
  0C:0289    C$main.c$85$1$1
  0C:028C    A$main$576
  0C:028E    A$main$577
  0C:028F    A$main$579
  0C:0292    A$main$580
  0C:0294    A$main$581
  0C:0295    A$main$582
  0C:0296    A$main$583
  0C:0297    A$main$584
  0C:0298    A$main$585
  0C:0299    A$main$586
  0C:029A    A$main$587
  0C:029B    A$main$588
  0C:029C    A$main$590
  0C:029F    A$main$591
  0C:02A2    A$main$592
  0C:02A5    A$main$593
  0C:02A8    A$main$597
  0C:02A8    C$main.c$87$1$1
  0C:02AB    A$main$598
  0C:02AD    A$main$599
  0C:02AE    A$main$601
  0C:02B1    A$main$602
  0C:02B3    A$main$603
  0C:02B4    A$main$604
  0C:02B5    A$main$605
  0C:02B6    A$main$606
  0C:02B7    A$main$607
  0C:02B8    A$main$608
  0C:02B9    A$main$609
  0C:02BA    A$main$610
  0C:02BB    A$main$612
  0C:02BE    A$main$613
  0C:02C1    A$main$614
  0C:02C4    A$main$615
  0C:02C7    A$main$619
  0C:02C7    C$main.c$90$1$1
  0C:02CA    A$main$620
  0C:02CC    A$main$621
  0C:02CD    A$main$623
  0C:02D0    A$main$624
  0C:02D2    A$main$625
  0C:02D3    A$main$627
  0C:02D6    A$main$628
  0C:02D9    A$main$629
  0C:02DC    A$main$630
  0C:02DF    A$main$634
  0C:02DF    C$main.c$92$1$1
  0C:02E2    A$main$635
  0C:02E4    A$main$636
  0C:02E5    A$main$638
  0C:02E8    A$main$639
  0C:02EA    A$main$640
  0C:02EB    A$main$642
  0C:02EE    A$main$643
  0C:02F1    A$main$644
  0C:02F4    A$main$645
  0C:02F7    A$main$649
  0C:02F7    C$main.c$94$1$1
  0C:02FA    A$main$650
  0C:02FC    A$main$651
  0C:02FD    A$main$653
  0C:0300    A$main$654
  0C:0302    A$main$655
  0C:0303    A$main$657
  0C:0306    A$main$658
  0C:0309    A$main$659
  0C:030C    A$main$660
  0C:030F    A$main$664
  0C:030F    C$main.c$96$1$1
  0C:0312    A$main$665
  0C:0314    A$main$666
  0C:0315    A$main$668
  0C:0318    A$main$669
  0C:031A    A$main$670
  0C:031B    A$main$672
  0C:031E    A$main$673
  0C:0321    A$main$674
  0C:0324    A$main$675
  0C:0327    A$main$679
  0C:0327    C$main.c$98$1$1
  0C:032A    A$main$680
  0C:032C    A$main$681
  0C:032D    A$main$683
  0C:0330    A$main$684
  0C:0332    A$main$685
  0C:0333    A$main$687
  0C:0336    A$main$688
  0C:0339    A$main$689
  0C:033C    A$main$690
  0C:033F    A$main$694
  0C:033F    C$main.c$100$1$1
  0C:0342    A$main$695
  0C:0344    A$main$696
  0C:0345    A$main$698
  0C:0348    A$main$699
  0C:034A    A$main$700
  0C:034B    A$main$702
  0C:034E    A$main$703
  0C:0351    A$main$704
  0C:0354    A$main$705
  0C:0357    A$main$709
  0C:0357    C$main.c$102$1$1
  0C:035A    A$main$710
  0C:035C    A$main$711
  0C:035D    A$main$713
  0C:0360    A$main$714
  0C:0362    A$main$715
  0C:0363    A$main$717
  0C:0366    A$main$718
  0C:0369    A$main$719
  0C:036C    A$main$720
  0C:036F    A$main$724
  0C:036F    C$main.c$104$1$1
  0C:0372    A$main$725
  0C:0374    A$main$726
  0C:0375    A$main$728
  0C:0378    A$main$729
  0C:037A    A$main$730
  0C:037B    A$main$732
  0C:037E    A$main$733
  0C:0381    A$main$734
  0C:0384    A$main$735
  0C:0387    A$main$739
  0C:0387    C$main.c$106$1$1
  0C:038A    A$main$740
  0C:038C    A$main$741
  0C:038D    A$main$743
  0C:0390    A$main$744
  0C:0392    A$main$745
  0C:0393    A$main$747
  0C:0396    A$main$748
  0C:0399    A$main$749
  0C:039C    A$main$750
  0C:039F    A$main$754
  0C:039F    C$main.c$108$1$1
  0C:03A2    A$main$755
  0C:03A4    A$main$756
  0C:03A5    A$main$757
  0C:03A6    A$main$758
  0C:03A8    A$main$759
  0C:03A9    A$main$760
  0C:03AA    A$main$761
  0C:03AC    A$main$762
  0C:03AD    A$main$764
  0C:03B0    A$main$765
  0C:03B2    A$main$766
  0C:03B3    A$main$767
  0C:03B4    A$main$768
  0C:03B5    A$main$769
  0C:03B6    A$main$771
  0C:03B9    A$main$772
  0C:03BC    A$main$773
  0C:03BF    A$main$774
  0C:03C2    A$main$778
  0C:03C2    C$main.c$109$1$1
  0C:03C5    A$main$779
  0C:03C7    A$main$780
  0C:03C8    A$main$781
  0C:03C9    A$main$782
  0C:03CB    A$main$783
  0C:03CC    A$main$784
  0C:03CD    A$main$785
  0C:03CF    A$main$786
  0C:03D0    A$main$788
  0C:03D3    A$main$789
  0C:03D5    A$main$790
  0C:03D6    A$main$791
  0C:03D7    A$main$792
  0C:03D8    A$main$793
  0C:03D9    A$main$795
  0C:03DC    A$main$796
  0C:03DF    A$main$797
  0C:03E2    A$main$798
  0C:03E5    A$main$805
  0C:03E5    C$main.c$111$1$1
  0C:03E5    C$main.c$115$2$2
  0C:03E8    A$main$806
  0C:03EA    A$main$807
  0C:03EB    A$main$809
  0C:03EE    A$main$810
  0C:03F0    A$main$811
  0C:03F1    A$main$813
  0C:03F4    A$main$814
  0C:03F7    A$main$815
  0C:03FA    A$main$816
  0C:03FD    A$main$820
  0C:03FD    C$main.c$117$2$2
  0C:0400    A$main$821
  0C:0403    A$main$822
  0C:0406    A$main$826
  0C:0406    C$main.c$119$2$2
  0C:0409    A$main$827
  0C:040B    A$main$828
  0C:040C    A$main$830
  0C:040F    A$main$831
  0C:0411    A$main$832
  0C:0412    A$main$834
  0C:0415    A$main$835
  0C:0418    A$main$836
  0C:041B    A$main$837
  0C:041E    A$main$841
  0C:041E    C$main.c$121$2$2
  0C:0421    A$main$842
  0C:0423    A$main$843
  0C:0424    A$main$845
  0C:0427    A$main$846
  0C:0429    A$main$847
  0C:042A    A$main$849
  0C:042D    A$main$850
  0C:0430    A$main$851
  0C:0433    A$main$852
  0C:0436    A$main$856
  0C:0436    C$main.c$123$2$2
  0C:0439    A$main$857
  0C:043C    A$main$858
  0C:043F    A$main$862
  0C:043F    C$main.c$125$2$2
  0C:0442    A$main$863
  0C:0444    A$main$864
  0C:0445    A$main$866
  0C:0448    A$main$867
  0C:044A    A$main$868
  0C:044B    A$main$870
  0C:044E    A$main$871
  0C:0451    A$main$872
  0C:0454    A$main$873
  0C:0457    A$main$877
  0C:0457    C$main.c$127$2$2
  0C:045A    A$main$878
  0C:045C    A$main$879
  0C:045D    A$main$881
  0C:0460    A$main$882
  0C:0462    A$main$883
  0C:0463    A$main$885
  0C:0466    A$main$886
  0C:0469    A$main$887
  0C:046C    A$main$888
  0C:046F    A$main$892
  0C:046F    C$main.c$129$2$2
  0C:0472    A$main$893
  0C:0475    A$main$894
  0C:0478    A$main$898
  0C:0478    C$main.c$131$2$2
  0C:047B    A$main$899
  0C:047D    A$main$900
  0C:047E    A$main$902
  0C:0481    A$main$903
  0C:0483    A$main$904
  0C:0484    A$main$906
  0C:0487    A$main$907
  0C:048A    A$main$908
  0C:048D    A$main$909
  0C:0490    A$main$913
  0C:0490    C$main.c$133$2$2
  0C:0493    A$main$914
  0C:0495    A$main$915
  0C:0496    A$main$917
  0C:0499    A$main$918
  0C:049B    A$main$919
  0C:049C    A$main$921
  0C:049F    A$main$922
  0C:04A2    A$main$923
  0C:04A5    A$main$924
  0C:04A8    A$main$928
  0C:04A8    C$main.c$135$2$2
  0C:04AB    A$main$929
  0C:04AE    A$main$930
  0C:04B1    A$main$934
  0C:04B1    C$main.c$137$2$2
  0C:04B4    A$main$935
  0C:04B6    A$main$936
  0C:04B7    A$main$938
  0C:04BA    A$main$939
  0C:04BC    A$main$940
  0C:04BD    A$main$942
  0C:04C0    A$main$943
  0C:04C3    A$main$944
  0C:04C6    A$main$945
  0C:04C9    A$main$949
  0C:04C9    C$main.c$139$2$2
  0C:04CC    A$main$950
  0C:04CE    A$main$951
  0C:04CF    A$main$953
  0C:04D2    A$main$954
  0C:04D4    A$main$955
  0C:04D5    A$main$957
  0C:04D8    A$main$958
  0C:04DB    A$main$959
  0C:04DE    A$main$960
  0C:04E1    A$main$964
  0C:04E1    C$main.c$141$2$2
  0C:04E4    A$main$965
  0C:04E7    A$main$966
  0C:04EA    A$main$970
  0C:04EA    C$main.c$143$2$2
  0C:04ED    A$main$971
  0C:04EF    A$main$972
  0C:04F0    A$main$974
  0C:04F3    A$main$975
  0C:04F5    A$main$976
  0C:04F6    A$main$978
  0C:04F9    A$main$979
  0C:04FC    A$main$980
  0C:04FF    A$main$981
  0C:0502    A$main$985
  0C:0502    C$main.c$145$2$2
  0C:0505    A$main$986
  0C:0507    A$main$987
  0C:0508    A$main$989
  0C:050B    A$main$990
  0C:050D    A$main$991
  0C:050E    A$main$993
  0C:0511    A$main$994
  0C:0514    A$main$995
  0C:0517    A$main$996
  0C:051A    A$main$1000
  0C:051A    C$main.c$147$2$2
  0C:051D    A$main$1001
  0C:0520    A$main$1002
  0C:0523    A$main$1006
  0C:0523    C$main.c$149$2$2
  0C:0526    A$main$1007
  0C:0528    A$main$1008
  0C:0529    A$main$1010
  0C:052C    A$main$1011
  0C:052E    A$main$1012
  0C:052F    A$main$1014
  0C:0532    A$main$1015
  0C:0535    A$main$1016
  0C:0538    A$main$1017
  0C:053B    A$main$1021
  0C:053B    C$main.c$151$2$2
  0C:053E    A$main$1022
  0C:0540    A$main$1023
  0C:0541    A$main$1025
  0C:0544    A$main$1026
  0C:0546    A$main$1027
  0C:0547    A$main$1029
  0C:054A    A$main$1030
  0C:054D    A$main$1031
  0C:0550    A$main$1032
  0C:0553    A$main$1036
  0C:0553    C$main.c$153$2$2
  0C:0556    A$main$1037
  0C:0559    A$main$1038
  0C:055C    A$main$1042
  0C:055C    C$main.c$155$2$2
  0C:055F    A$main$1043
  0C:0561    A$main$1044
  0C:0562    A$main$1046
  0C:0565    A$main$1047
  0C:0567    A$main$1048
  0C:0568    A$main$1050
  0C:056B    A$main$1051
  0C:056E    A$main$1052
  0C:0571    A$main$1053
  0C:0574    A$main$1057
  0C:0574    C$main.c$157$2$2
  0C:0577    A$main$1058
  0C:0579    A$main$1059
  0C:057A    A$main$1061
  0C:057D    A$main$1062
  0C:057F    A$main$1063
  0C:0580    A$main$1065
  0C:0583    A$main$1066
  0C:0586    A$main$1067
  0C:0589    A$main$1068
  0C:058C    A$main$1072
  0C:058C    C$main.c$159$2$2
  0C:058F    A$main$1073
  0C:0592    A$main$1074
  0C:0595    A$main$1078
  0C:0595    C$main.c$161$2$2
  0C:0598    A$main$1079
  0C:059A    A$main$1080
  0C:059B    A$main$1082
  0C:059E    A$main$1083
  0C:05A0    A$main$1084
  0C:05A1    A$main$1086
  0C:05A4    A$main$1087
  0C:05A7    A$main$1088
  0C:05AA    A$main$1089
  0C:05AD    A$main$1093
  0C:05AD    C$main.c$163$2$2
  0C:05B0    A$main$1094
  0C:05B2    A$main$1095
  0C:05B3    A$main$1097
  0C:05B6    A$main$1098
  0C:05B8    A$main$1099
  0C:05B9    A$main$1101
  0C:05BC    A$main$1102
  0C:05BF    A$main$1103
  0C:05C2    A$main$1104
  0C:05C5    A$main$1108
  0C:05C5    C$main.c$165$2$2
  0C:05C8    A$main$1109
  0C:05CB    A$main$1110
  0C:05CE    A$main$1114
  0C:05CE    C$main.c$171$2$2
  0C:05D1    A$main$1115
  0C:05D3    A$main$1116
  0C:05D4    A$main$1118
  0C:05D7    A$main$1119
  0C:05D9    A$main$1120
  0C:05DA    A$main$1122
  0C:05DD    A$main$1123
  0C:05E0    A$main$1124
  0C:05E3    A$main$1125
  0C:05E6    A$main$1129
  0C:05E6    C$main.c$173$2$2
  0C:05E9    A$main$1130
  0C:05EB    A$main$1131
  0C:05EC    A$main$1133
  0C:05EF    A$main$1134
  0C:05F1    A$main$1135
  0C:05F2    A$main$1137
  0C:05F5    A$main$1138
  0C:05F8    A$main$1139
  0C:05FB    A$main$1140
  0C:05FE    A$main$1144
  0C:05FE    C$main.c$175$2$2
  0C:0601    A$main$1145
  0C:0604    A$main$1146
  0C:0607    A$main$1150
  0C:0607    C$main.c$177$2$2
  0C:060A    A$main$1151
  0C:060C    A$main$1152
  0C:060D    A$main$1154
  0C:0610    A$main$1155
  0C:0612    A$main$1156
  0C:0613    A$main$1158
  0C:0616    A$main$1159
  0C:0619    A$main$1160
  0C:061C    A$main$1161
  0C:061F    A$main$1165
  0C:061F    C$main.c$179$2$2
  0C:0622    A$main$1166
  0C:0624    A$main$1167
  0C:0625    A$main$1169
  0C:0628    A$main$1170
  0C:062A    A$main$1171
  0C:062B    A$main$1173
  0C:062E    A$main$1174
  0C:0631    A$main$1175
  0C:0634    A$main$1176
  0C:0637    A$main$1180
  0C:0637    C$main.c$181$2$2
  0C:063A    A$main$1181
  0C:063D    A$main$1182
  0C:0640    A$main$1186
  0C:0640    C$main.c$183$2$2
  0C:0643    A$main$1187
  0C:0645    A$main$1188
  0C:0646    A$main$1190
  0C:0649    A$main$1191
  0C:064B    A$main$1192
  0C:064C    A$main$1194
  0C:064F    A$main$1195
  0C:0652    A$main$1196
  0C:0655    A$main$1197
  0C:0658    A$main$1201
  0C:0658    C$main.c$185$2$2
  0C:065B    A$main$1202
  0C:065D    A$main$1203
  0C:065E    A$main$1205
  0C:0661    A$main$1206
  0C:0663    A$main$1207
  0C:0664    A$main$1209
  0C:0667    A$main$1210
  0C:066A    A$main$1211
  0C:066D    A$main$1212
  0C:0670    A$main$1216
  0C:0670    C$main.c$187$2$2
  0C:0673    A$main$1217
  0C:0676    A$main$1218
  0C:0679    A$main$1222
  0C:0679    C$main.c$189$2$2
  0C:067C    A$main$1223
  0C:067E    A$main$1224
  0C:067F    A$main$1226
  0C:0682    A$main$1227
  0C:0684    A$main$1228
  0C:0685    A$main$1230
  0C:0688    A$main$1231
  0C:068B    A$main$1232
  0C:068E    A$main$1233
  0C:0691    A$main$1237
  0C:0691    C$main.c$191$2$2
  0C:0694    A$main$1238
  0C:0696    A$main$1239
  0C:0697    A$main$1241
  0C:069A    A$main$1242
  0C:069C    A$main$1243
  0C:069D    A$main$1245
  0C:06A0    A$main$1246
  0C:06A3    A$main$1247
  0C:06A6    A$main$1248
  0C:06A9    A$main$1252
  0C:06A9    C$main.c$193$2$2
  0C:06AC    A$main$1253
  0C:06AF    A$main$1254
  0C:06B2    A$main$1258
  0C:06B2    C$main.c$195$2$2
  0C:06B5    A$main$1259
  0C:06B7    A$main$1260
  0C:06B8    A$main$1262
  0C:06BB    A$main$1263
  0C:06BD    A$main$1264
  0C:06BE    A$main$1266
  0C:06C1    A$main$1267
  0C:06C4    A$main$1268
  0C:06C7    A$main$1269
  0C:06CA    A$main$1273
  0C:06CA    C$main.c$197$2$2
  0C:06CD    A$main$1274
  0C:06CF    A$main$1275
  0C:06D0    A$main$1277
  0C:06D3    A$main$1278
  0C:06D5    A$main$1279
  0C:06D6    A$main$1281
  0C:06D9    A$main$1282
  0C:06DC    A$main$1283
  0C:06DF    A$main$1284
  0C:06E2    A$main$1288
  0C:06E2    C$main.c$199$2$2
  0C:06E5    A$main$1289
  0C:06E8    A$main$1290
  0C:06EB    A$main$1294
  0C:06EB    C$main.c$201$2$2
  0C:06EE    A$main$1295
  0C:06F0    A$main$1296
  0C:06F1    A$main$1298
  0C:06F4    A$main$1299
  0C:06F6    A$main$1300
  0C:06F7    A$main$1302
  0C:06FA    A$main$1303
  0C:06FD    A$main$1304
  0C:0700    A$main$1305
  0C:0703    A$main$1309
  0C:0703    C$main.c$203$2$2
  0C:0706    A$main$1310
  0C:0708    A$main$1311
  0C:0709    A$main$1313
  0C:070C    A$main$1314
  0C:070E    A$main$1315
  0C:070F    A$main$1317
  0C:0712    A$main$1318
  0C:0715    A$main$1319
  0C:0718    A$main$1320
  0C:071B    A$main$1324
  0C:071B    C$main.c$205$2$2
  0C:071E    A$main$1325
  0C:0721    A$main$1326
  0C:0724    A$main$1330
  0C:0724    C$main.c$207$2$2
  0C:0727    A$main$1331
  0C:0729    A$main$1332
  0C:072A    A$main$1334
  0C:072D    A$main$1335
  0C:072F    A$main$1336
  0C:0730    A$main$1338
  0C:0733    A$main$1339
  0C:0736    A$main$1340
  0C:0739    A$main$1341
  0C:073C    A$main$1345
  0C:073C    C$main.c$209$2$2
  0C:073F    A$main$1346
  0C:0741    A$main$1347
  0C:0742    A$main$1349
  0C:0745    A$main$1350
  0C:0747    A$main$1351
  0C:0748    A$main$1353
  0C:074B    A$main$1354
  0C:074E    A$main$1355
  0C:0751    A$main$1356
  0C:0754    A$main$1360
  0C:0754    C$main.c$211$2$2
  0C:0757    A$main$1361
  0C:075A    A$main$1362
  0C:075D    A$main$1366
  0C:075D    C$main.c$213$2$2
  0C:0760    A$main$1367
  0C:0762    A$main$1368
  0C:0763    A$main$1370
  0C:0766    A$main$1371
  0C:0768    A$main$1372
  0C:0769    A$main$1374
  0C:076C    A$main$1375
  0C:076F    A$main$1376
  0C:0772    A$main$1377
  0C:0775    A$main$1381
  0C:0775    C$main.c$215$2$2
  0C:0778    A$main$1382
  0C:077A    A$main$1383
  0C:077B    A$main$1385
  0C:077E    A$main$1386
  0C:0780    A$main$1387
  0C:0781    A$main$1389
  0C:0784    A$main$1390
  0C:0787    A$main$1391
  0C:078A    A$main$1392
  0C:078D    A$main$1396
  0C:078D    C$main.c$217$2$2
  0C:0790    A$main$1397
  0C:0793    A$main$1398
  0C:0796    A$main$1402
  0C:0796    C$main.c$219$2$2
  0C:0799    A$main$1403
  0C:079B    A$main$1404
  0C:079C    A$main$1406
  0C:079F    A$main$1407
  0C:07A1    A$main$1408
  0C:07A2    A$main$1410
  0C:07A5    A$main$1411
  0C:07A8    A$main$1412
  0C:07AB    A$main$1413
  0C:07AE    A$main$1417
  0C:07AE    C$main.c$221$2$2
  0C:07B1    A$main$1418
  0C:07B4    A$main$1419
  0C:07B7    A$main$1420
  0C:07BA    A$main$1424
  0C:07BA    C$main.c$225$1$1
  0C:07BA    XG$main$0$0
  0C:07BB    A$main$1439
  0C:07BB    C$main.c$229$1$1
  0C:07BB    G$wait$0$0
  0C:07BB    _wait
  0C:07BD    A$main$1440
  0C:07BF    A$main$1441
  0C:07C2    A$main$1442
  0C:07C3    A$main$1443
  0C:07C4    A$main$1444
  0C:07C5    A$main$1445
  0C:07C6    A$main$1449
  0C:07C6    C$main.c$234$1$1
  0C:07C9    A$main$1450
  0C:07CA    A$main$1451
  0C:07CB    A$main$1452
  0C:07CC    A$main$1453
  0C:07CD    A$main$1455
  0C:07D0    A$main$1456
  0C:07D1    A$main$1457
  0C:07D2    A$main$1458
  0C:07D3    A$main$1459
  0C:07D4    A$main$1460
  0C:07D5    A$main$1462
  0C:07D8    A$main$1463
  0C:07D9    A$main$1464
  0C:07DA    A$main$1465
  0C:07DB    A$main$1466
  0C:07DC    A$main$1467
  0C:07DD    A$main$1469
  0C:07E0    A$main$1470
  0C:07E3    A$main$1471
  0C:07E6    A$main$1472
  0C:07E8    A$main$1473
  0C:07EA    A$main$1476
  0C:07ED    A$main$1477
  0C:07EE    A$main$1478
  0C:07EF    A$main$1479
  0C:07F0    A$main$1480
  0C:07F1    A$main$1481
  0C:07F2    A$main$1484
  0C:07F3    A$main$1485
  0C:07F4    A$main$1486
  0C:07F5    A$main$1487
  0C:07F6    A$main$1488
  0C:07F8    A$main$1489
  0C:07FA    A$main$1490
  0C:07FD    A$main$1491
  0C:07FF    A$main$1493
  0C:0801    A$main$1494
  0C:0804    A$main$1497
  0C:0807    A$main$1499
  0C:0809    A$main$1500
  0C:080B    A$main$1501
  0C:080C    A$main$1502
  0C:080E    A$main$1503
  0C:0810    A$main$1504
  0C:0811    A$main$1505
  0C:0812    A$main$1506
  0C:0815    A$main$1510
  0C:0815    C$main.c$239$1$1
  0C:0815    XG$wait$0$0
  0C:0816    A$hal_assert$126
  0C:0816    C$hal_assert.c$111$0$0
  0C:0816    G$HAL_assert_fail$0$0
  0C:0816    _HAL_assert_fail
  0C:0818    A$hal_assert$127
  0C:081A    A$hal_assert$128
  0C:081C    A$hal_assert$129
  0C:081F    A$hal_assert$130
  0C:0820    A$hal_assert$131
  0C:0821    A$hal_assert$132
  0C:0822    A$hal_assert$133
  0C:0823    A$hal_assert$134
  0C:0824    A$hal_assert$135
  0C:0825    A$hal_assert$136
  0C:0826    A$hal_assert$143
  0C:0826    C$hal_assert.c$117$1$1
  0C:0826    C$hal_assert.c$119$2$1
  0C:0829    A$hal_assert$144
  0C:082A    A$hal_assert$145
  0C:082B    A$hal_assert$146
  0C:082C    A$hal_assert$147
  0C:082D    A$hal_assert$148
  0C:082E    A$hal_assert$149
  0C:082F    A$hal_assert$150
  0C:0830    A$hal_assert$151
  0C:0831    A$hal_assert$153
  0C:0834    A$hal_assert$154
  0C:0835    A$hal_assert$155
  0C:0836    A$hal_assert$156
  0C:0837    A$hal_assert$157
  0C:0838    A$hal_assert$158
  0C:0839    A$hal_assert$159
  0C:083A    A$hal_assert$160
  0C:083B    A$hal_assert$161
  0C:083C    A$hal_assert$165
  0C:083C    C$hal_assert.c$120$2$1
  0C:083F    A$hal_assert$166
  0C:0840    A$hal_assert$167
  0C:0841    A$hal_assert$168
  0C:0842    A$hal_assert$169
  0C:0843    A$hal_assert$170
  0C:0844    A$hal_assert$171
  0C:0845    A$hal_assert$172
  0C:0846    A$hal_assert$173
  0C:0847    A$hal_assert$174
  0C:0848    A$hal_assert$175
  0C:0849    A$hal_assert$176
  0C:084A    A$hal_assert$178
  0C:084D    A$hal_assert$179
  0C:084E    A$hal_assert$180
  0C:084F    A$hal_assert$181
  0C:0850    A$hal_assert$182
  0C:0851    A$hal_assert$183
  0C:0852    A$hal_assert$184
  0C:0853    A$hal_assert$185
  0C:0854    A$hal_assert$186
  0C:0855    A$hal_assert$187
  0C:0856    A$hal_assert$188
  0C:0857    A$hal_assert$189
  0C:0858    A$hal_assert$193
  0C:0858    C$hal_assert.c$121$2$2
  0C:085B    A$hal_assert$194
  0C:085C    A$hal_assert$195
  0C:085D    A$hal_assert$196
  0C:085E    A$hal_assert$197
  0C:085F    A$hal_assert$198
  0C:0860    A$hal_assert$199
  0C:0861    A$hal_assert$200
  0C:0862    A$hal_assert$201
  0C:0863    A$hal_assert$204
  0C:0865    A$hal_assert$205
  0C:0867    A$hal_assert$206
  0C:0869    A$hal_assert$207
  0C:086C    A$hal_assert$208
  0C:086D    A$hal_assert$210
  0C:0870    A$hal_assert$211
  0C:0871    A$hal_assert$212
  0C:0872    A$hal_assert$213
  0C:0875    A$hal_assert$217
  0C:0875    C$hal_assert.c$123$1$1
  0C:0875    XG$HAL_assert_fail$0$0
  0C:0876    G$HW_get_32bit_reg$0$0
  0C:0876    _HW_get_32bit_reg
  0C:0881    XG$HW_get_32bit_reg$0$0
  0C:0882    G$HW_set_32bit_reg$0$0
  0C:0882    _HW_set_32bit_reg
  0C:089D    XG$HW_set_32bit_reg$0$0
  0C:089E    G$HW_set_16bit_reg$0$0
  0C:089E    _HW_set_16bit_reg
  0C:08B1    XG$HW_set_16bit_reg$0$0
  0C:08B2    G$HW_get_16bit_reg$0$0
  0C:08B2    _HW_get_16bit_reg
  0C:08B8    XG$HW_get_16bit_reg$0$0
  0C:08B9    G$HW_set_8bit_reg$0$0
  0C:08B9    _HW_set_8bit_reg
  0C:08C6    XG$HW_set_8bit_reg$0$0
  0C:08C7    G$HW_get_8bit_reg$0$0
  0C:08C7    _HW_get_8bit_reg
  0C:08CA    XG$HW_get_8bit_reg$0$0
  0C:08CB    G$HAL_enable_interrupts$0$0
  0C:08CB    _HAL_enable_interrupts
  0C:08CE    XG$HAL_enable_interrupts$0$0
  0C:08CF    G$HAL_disable_interrupts$0$0
  0C:08CF    _HAL_disable_interrupts
  0C:08D5    XG$HAL_disable_interrupts$0$0
  0C:08D6    G$HAL_restore_interrupts$0$0
  0C:08D6    _HAL_restore_interrupts
  0C:08D9    XG$HAL_restore_interrupts$0$0
  0C:08DA    A$hw_reg_access$226
  0C:08DA    C$hw_reg_access.c$16$0$0
  0C:08DA    G$HW_set_32bit_reg_field$0$0
  0C:08DA    _HW_set_32bit_reg_field
  0C:08DC    A$hw_reg_access$227
  0C:08DE    A$hw_reg_access$228
  0C:08E1    A$hw_reg_access$229
  0C:08E2    A$hw_reg_access$230
  0C:08E3    A$hw_reg_access$231
  0C:08E4    A$hw_reg_access$232
  0C:08E5    A$hw_reg_access$236
  0C:08E5    C$hw_reg_access.c$25$1$1
  0C:08E8    A$hw_reg_access$237
  0C:08E9    A$hw_reg_access$238
  0C:08EB    A$hw_reg_access$239
  0C:08EC    A$hw_reg_access$240
  0C:08ED    A$hw_reg_access$241
  0C:08EF    A$hw_reg_access$243
  0C:08F2    A$hw_reg_access$244
  0C:08F5    A$hw_reg_access$245
  0C:08F8    A$hw_reg_access$246
  0C:08FA    A$hw_reg_access$247
  0C:08FC    A$hw_reg_access$248
  0C:08FE    A$hw_reg_access$249
  0C:08FF    A$hw_reg_access$251
  0C:0902    A$hw_reg_access$252
  0C:0903    A$hw_reg_access$253
  0C:0904    A$hw_reg_access$254
  0C:0905    A$hw_reg_access$255
  0C:0906    A$hw_reg_access$256
  0C:0907    A$hw_reg_access$257
  0C:0908    A$hw_reg_access$258
  0C:0909    A$hw_reg_access$259
  0C:090A    A$hw_reg_access$260
  0C:090B    A$hw_reg_access$261
  0C:090C    A$hw_reg_access$262
  0C:090D    A$hw_reg_access$266
  0C:090D    C$hw_reg_access.c$26$1$1
  0C:0910    A$hw_reg_access$267
  0C:0911    A$hw_reg_access$268
  0C:0912    A$hw_reg_access$269
  0C:0913    A$hw_reg_access$270
  0C:0914    A$hw_reg_access$271
  0C:0915    A$hw_reg_access$272
  0C:0916    A$hw_reg_access$273
  0C:0917    A$hw_reg_access$274
  0C:0918    A$hw_reg_access$275
  0C:0919    A$hw_reg_access$276
  0C:091A    A$hw_reg_access$277
  0C:091B    A$hw_reg_access$279
  0C:091C    A$hw_reg_access$280
  0C:091D    A$hw_reg_access$281
  0C:091F    A$hw_reg_access$282
  0C:0920    A$hw_reg_access$283
  0C:0921    A$hw_reg_access$284
  0C:0923    A$hw_reg_access$285
  0C:0924    A$hw_reg_access$286
  0C:0925    A$hw_reg_access$287
  0C:0927    A$hw_reg_access$288
  0C:0928    A$hw_reg_access$289
  0C:0929    A$hw_reg_access$290
  0C:092B    A$hw_reg_access$292
  0C:092E    A$hw_reg_access$293
  0C:092F    A$hw_reg_access$294
  0C:0930    A$hw_reg_access$295
  0C:0931    A$hw_reg_access$296
  0C:0932    A$hw_reg_access$297
  0C:0933    A$hw_reg_access$298
  0C:0934    A$hw_reg_access$299
  0C:0935    A$hw_reg_access$300
  0C:0936    A$hw_reg_access$301
  0C:0937    A$hw_reg_access$302
  0C:0938    A$hw_reg_access$303
  0C:0939    A$hw_reg_access$305
  0C:093A    A$hw_reg_access$306
  0C:093C    A$hw_reg_access$307
  0C:093D    A$hw_reg_access$308
  0C:093F    A$hw_reg_access$309
  0C:0940    A$hw_reg_access$310
  0C:0942    A$hw_reg_access$311
  0C:0943    A$hw_reg_access$312
  0C:0945    A$hw_reg_access$314
  0C:0948    A$hw_reg_access$315
  0C:0949    A$hw_reg_access$316
  0C:094B    A$hw_reg_access$318
  0C:094E    A$hw_reg_access$319
  0C:094F    A$hw_reg_access$320
  0C:0950    A$hw_reg_access$321
  0C:0951    A$hw_reg_access$322
  0C:0952    A$hw_reg_access$323
  0C:0953    A$hw_reg_access$324
  0C:0954    A$hw_reg_access$325
  0C:0955    A$hw_reg_access$326
  0C:0956    A$hw_reg_access$327
  0C:0957    A$hw_reg_access$328
  0C:0958    A$hw_reg_access$329
  0C:0959    A$hw_reg_access$331
  0C:095C    A$hw_reg_access$332
  0C:095E    A$hw_reg_access$333
  0C:0960    A$hw_reg_access$335
  0C:0961    A$hw_reg_access$336
  0C:0963    A$hw_reg_access$337
  0C:0964    A$hw_reg_access$338
  0C:0965    A$hw_reg_access$339
  0C:0966    A$hw_reg_access$340
  0C:0967    A$hw_reg_access$341
  0C:0968    A$hw_reg_access$342
  0C:0969    A$hw_reg_access$343
  0C:096A    A$hw_reg_access$344
  0C:096B    A$hw_reg_access$345
  0C:096C    A$hw_reg_access$346
  0C:096D    A$hw_reg_access$348
  0C:0970    A$hw_reg_access$350
  0C:0971    A$hw_reg_access$351
  0C:0973    A$hw_reg_access$352
  0C:0974    A$hw_reg_access$353
  0C:0976    A$hw_reg_access$354
  0C:0977    A$hw_reg_access$355
  0C:0979    A$hw_reg_access$356
  0C:097A    A$hw_reg_access$357
  0C:097C    A$hw_reg_access$359
  0C:097F    A$hw_reg_access$360
  0C:0980    A$hw_reg_access$361
  0C:0982    A$hw_reg_access$362
  0C:0983    A$hw_reg_access$363
  0C:0984    A$hw_reg_access$364
  0C:0986    A$hw_reg_access$365
  0C:0987    A$hw_reg_access$366
  0C:0988    A$hw_reg_access$367
  0C:0989    A$hw_reg_access$368
  0C:098B    A$hw_reg_access$369
  0C:098C    A$hw_reg_access$370
  0C:098D    A$hw_reg_access$371
  0C:098E    A$hw_reg_access$372
  0C:0990    A$hw_reg_access$373
  0C:0991    A$hw_reg_access$374
  0C:0992    A$hw_reg_access$378
  0C:0992    C$hw_reg_access.c$27$1$1
  0C:0995    A$hw_reg_access$379
  0C:0996    A$hw_reg_access$380
  0C:0997    A$hw_reg_access$381
  0C:0998    A$hw_reg_access$382
  0C:0999    A$hw_reg_access$383
  0C:099A    A$hw_reg_access$384
  0C:099B    A$hw_reg_access$385
  0C:099C    A$hw_reg_access$386
  0C:099D    A$hw_reg_access$387
  0C:099E    A$hw_reg_access$388
  0C:099F    A$hw_reg_access$389
  0C:09A0    A$hw_reg_access$391
  0C:09A3    A$hw_reg_access$392
  0C:09A4    A$hw_reg_access$393
  0C:09A5    A$hw_reg_access$394
  0C:09A6    A$hw_reg_access$395
  0C:09A7    A$hw_reg_access$396
  0C:09A8    A$hw_reg_access$397
  0C:09A9    A$hw_reg_access$398
  0C:09AA    A$hw_reg_access$399
  0C:09AB    A$hw_reg_access$400
  0C:09AC    A$hw_reg_access$401
  0C:09AD    A$hw_reg_access$402
  0C:09AE    A$hw_reg_access$404
  0C:09B1    A$hw_reg_access$405
  0C:09B4    A$hw_reg_access$406
  0C:09B7    A$hw_reg_access$410
  0C:09B7    C$hw_reg_access.c$28$1$1
  0C:09B7    XG$HW_set_32bit_reg_field$0$0
  0C:09B8    A$hw_reg_access$427
  0C:09B8    C$hw_reg_access.c$34$1$1
  0C:09B8    G$HW_get_32bit_reg_field$0$0
  0C:09B8    _HW_get_32bit_reg_field
  0C:09BA    A$hw_reg_access$428
  0C:09BC    A$hw_reg_access$429
  0C:09BF    A$hw_reg_access$430
  0C:09C0    A$hw_reg_access$431
  0C:09C1    A$hw_reg_access$432
  0C:09C2    A$hw_reg_access$433
  0C:09C3    A$hw_reg_access$437
  0C:09C3    C$hw_reg_access.c$42$1$1
  0C:09C6    A$hw_reg_access$438
  0C:09C7    A$hw_reg_access$439
  0C:09C8    A$hw_reg_access$440
  0C:09C9    A$hw_reg_access$441
  0C:09CA    A$hw_reg_access$442
  0C:09CB    A$hw_reg_access$444
  0C:09CD    A$hw_reg_access$445
  0C:09CF    A$hw_reg_access$446
  0C:09D2    A$hw_reg_access$447
  0C:09D4    A$hw_reg_access$448
  0C:09D6    A$hw_reg_access$449
  0C:09D8    A$hw_reg_access$450
  0C:09D9    A$hw_reg_access$452
  0C:09DC    A$hw_reg_access$453
  0C:09DD    A$hw_reg_access$454
  0C:09DE    A$hw_reg_access$455
  0C:09DF    A$hw_reg_access$456
  0C:09E0    A$hw_reg_access$457
  0C:09E1    A$hw_reg_access$458
  0C:09E2    A$hw_reg_access$459
  0C:09E3    A$hw_reg_access$460
  0C:09E4    A$hw_reg_access$461
  0C:09E5    A$hw_reg_access$462
  0C:09E6    A$hw_reg_access$463
  0C:09E7    A$hw_reg_access$465
  0C:09E8    A$hw_reg_access$466
  0C:09EA    A$hw_reg_access$467
  0C:09EB    A$hw_reg_access$468
  0C:09ED    A$hw_reg_access$469
  0C:09EE    A$hw_reg_access$470
  0C:09F0    A$hw_reg_access$471
  0C:09F1    A$hw_reg_access$472
  0C:09F3    A$hw_reg_access$474
  0C:09F6    A$hw_reg_access$475
  0C:09F7    A$hw_reg_access$476
  0C:09F8    A$hw_reg_access$478
  0C:09FA    A$hw_reg_access$479
  0C:09FC    A$hw_reg_access$480
  0C:09FE    A$hw_reg_access$482
  0C:09FF    A$hw_reg_access$483
  0C:0A00    A$hw_reg_access$484
  0C:0A01    A$hw_reg_access$485
  0C:0A02    A$hw_reg_access$486
  0C:0A03    A$hw_reg_access$487
  0C:0A04    A$hw_reg_access$488
  0C:0A05    A$hw_reg_access$489
  0C:0A06    A$hw_reg_access$490
  0C:0A07    A$hw_reg_access$491
  0C:0A08    A$hw_reg_access$492
  0C:0A09    A$hw_reg_access$493
  0C:0A0A    A$hw_reg_access$494
  0C:0A0B    A$hw_reg_access$496
  0C:0A0E    A$hw_reg_access$498
  0C:0A11    A$hw_reg_access$499
  0C:0A12    A$hw_reg_access$500
  0C:0A13    A$hw_reg_access$501
  0C:0A14    A$hw_reg_access$502
  0C:0A15    A$hw_reg_access$503
  0C:0A16    A$hw_reg_access$504
  0C:0A17    A$hw_reg_access$505
  0C:0A18    A$hw_reg_access$506
  0C:0A19    A$hw_reg_access$507
  0C:0A1A    A$hw_reg_access$508
  0C:0A1B    A$hw_reg_access$509
  0C:0A1C    A$hw_reg_access$513
  0C:0A1C    C$hw_reg_access.c$43$1$1
  0C:0A1F    A$hw_reg_access$514
  0C:0A20    A$hw_reg_access$515
  0C:0A21    A$hw_reg_access$516
  0C:0A22    A$hw_reg_access$517
  0C:0A23    A$hw_reg_access$518
  0C:0A24    A$hw_reg_access$519
  0C:0A25    A$hw_reg_access$520
  0C:0A26    A$hw_reg_access$521
  0C:0A27    A$hw_reg_access$522
  0C:0A28    A$hw_reg_access$523
  0C:0A29    A$hw_reg_access$524
  0C:0A2A    A$hw_reg_access$526
  0C:0A2C    A$hw_reg_access$527
  0C:0A2E    A$hw_reg_access$528
  0C:0A30    A$hw_reg_access$529
  0C:0A31    A$hw_reg_access$533
  0C:0A31    C$hw_reg_access.c$44$1$1
  0C:0A31    XG$HW_get_32bit_reg_field$0$0
  0C:0A32    A$hw_reg_access$552
  0C:0A32    C$hw_reg_access.c$49$1$1
  0C:0A32    G$HW_set_16bit_reg_field$0$0
  0C:0A32    _HW_set_16bit_reg_field
  0C:0A34    A$hw_reg_access$553
  0C:0A36    A$hw_reg_access$554
  0C:0A39    A$hw_reg_access$555
  0C:0A3A    A$hw_reg_access$556
  0C:0A3B    A$hw_reg_access$557
  0C:0A3C    A$hw_reg_access$558
  0C:0A3D    A$hw_reg_access$562
  0C:0A3D    C$hw_reg_access.c$58$1$1
  0C:0A40    A$hw_reg_access$563
  0C:0A41    A$hw_reg_access$564
  0C:0A42    A$hw_reg_access$565
  0C:0A43    A$hw_reg_access$566
  0C:0A44    A$hw_reg_access$567
  0C:0A45    A$hw_reg_access$569
  0C:0A47    A$hw_reg_access$570
  0C:0A49    A$hw_reg_access$571
  0C:0A4B    A$hw_reg_access$572
  0C:0A4D    A$hw_reg_access$573
  0C:0A50    A$hw_reg_access$574
  0C:0A52    A$hw_reg_access$575
  0C:0A55    A$hw_reg_access$576
  0C:0A57    A$hw_reg_access$577
  0C:0A59    A$hw_reg_access$579
  0C:0A5C    A$hw_reg_access$580
  0C:0A5D    A$hw_reg_access$581
  0C:0A5E    A$hw_reg_access$582
  0C:0A60    A$hw_reg_access$583
  0C:0A61    A$hw_reg_access$587
  0C:0A61    C$hw_reg_access.c$59$1$1
  0C:0A64    A$hw_reg_access$588
  0C:0A65    A$hw_reg_access$589
  0C:0A66    A$hw_reg_access$590
  0C:0A67    A$hw_reg_access$591
  0C:0A68    A$hw_reg_access$592
  0C:0A69    A$hw_reg_access$594
  0C:0A6A    A$hw_reg_access$595
  0C:0A6B    A$hw_reg_access$596
  0C:0A6C    A$hw_reg_access$597
  0C:0A6D    A$hw_reg_access$598
  0C:0A6E    A$hw_reg_access$599
  0C:0A6F    A$hw_reg_access$601
  0C:0A72    A$hw_reg_access$602
  0C:0A73    A$hw_reg_access$603
  0C:0A74    A$hw_reg_access$604
  0C:0A75    A$hw_reg_access$605
  0C:0A76    A$hw_reg_access$606
  0C:0A77    A$hw_reg_access$608
  0C:0A78    A$hw_reg_access$609
  0C:0A7A    A$hw_reg_access$610
  0C:0A7B    A$hw_reg_access$611
  0C:0A7D    A$hw_reg_access$613
  0C:0A80    A$hw_reg_access$614
  0C:0A81    A$hw_reg_access$615
  0C:0A83    A$hw_reg_access$617
  0C:0A86    A$hw_reg_access$618
  0C:0A87    A$hw_reg_access$619
  0C:0A88    A$hw_reg_access$620
  0C:0A89    A$hw_reg_access$621
  0C:0A8A    A$hw_reg_access$622
  0C:0A8B    A$hw_reg_access$624
  0C:0A8E    A$hw_reg_access$625
  0C:0A90    A$hw_reg_access$626
  0C:0A92    A$hw_reg_access$628
  0C:0A93    A$hw_reg_access$629
  0C:0A95    A$hw_reg_access$630
  0C:0A96    A$hw_reg_access$631
  0C:0A97    A$hw_reg_access$632
  0C:0A98    A$hw_reg_access$633
  0C:0A99    A$hw_reg_access$635
  0C:0A9C    A$hw_reg_access$637
  0C:0A9D    A$hw_reg_access$638
  0C:0A9F    A$hw_reg_access$639
  0C:0AA0    A$hw_reg_access$640
  0C:0AA2    A$hw_reg_access$642
  0C:0AA5    A$hw_reg_access$643
  0C:0AA6    A$hw_reg_access$644
  0C:0AA7    A$hw_reg_access$645
  0C:0AA8    A$hw_reg_access$646
  0C:0AA9    A$hw_reg_access$647
  0C:0AAA    A$hw_reg_access$648
  0C:0AAB    A$hw_reg_access$649
  0C:0AAC    A$hw_reg_access$653
  0C:0AAC    C$hw_reg_access.c$60$1$1
  0C:0AAF    A$hw_reg_access$654
  0C:0AB0    A$hw_reg_access$655
  0C:0AB1    A$hw_reg_access$656
  0C:0AB2    A$hw_reg_access$657
  0C:0AB3    A$hw_reg_access$658
  0C:0AB4    A$hw_reg_access$660
  0C:0AB7    A$hw_reg_access$661
  0C:0AB8    A$hw_reg_access$662
  0C:0AB9    A$hw_reg_access$663
  0C:0ABA    A$hw_reg_access$664
  0C:0ABB    A$hw_reg_access$665
  0C:0ABC    A$hw_reg_access$667
  0C:0ABE    A$hw_reg_access$668
  0C:0AC0    A$hw_reg_access$669
  0C:0AC3    A$hw_reg_access$673
  0C:0AC3    C$hw_reg_access.c$61$1$1
  0C:0AC3    XG$HW_set_16bit_reg_field$0$0
  0C:0AC4    A$hw_reg_access$690
  0C:0AC4    C$hw_reg_access.c$66$1$1
  0C:0AC4    G$HW_get_16bit_reg_field$0$0
  0C:0AC4    _HW_get_16bit_reg_field
  0C:0AC6    A$hw_reg_access$691
  0C:0AC8    A$hw_reg_access$692
  0C:0ACB    A$hw_reg_access$693
  0C:0ACC    A$hw_reg_access$694
  0C:0ACD    A$hw_reg_access$695
  0C:0ACE    A$hw_reg_access$696
  0C:0ACF    A$hw_reg_access$700
  0C:0ACF    C$hw_reg_access.c$74$1$1
  0C:0AD2    A$hw_reg_access$701
  0C:0AD3    A$hw_reg_access$702
  0C:0AD4    A$hw_reg_access$703
  0C:0AD5    A$hw_reg_access$704
  0C:0AD6    A$hw_reg_access$705
  0C:0AD7    A$hw_reg_access$707
  0C:0AD9    A$hw_reg_access$708
  0C:0ADB    A$hw_reg_access$709
  0C:0ADE    A$hw_reg_access$710
  0C:0AE0    A$hw_reg_access$711
  0C:0AE2    A$hw_reg_access$713
  0C:0AE5    A$hw_reg_access$714
  0C:0AE6    A$hw_reg_access$715
  0C:0AE7    A$hw_reg_access$716
  0C:0AE8    A$hw_reg_access$717
  0C:0AE9    A$hw_reg_access$718
  0C:0AEA    A$hw_reg_access$720
  0C:0AEB    A$hw_reg_access$721
  0C:0AED    A$hw_reg_access$722
  0C:0AEE    A$hw_reg_access$723
  0C:0AF0    A$hw_reg_access$725
  0C:0AF3    A$hw_reg_access$726
  0C:0AF4    A$hw_reg_access$727
  0C:0AF5    A$hw_reg_access$729
  0C:0AF7    A$hw_reg_access$730
  0C:0AF9    A$hw_reg_access$731
  0C:0AFB    A$hw_reg_access$733
  0C:0AFC    A$hw_reg_access$734
  0C:0AFD    A$hw_reg_access$735
  0C:0AFE    A$hw_reg_access$736
  0C:0AFF    A$hw_reg_access$737
  0C:0B00    A$hw_reg_access$738
  0C:0B01    A$hw_reg_access$739
  0C:0B02    A$hw_reg_access$741
  0C:0B05    A$hw_reg_access$743
  0C:0B08    A$hw_reg_access$744
  0C:0B09    A$hw_reg_access$745
  0C:0B0A    A$hw_reg_access$746
  0C:0B0B    A$hw_reg_access$747
  0C:0B0C    A$hw_reg_access$748
  0C:0B0D    A$hw_reg_access$752
  0C:0B0D    C$hw_reg_access.c$75$1$1
  0C:0B10    A$hw_reg_access$753
  0C:0B11    A$hw_reg_access$754
  0C:0B12    A$hw_reg_access$755
  0C:0B13    A$hw_reg_access$756
  0C:0B14    A$hw_reg_access$757
  0C:0B15    A$hw_reg_access$759
  0C:0B17    A$hw_reg_access$760
  0C:0B19    A$hw_reg_access$764
  0C:0B19    C$hw_reg_access.c$76$1$1
  0C:0B19    XG$HW_get_16bit_reg_field$0$0
  0C:0B1A    A$hw_reg_access$782
  0C:0B1A    C$hw_reg_access.c$81$1$1
  0C:0B1A    G$HW_set_8bit_reg_field$0$0
  0C:0B1A    _HW_set_8bit_reg_field
  0C:0B1C    A$hw_reg_access$783
  0C:0B1E    A$hw_reg_access$784
  0C:0B21    A$hw_reg_access$785
  0C:0B22    A$hw_reg_access$786
  0C:0B23    A$hw_reg_access$787
  0C:0B24    A$hw_reg_access$788
  0C:0B25    A$hw_reg_access$792
  0C:0B25    C$hw_reg_access.c$90$1$1
  0C:0B28    A$hw_reg_access$793
  0C:0B29    A$hw_reg_access$794
  0C:0B2A    A$hw_reg_access$795
  0C:0B2B    A$hw_reg_access$796
  0C:0B2C    A$hw_reg_access$797
  0C:0B2D    A$hw_reg_access$799
  0C:0B2F    A$hw_reg_access$800
  0C:0B31    A$hw_reg_access$801
  0C:0B33    A$hw_reg_access$802
  0C:0B35    A$hw_reg_access$803
  0C:0B38    A$hw_reg_access$804
  0C:0B3A    A$hw_reg_access$805
  0C:0B3C    A$hw_reg_access$806
  0C:0B3E    A$hw_reg_access$808
  0C:0B41    A$hw_reg_access$809
  0C:0B42    A$hw_reg_access$813
  0C:0B42    C$hw_reg_access.c$91$1$1
  0C:0B45    A$hw_reg_access$814
  0C:0B46    A$hw_reg_access$815
  0C:0B47    A$hw_reg_access$817
  0C:0B48    A$hw_reg_access$818
  0C:0B49    A$hw_reg_access$819
  0C:0B4A    A$hw_reg_access$821
  0C:0B4D    A$hw_reg_access$822
  0C:0B4E    A$hw_reg_access$823
  0C:0B4F    A$hw_reg_access$825
  0C:0B50    A$hw_reg_access$826
  0C:0B52    A$hw_reg_access$828
  0C:0B55    A$hw_reg_access$829
  0C:0B56    A$hw_reg_access$830
  0C:0B57    A$hw_reg_access$832
  0C:0B5A    A$hw_reg_access$833
  0C:0B5B    A$hw_reg_access$834
  0C:0B5C    A$hw_reg_access$836
  0C:0B5E    A$hw_reg_access$837
  0C:0B60    A$hw_reg_access$838
  0C:0B61    A$hw_reg_access$839
  0C:0B63    A$hw_reg_access$841
  0C:0B65    A$hw_reg_access$843
  0C:0B68    A$hw_reg_access$845
  0C:0B69    A$hw_reg_access$847
  0C:0B6C    A$hw_reg_access$848
  0C:0B6D    A$hw_reg_access$849
  0C:0B6E    A$hw_reg_access$853
  0C:0B6E    C$hw_reg_access.c$92$1$1
  0C:0B71    A$hw_reg_access$854
  0C:0B72    A$hw_reg_access$855
  0C:0B73    A$hw_reg_access$857
  0C:0B76    A$hw_reg_access$858
  0C:0B77    A$hw_reg_access$859
  0C:0B78    A$hw_reg_access$861
  0C:0B7A    A$hw_reg_access$862
  0C:0B7C    A$hw_reg_access$863
  0C:0B7F    A$hw_reg_access$867
  0C:0B7F    C$hw_reg_access.c$93$1$1
  0C:0B7F    XG$HW_set_8bit_reg_field$0$0
  0C:0B80    A$hw_reg_access$884
  0C:0B80    C$hw_reg_access.c$98$1$1
  0C:0B80    G$HW_get_8bit_reg_field$0$0
  0C:0B80    _HW_get_8bit_reg_field
  0C:0B82    A$hw_reg_access$885
  0C:0B84    A$hw_reg_access$886
  0C:0B87    A$hw_reg_access$887
  0C:0B88    A$hw_reg_access$888
  0C:0B89    A$hw_reg_access$889
  0C:0B8A    A$hw_reg_access$890
  0C:0B8B    A$hw_reg_access$894
  0C:0B8B    C$hw_reg_access.c$106$1$1
  0C:0B8E    A$hw_reg_access$895
  0C:0B8F    A$hw_reg_access$896
  0C:0B90    A$hw_reg_access$897
  0C:0B91    A$hw_reg_access$898
  0C:0B92    A$hw_reg_access$899
  0C:0B93    A$hw_reg_access$901
  0C:0B95    A$hw_reg_access$902
  0C:0B97    A$hw_reg_access$903
  0C:0B9A    A$hw_reg_access$904
  0C:0B9C    A$hw_reg_access$906
  0C:0B9F    A$hw_reg_access$907
  0C:0BA0    A$hw_reg_access$908
  0C:0BA1    A$hw_reg_access$910
  0C:0BA2    A$hw_reg_access$911
  0C:0BA4    A$hw_reg_access$913
  0C:0BA7    A$hw_reg_access$914
  0C:0BA8    A$hw_reg_access$915
  0C:0BA9    A$hw_reg_access$917
  0C:0BAB    A$hw_reg_access$918
  0C:0BAD    A$hw_reg_access$919
  0C:0BAE    A$hw_reg_access$920
  0C:0BB0    A$hw_reg_access$922
  0C:0BB1    A$hw_reg_access$923
  0C:0BB2    A$hw_reg_access$925
  0C:0BB5    A$hw_reg_access$927
  0C:0BB8    A$hw_reg_access$928
  0C:0BB9    A$hw_reg_access$932
  0C:0BB9    C$hw_reg_access.c$107$1$1
  0C:0BBC    A$hw_reg_access$933
  0C:0BBD    A$hw_reg_access$934
  0C:0BBE    A$hw_reg_access$936
  0C:0BC0    A$hw_reg_access$940
  0C:0BC0    C$hw_reg_access.c$108$1$1
  0C:0BC0    XG$HW_get_8bit_reg_field$0$0
  0C:0BC1    A$core_watchdog$167
  0C:0BC1    C$core_watchdog.c$26$0$0
  0C:0BC1    G$WD_init$0$0
  0C:0BC1    _WD_init
  0C:0BC3    A$core_watchdog$168
  0C:0BC5    A$core_watchdog$169
  0C:0BC7    A$core_watchdog$170
  0C:0BCA    A$core_watchdog$171
  0C:0BCB    A$core_watchdog$172
  0C:0BCC    A$core_watchdog$173
  0C:0BCD    A$core_watchdog$174
  0C:0BCE    A$core_watchdog$175
  0C:0BCF    A$core_watchdog$176
  0C:0BD0    A$core_watchdog$177
  0C:0BD1    A$core_watchdog$181
  0C:0BD1    C$core_watchdog.c$34$2$2
  0C:0BD4    A$core_watchdog$182
  0C:0BD5    A$core_watchdog$183
  0C:0BD6    A$core_watchdog$184
  0C:0BD7    A$core_watchdog$185
  0C:0BD8    A$core_watchdog$186
  0C:0BD9    A$core_watchdog$187
  0C:0BDA    A$core_watchdog$188
  0C:0BDB    A$core_watchdog$189
  0C:0BDC    A$core_watchdog$191
  0C:0BDF    A$core_watchdog$192
  0C:0BE0    A$core_watchdog$193
  0C:0BE1    A$core_watchdog$194
  0C:0BE2    A$core_watchdog$195
  0C:0BE3    A$core_watchdog$196
  0C:0BE4    A$core_watchdog$197
  0C:0BE5    A$core_watchdog$198
  0C:0BE6    A$core_watchdog$199
  0C:0BE7    A$core_watchdog$202
  0C:0BE8    A$core_watchdog$203
  0C:0BEB    A$core_watchdog$204
  0C:0BEC    A$core_watchdog$205
  0C:0BEF    A$core_watchdog$206
  0C:0BF0    A$core_watchdog$207
  0C:0BF3    A$core_watchdog$208
  0C:0BF5    A$core_watchdog$210
  0C:0BF8    A$core_watchdog$214
  0C:0BFB    A$core_watchdog$215
  0C:0BFD    A$core_watchdog$216
  0C:0BFE    A$core_watchdog$219
  0C:0C01    A$core_watchdog$220
  0C:0C03    A$core_watchdog$221
  0C:0C04    A$core_watchdog$224
  0C:0C07    A$core_watchdog$225
  0C:0C09    A$core_watchdog$226
  0C:0C0A    A$core_watchdog$229
  0C:0C0D    A$core_watchdog$230
  0C:0C0F    A$core_watchdog$231
  0C:0C10    A$core_watchdog$234
  0C:0C13    A$core_watchdog$235
  0C:0C15    A$core_watchdog$236
  0C:0C16    A$core_watchdog$239
  0C:0C19    A$core_watchdog$240
  0C:0C1B    A$core_watchdog$241
  0C:0C1C    A$core_watchdog$244
  0C:0C1F    A$core_watchdog$245
  0C:0C21    A$core_watchdog$246
  0C:0C22    A$core_watchdog$249
  0C:0C25    A$core_watchdog$250
  0C:0C27    A$core_watchdog$251
  0C:0C28    A$core_watchdog$254
  0C:0C2B    A$core_watchdog$255
  0C:0C2D    A$core_watchdog$256
  0C:0C2E    A$core_watchdog$259
  0C:0C31    A$core_watchdog$260
  0C:0C33    A$core_watchdog$261
  0C:0C34    A$core_watchdog$264
  0C:0C37    A$core_watchdog$265
  0C:0C39    A$core_watchdog$266
  0C:0C3A    A$core_watchdog$269
  0C:0C3D    A$core_watchdog$270
  0C:0C3F    A$core_watchdog$271
  0C:0C40    A$core_watchdog$274
  0C:0C43    A$core_watchdog$275
  0C:0C45    A$core_watchdog$276
  0C:0C46    A$core_watchdog$279
  0C:0C49    A$core_watchdog$280
  0C:0C4B    A$core_watchdog$281
  0C:0C4C    A$core_watchdog$284
  0C:0C4F    A$core_watchdog$285
  0C:0C51    A$core_watchdog$286
  0C:0C52    A$core_watchdog$289
  0C:0C55    A$core_watchdog$290
  0C:0C57    A$core_watchdog$291
  0C:0C58    A$core_watchdog$294
  0C:0C5B    A$core_watchdog$295
  0C:0C5D    A$core_watchdog$296
  0C:0C5E    A$core_watchdog$299
  0C:0C61    A$core_watchdog$300
  0C:0C63    A$core_watchdog$301
  0C:0C64    A$core_watchdog$304
  0C:0C67    A$core_watchdog$305
  0C:0C69    A$core_watchdog$306
  0C:0C6A    A$core_watchdog$309
  0C:0C6D    A$core_watchdog$310
  0C:0C6F    A$core_watchdog$311
  0C:0C70    A$core_watchdog$314
  0C:0C73    A$core_watchdog$315
  0C:0C75    A$core_watchdog$316
  0C:0C76    A$core_watchdog$319
  0C:0C79    A$core_watchdog$320
  0C:0C7B    A$core_watchdog$321
  0C:0C7C    A$core_watchdog$324
  0C:0C7F    A$core_watchdog$325
  0C:0C81    A$core_watchdog$326
  0C:0C82    A$core_watchdog$329
  0C:0C85    A$core_watchdog$330
  0C:0C87    A$core_watchdog$331
  0C:0C88    A$core_watchdog$334
  0C:0C8B    A$core_watchdog$335
  0C:0C8D    A$core_watchdog$336
  0C:0C8E    A$core_watchdog$339
  0C:0C91    A$core_watchdog$340
  0C:0C93    A$core_watchdog$341
  0C:0C94    A$core_watchdog$344
  0C:0C97    A$core_watchdog$345
  0C:0C99    A$core_watchdog$346
  0C:0C9A    A$core_watchdog$349
  0C:0C9D    A$core_watchdog$350
  0C:0C9F    A$core_watchdog$351
  0C:0CA0    A$core_watchdog$354
  0C:0CA3    A$core_watchdog$355
  0C:0CA5    A$core_watchdog$356
  0C:0CA6    A$core_watchdog$359
  0C:0CA9    A$core_watchdog$360
  0C:0CAB    A$core_watchdog$361
  0C:0CAC    A$core_watchdog$364
  0C:0CAF    A$core_watchdog$365
  0C:0CB1    A$core_watchdog$366
  0C:0CB2    A$core_watchdog$369
  0C:0CB5    A$core_watchdog$370
  0C:0CB7    A$core_watchdog$371
  0C:0CB8    A$core_watchdog$374
  0C:0CBB    A$core_watchdog$375
  0C:0CBD    A$core_watchdog$376
  0C:0CBE    A$core_watchdog$379
  0C:0CC1    A$core_watchdog$380
  0C:0CC3    A$core_watchdog$381
  0C:0CC4    A$core_watchdog$384
  0C:0CC7    A$core_watchdog$385
  0C:0CC9    A$core_watchdog$386
  0C:0CCA    A$core_watchdog$389
  0C:0CCD    A$core_watchdog$390
  0C:0CCF    A$core_watchdog$391
  0C:0CD0    A$core_watchdog$394
  0C:0CD3    A$core_watchdog$395
  0C:0CD5    A$core_watchdog$396
  0C:0CD6    A$core_watchdog$399
  0C:0CD9    A$core_watchdog$400
  0C:0CDB    A$core_watchdog$401
  0C:0CDC    A$core_watchdog$404
  0C:0CDF    A$core_watchdog$405
  0C:0CE1    A$core_watchdog$406
  0C:0CE2    A$core_watchdog$409
  0C:0CE5    A$core_watchdog$410
  0C:0CE7    A$core_watchdog$411
  0C:0CE8    A$core_watchdog$413
  0C:0CEB    A$core_watchdog$414
  0C:0CED    A$core_watchdog$415
  0C:0CEE    A$core_watchdog$416
  0C:0CEF    A$core_watchdog$417
  0C:0CF0    A$core_watchdog$418
  0C:0CF1    A$core_watchdog$419
  0C:0CF2    A$core_watchdog$420
  0C:0CF3    A$core_watchdog$421
  0C:0CF4    A$core_watchdog$422
  0C:0CF5    A$core_watchdog$424
  0C:0CF8    A$core_watchdog$425
  0C:0CFB    A$core_watchdog$426
  0C:0CFE    A$core_watchdog$427
  0C:0D01    A$core_watchdog$432
  0C:0D01    C$core_watchdog.c$35$2$4
  0C:0D04    A$core_watchdog$433
  0C:0D05    A$core_watchdog$434
  0C:0D07    A$core_watchdog$435
  0C:0D08    A$core_watchdog$436
  0C:0D09    A$core_watchdog$437
  0C:0D0B    A$core_watchdog$438
  0C:0D0C    A$core_watchdog$439
  0C:0D0D    A$core_watchdog$440
  0C:0D0F    A$core_watchdog$441
  0C:0D10    A$core_watchdog$442
  0C:0D11    A$core_watchdog$443
  0C:0D13    A$core_watchdog$446
  0C:0D14    A$core_watchdog$447
  0C:0D16    A$core_watchdog$448
  0C:0D18    A$core_watchdog$449
  0C:0D1A    A$core_watchdog$450
  0C:0D1C    A$core_watchdog$451
  0C:0D1E    A$core_watchdog$452
  0C:0D20    A$core_watchdog$453
  0C:0D22    A$core_watchdog$454
  0C:0D24    A$core_watchdog$456
  0C:0D26    A$core_watchdog$457
  0C:0D29    A$core_watchdog$461
  0C:0D2C    A$core_watchdog$462
  0C:0D2E    A$core_watchdog$463
  0C:0D2F    A$core_watchdog$466
  0C:0D32    A$core_watchdog$467
  0C:0D34    A$core_watchdog$468
  0C:0D35    A$core_watchdog$471
  0C:0D38    A$core_watchdog$472
  0C:0D3A    A$core_watchdog$473
  0C:0D3B    A$core_watchdog$476
  0C:0D3E    A$core_watchdog$477
  0C:0D40    A$core_watchdog$478
  0C:0D41    A$core_watchdog$481
  0C:0D44    A$core_watchdog$482
  0C:0D46    A$core_watchdog$483
  0C:0D47    A$core_watchdog$486
  0C:0D4A    A$core_watchdog$487
  0C:0D4C    A$core_watchdog$488
  0C:0D4D    A$core_watchdog$491
  0C:0D50    A$core_watchdog$492
  0C:0D52    A$core_watchdog$493
  0C:0D53    A$core_watchdog$496
  0C:0D56    A$core_watchdog$497
  0C:0D58    A$core_watchdog$498
  0C:0D59    A$core_watchdog$501
  0C:0D5C    A$core_watchdog$502
  0C:0D5E    A$core_watchdog$503
  0C:0D5F    A$core_watchdog$506
  0C:0D62    A$core_watchdog$507
  0C:0D64    A$core_watchdog$508
  0C:0D65    A$core_watchdog$511
  0C:0D68    A$core_watchdog$512
  0C:0D6A    A$core_watchdog$513
  0C:0D6B    A$core_watchdog$516
  0C:0D6E    A$core_watchdog$517
  0C:0D70    A$core_watchdog$518
  0C:0D71    A$core_watchdog$521
  0C:0D74    A$core_watchdog$522
  0C:0D76    A$core_watchdog$523
  0C:0D77    A$core_watchdog$526
  0C:0D7A    A$core_watchdog$527
  0C:0D7C    A$core_watchdog$528
  0C:0D7D    A$core_watchdog$531
  0C:0D80    A$core_watchdog$532
  0C:0D82    A$core_watchdog$533
  0C:0D83    A$core_watchdog$536
  0C:0D86    A$core_watchdog$537
  0C:0D88    A$core_watchdog$538
  0C:0D89    A$core_watchdog$541
  0C:0D8C    A$core_watchdog$542
  0C:0D8E    A$core_watchdog$543
  0C:0D8F    A$core_watchdog$546
  0C:0D92    A$core_watchdog$547
  0C:0D94    A$core_watchdog$548
  0C:0D95    A$core_watchdog$551
  0C:0D98    A$core_watchdog$552
  0C:0D9A    A$core_watchdog$553
  0C:0D9B    A$core_watchdog$556
  0C:0D9E    A$core_watchdog$557
  0C:0DA0    A$core_watchdog$558
  0C:0DA1    A$core_watchdog$561
  0C:0DA4    A$core_watchdog$562
  0C:0DA6    A$core_watchdog$563
  0C:0DA7    A$core_watchdog$566
  0C:0DAA    A$core_watchdog$567
  0C:0DAC    A$core_watchdog$568
  0C:0DAD    A$core_watchdog$571
  0C:0DB0    A$core_watchdog$572
  0C:0DB2    A$core_watchdog$573
  0C:0DB3    A$core_watchdog$576
  0C:0DB6    A$core_watchdog$577
  0C:0DB8    A$core_watchdog$578
  0C:0DB9    A$core_watchdog$581
  0C:0DBC    A$core_watchdog$582
  0C:0DBE    A$core_watchdog$583
  0C:0DBF    A$core_watchdog$586
  0C:0DC2    A$core_watchdog$587
  0C:0DC4    A$core_watchdog$588
  0C:0DC5    A$core_watchdog$591
  0C:0DC8    A$core_watchdog$592
  0C:0DCA    A$core_watchdog$593
  0C:0DCB    A$core_watchdog$596
  0C:0DCE    A$core_watchdog$597
  0C:0DD0    A$core_watchdog$598
  0C:0DD1    A$core_watchdog$601
  0C:0DD4    A$core_watchdog$602
  0C:0DD6    A$core_watchdog$603
  0C:0DD7    A$core_watchdog$606
  0C:0DDA    A$core_watchdog$607
  0C:0DDC    A$core_watchdog$608
  0C:0DDD    A$core_watchdog$611
  0C:0DE0    A$core_watchdog$612
  0C:0DE2    A$core_watchdog$613
  0C:0DE3    A$core_watchdog$616
  0C:0DE6    A$core_watchdog$617
  0C:0DE8    A$core_watchdog$618
  0C:0DE9    A$core_watchdog$621
  0C:0DEC    A$core_watchdog$622
  0C:0DEE    A$core_watchdog$623
  0C:0DEF    A$core_watchdog$626
  0C:0DF2    A$core_watchdog$627
  0C:0DF4    A$core_watchdog$628
  0C:0DF5    A$core_watchdog$631
  0C:0DF8    A$core_watchdog$632
  0C:0DFA    A$core_watchdog$633
  0C:0DFB    A$core_watchdog$636
  0C:0DFE    A$core_watchdog$637
  0C:0E00    A$core_watchdog$638
  0C:0E01    A$core_watchdog$641
  0C:0E04    A$core_watchdog$642
  0C:0E06    A$core_watchdog$643
  0C:0E07    A$core_watchdog$646
  0C:0E0A    A$core_watchdog$647
  0C:0E0C    A$core_watchdog$648
  0C:0E0D    A$core_watchdog$651
  0C:0E10    A$core_watchdog$652
  0C:0E12    A$core_watchdog$653
  0C:0E13    A$core_watchdog$656
  0C:0E16    A$core_watchdog$657
  0C:0E18    A$core_watchdog$658
  0C:0E19    A$core_watchdog$660
  0C:0E1C    A$core_watchdog$661
  0C:0E1E    A$core_watchdog$662
  0C:0E1F    A$core_watchdog$663
  0C:0E20    A$core_watchdog$664
  0C:0E21    A$core_watchdog$665
  0C:0E22    A$core_watchdog$666
  0C:0E23    A$core_watchdog$667
  0C:0E24    A$core_watchdog$668
  0C:0E25    A$core_watchdog$669
  0C:0E26    A$core_watchdog$671
  0C:0E29    A$core_watchdog$672
  0C:0E2C    A$core_watchdog$673
  0C:0E2F    A$core_watchdog$674
  0C:0E32    A$core_watchdog$679
  0C:0E32    C$core_watchdog.c$37$1$1
  0C:0E35    A$core_watchdog$680
  0C:0E36    A$core_watchdog$681
  0C:0E37    A$core_watchdog$682
  0C:0E38    A$core_watchdog$683
  0C:0E39    A$core_watchdog$684
  0C:0E3A    A$core_watchdog$685
  0C:0E3B    A$core_watchdog$686
  0C:0E3C    A$core_watchdog$687
  0C:0E3D    A$core_watchdog$689
  0C:0E40    A$core_watchdog$690
  0C:0E41    A$core_watchdog$691
  0C:0E42    A$core_watchdog$692
  0C:0E43    A$core_watchdog$693
  0C:0E44    A$core_watchdog$694
  0C:0E45    A$core_watchdog$697
  0C:0E47    A$core_watchdog$698
  0C:0E49    A$core_watchdog$699
  0C:0E4B    A$core_watchdog$700
  0C:0E4C    A$core_watchdog$701
  0C:0E4F    A$core_watchdog$702
  0C:0E50    A$core_watchdog$703
  0C:0E51    A$core_watchdog$704
  0C:0E54    A$core_watchdog$709
  0C:0E54    C$core_watchdog.c$40$1$1
  0C:0E56    A$core_watchdog$710
  0C:0E58    A$core_watchdog$711
  0C:0E59    A$core_watchdog$712
  0C:0E5B    A$core_watchdog$713
  0C:0E5D    A$core_watchdog$714
  0C:0E5E    A$core_watchdog$716
  0C:0E61    A$core_watchdog$717
  0C:0E63    A$core_watchdog$718
  0C:0E64    A$core_watchdog$720
  0C:0E67    A$core_watchdog$721
  0C:0E69    A$core_watchdog$722
  0C:0E6A    A$core_watchdog$723
  0C:0E6B    A$core_watchdog$724
  0C:0E6C    A$core_watchdog$725
  0C:0E6D    A$core_watchdog$726
  0C:0E6E    A$core_watchdog$727
  0C:0E6F    A$core_watchdog$728
  0C:0E70    A$core_watchdog$729
  0C:0E71    A$core_watchdog$731
  0C:0E74    A$core_watchdog$732
  0C:0E75    A$core_watchdog$733
  0C:0E76    A$core_watchdog$734
  0C:0E77    A$core_watchdog$735
  0C:0E78    A$core_watchdog$736
  0C:0E79    A$core_watchdog$737
  0C:0E7A    A$core_watchdog$738
  0C:0E7B    A$core_watchdog$739
  0C:0E7C    A$core_watchdog$741
  0C:0E7E    A$core_watchdog$742
  0C:0E80    A$core_watchdog$743
  0C:0E82    A$core_watchdog$744
  0C:0E84    A$core_watchdog$745
  0C:0E86    A$core_watchdog$746
  0C:0E89    A$core_watchdog$747
  0C:0E8B    A$core_watchdog$748
  0C:0E8D    A$core_watchdog$749
  0C:0E8F    A$core_watchdog$754
  0C:0E8F    C$core_watchdog.c$43$1$1
  0C:0E91    A$core_watchdog$755
  0C:0E93    A$core_watchdog$756
  0C:0E95    A$core_watchdog$757
  0C:0E98    A$core_watchdog$758
  0C:0E99    A$core_watchdog$759
  0C:0E9A    A$core_watchdog$760
  0C:0E9D    A$core_watchdog$761
  0C:0E9E    A$core_watchdog$764
  0C:0EA0    A$core_watchdog$765
  0C:0EA2    A$core_watchdog$766
  0C:0EA3    A$core_watchdog$767
  0C:0EA5    A$core_watchdog$768
  0C:0EA7    A$core_watchdog$769
  0C:0EA8    A$core_watchdog$771
  0C:0EAB    A$core_watchdog$772
  0C:0EAD    A$core_watchdog$773
  0C:0EAE    A$core_watchdog$775
  0C:0EB1    A$core_watchdog$776
  0C:0EB3    A$core_watchdog$777
  0C:0EB4    A$core_watchdog$778
  0C:0EB5    A$core_watchdog$779
  0C:0EB6    A$core_watchdog$780
  0C:0EB7    A$core_watchdog$781
  0C:0EB8    A$core_watchdog$782
  0C:0EB9    A$core_watchdog$783
  0C:0EBA    A$core_watchdog$784
[...]
  0C:582E    A$core_gpio$5865
  0C:582F    A$core_gpio$5866
  0C:5830    A$core_gpio$5870
  0C:5830    C$core_gpio.c$413$1$1
  0C:5833    A$core_gpio$5871
  0C:5834    A$core_gpio$5872
  0C:5835    A$core_gpio$5873
  0C:5836    A$core_gpio$5874
  0C:5837    A$core_gpio$5875
  0C:5838    A$core_gpio$5876
  0C:5839    A$core_gpio$5877
  0C:583A    A$core_gpio$5878
  0C:583B    A$core_gpio$5881
  0C:583D    A$core_gpio$5882
  0C:583F    A$core_gpio$5883
  0C:5841    A$core_gpio$5884
  0C:5844    A$core_gpio$5885
  0C:5845    A$core_gpio$5886
  0C:5846    A$core_gpio$5887
  0C:5849    A$core_gpio$5888
  0C:584A    A$core_gpio$5890
  0C:584C    A$core_gpio$5891
  0C:584E    A$core_gpio$5895
  0C:584E    C$core_gpio.c$415$2$2
  0C:5851    A$core_gpio$5896
  0C:5852    A$core_gpio$5897
  0C:5853    A$core_gpio$5900
  0C:5856    A$core_gpio$5902
  0C:5857    A$core_gpio$5903
  0C:5858    A$core_gpio$5904
  0C:5859    A$core_gpio$5906
  0C:585A    A$core_gpio$5908
  0C:585C    A$core_gpio$5909
  0C:585F    A$core_gpio$5913
  0C:5862    A$core_gpio$5914
  0C:5864    A$core_gpio$5915
  0C:5865    A$core_gpio$5918
  0C:5868    A$core_gpio$5919
  0C:586A    A$core_gpio$5920
  0C:586B    A$core_gpio$5923
  0C:586E    A$core_gpio$5924
  0C:5870    A$core_gpio$5925
  0C:5871    A$core_gpio$5928
  0C:5874    A$core_gpio$5929
  0C:5876    A$core_gpio$5930
  0C:5877    A$core_gpio$5933
  0C:587A    A$core_gpio$5934
  0C:587C    A$core_gpio$5935
  0C:587D    A$core_gpio$5938
  0C:5880    A$core_gpio$5939
  0C:5882    A$core_gpio$5940
  0C:5883    A$core_gpio$5943
  0C:5886    A$core_gpio$5944
  0C:5888    A$core_gpio$5945
  0C:5889    A$core_gpio$5948
  0C:588C    A$core_gpio$5949
  0C:588E    A$core_gpio$5950
  0C:588F    A$core_gpio$5953
  0C:5892    A$core_gpio$5954
  0C:5894    A$core_gpio$5955
  0C:5895    A$core_gpio$5958
  0C:5898    A$core_gpio$5959
  0C:589A    A$core_gpio$5960
  0C:589B    A$core_gpio$5963
  0C:589E    A$core_gpio$5964
  0C:58A0    A$core_gpio$5965
  0C:58A1    A$core_gpio$5968
  0C:58A4    A$core_gpio$5969
  0C:58A6    A$core_gpio$5970
  0C:58A7    A$core_gpio$5973
  0C:58AA    A$core_gpio$5974
  0C:58AC    A$core_gpio$5975
  0C:58AD    A$core_gpio$5978
  0C:58B0    A$core_gpio$5979
  0C:58B2    A$core_gpio$5980
  0C:58B3    A$core_gpio$5983
  0C:58B6    A$core_gpio$5984
  0C:58B8    A$core_gpio$5985
  0C:58B9    A$core_gpio$5988
  0C:58BC    A$core_gpio$5989
  0C:58BE    A$core_gpio$5990
  0C:58BF    A$core_gpio$5993
  0C:58C2    A$core_gpio$5994
  0C:58C4    A$core_gpio$5995
  0C:58C5    A$core_gpio$5998
  0C:58C8    A$core_gpio$5999
  0C:58CA    A$core_gpio$6000
  0C:58CB    A$core_gpio$6003
  0C:58CE    A$core_gpio$6004
  0C:58D0    A$core_gpio$6005
  0C:58D1    A$core_gpio$6008
  0C:58D4    A$core_gpio$6009
  0C:58D6    A$core_gpio$6010
  0C:58D7    A$core_gpio$6013
  0C:58DA    A$core_gpio$6014
  0C:58DC    A$core_gpio$6015
  0C:58DD    A$core_gpio$6018
  0C:58E0    A$core_gpio$6019
  0C:58E2    A$core_gpio$6020
  0C:58E3    A$core_gpio$6023
  0C:58E6    A$core_gpio$6024
  0C:58E8    A$core_gpio$6025
  0C:58E9    A$core_gpio$6028
  0C:58EC    A$core_gpio$6029
  0C:58EE    A$core_gpio$6030
  0C:58EF    A$core_gpio$6033
  0C:58F2    A$core_gpio$6034
  0C:58F4    A$core_gpio$6035
  0C:58F5    A$core_gpio$6038
  0C:58F8    A$core_gpio$6039
  0C:58FA    A$core_gpio$6040
  0C:58FB    A$core_gpio$6043
  0C:58FE    A$core_gpio$6044
  0C:5900    A$core_gpio$6045
  0C:5901    A$core_gpio$6048
  0C:5904    A$core_gpio$6049
  0C:5906    A$core_gpio$6050
  0C:5907    A$core_gpio$6053
  0C:590A    A$core_gpio$6054
  0C:590C    A$core_gpio$6055
  0C:590D    A$core_gpio$6058
  0C:5910    A$core_gpio$6059
  0C:5912    A$core_gpio$6060
  0C:5913    A$core_gpio$6063
  0C:5916    A$core_gpio$6064
  0C:5918    A$core_gpio$6065
  0C:5919    A$core_gpio$6068
  0C:591C    A$core_gpio$6069
  0C:591E    A$core_gpio$6070
  0C:591F    A$core_gpio$6072
  0C:5922    A$core_gpio$6073
  0C:5924    A$core_gpio$6074
  0C:5925    A$core_gpio$6075
  0C:5926    A$core_gpio$6076
  0C:5928    A$core_gpio$6077
  0C:5929    A$core_gpio$6078
  0C:592A    A$core_gpio$6079
  0C:592C    A$core_gpio$6080
  0C:592D    A$core_gpio$6081
  0C:592E    A$core_gpio$6082
  0C:5930    A$core_gpio$6083
  0C:5931    A$core_gpio$6085
  0C:5934    A$core_gpio$6086
  0C:5937    A$core_gpio$6087
  0C:593A    A$core_gpio$6088
  0C:593C    A$core_gpio$6089
  0C:593E    A$core_gpio$6090
  0C:5940    A$core_gpio$6091
  0C:5942    A$core_gpio$6092
  0C:5944    A$core_gpio$6093
  0C:5946    A$core_gpio$6094
  0C:5949    A$core_gpio$6095
  0C:594B    A$core_gpio$6096
  0C:594D    A$core_gpio$6097
  0C:594F    A$core_gpio$6098
  0C:5951    A$core_gpio$6099
  0C:5953    A$core_gpio$6100
  0C:5955    A$core_gpio$6105
  0C:5955    C$core_gpio.c$417$1$1
  0C:5956    A$core_gpio$6107
  0C:5958    A$core_gpio$6108
  0C:595B    A$core_gpio$6114
  0C:595B    C$core_gpio.c$419$2$4
  0C:595C    A$core_gpio$6115
  0C:595F    A$core_gpio$6116
  0C:5960    A$core_gpio$6117
  0C:5961    A$core_gpio$6118
  0C:5963    A$core_gpio$6120
  0C:5964    A$core_gpio$6121
  0C:5965    A$core_gpio$6122
  0C:5967    A$core_gpio$6123
  0C:5968    A$core_gpio$6124
  0C:5969    A$core_gpio$6126
  0C:596B    A$core_gpio$6127
  0C:596D    A$core_gpio$6128
  0C:596E    A$core_gpio$6129
  0C:5970    A$core_gpio$6130
  0C:5972    A$core_gpio$6131
  0C:5973    A$core_gpio$6132
  0C:5975    A$core_gpio$6133
  0C:5977    A$core_gpio$6134
  0C:5978    A$core_gpio$6135
  0C:597A    A$core_gpio$6136
  0C:597C    A$core_gpio$6137
  0C:597D    A$core_gpio$6142
  0C:597D    C$core_gpio.c$420$2$4
  0C:597F    A$core_gpio$6143
  0C:5981    A$core_gpio$6144
  0C:5983    A$core_gpio$6145
  0C:5985    A$core_gpio$6146
  0C:5988    A$core_gpio$6147
  0C:598A    A$core_gpio$6148
  0C:598C    A$core_gpio$6149
  0C:598E    A$core_gpio$6151
  0C:5990    A$core_gpio$6152
  0C:5992    A$core_gpio$6153
  0C:5994    A$core_gpio$6157
  0C:5994    C$core_gpio.c$421$2$4
  0C:5997    A$core_gpio$6161
  0C:5997    C$core_gpio.c$422$2$4
  0C:599A    A$core_gpio$6162
  0C:599B    A$core_gpio$6163
  0C:599C    A$core_gpio$6165
  0C:599E    A$core_gpio$6166
  0C:59A0    A$core_gpio$6167
  0C:59A3    A$core_gpio$6171
  0C:59A3    C$core_gpio.c$424$2$1
  0C:59A3    XG$GPIO_disable_irq$0$0
  0C:59A4    A$core_gpio$6189
  0C:59A4    C$core_gpio.c$430$2$1
  0C:59A4    G$GPIO_clear_irq$0$0
  0C:59A4    _GPIO_clear_irq
  0C:59A6    A$core_gpio$6190
  0C:59A8    A$core_gpio$6191
  0C:59AA    A$core_gpio$6192
  0C:59AD    A$core_gpio$6193
  0C:59AE    A$core_gpio$6194
  0C:59AF    A$core_gpio$6195
  0C:59B0    A$core_gpio$6196
  0C:59B1    A$core_gpio$6197
  0C:59B2    A$core_gpio$6198
  0C:59B3    A$core_gpio$6199
  0C:59B4    A$core_gpio$6203
  0C:59B4    C$core_gpio.c$436$1$1
  0C:59B7    A$core_gpio$6204
  0C:59B8    A$core_gpio$6205
  0C:59B9    A$core_gpio$6207
  0C:59BB    A$core_gpio$6208
  0C:59BD    A$core_gpio$6209
  0C:59BF    A$core_gpio$6211
  0C:59C1    A$core_gpio$6212
  0C:59C3    A$core_gpio$6213
  0C:59C6    A$core_gpio$6214
  0C:59C9    A$core_gpio$6215
  0C:59CC    A$core_gpio$6216
  0C:59CF    A$core_gpio$6217
  0C:59D1    A$core_gpio$6219
  0C:59D3    A$core_gpio$6220
  0C:59D5    A$core_gpio$6221
  0C:59D7    A$core_gpio$6222
  0C:59D9    A$core_gpio$6223
  0C:59DA    A$core_gpio$6224
  0C:59DC    A$core_gpio$6225
  0C:59DE    A$core_gpio$6226
  0C:59DF    A$core_gpio$6227
  0C:59E1    A$core_gpio$6228
  0C:59E3    A$core_gpio$6229
  0C:59E4    A$core_gpio$6230
  0C:59E6    A$core_gpio$6232
  0C:59E9    A$core_gpio$6236
  0C:59E9    C$core_gpio.c$438$1$1
  0C:59EC    A$core_gpio$6237
  0C:59ED    A$core_gpio$6238
  0C:59EE    A$core_gpio$6239
  0C:59EF    A$core_gpio$6240
  0C:59F0    A$core_gpio$6241
  0C:59F1    A$core_gpio$6242
  0C:59F2    A$core_gpio$6243
  0C:59F3    A$core_gpio$6244
  0C:59F4    A$core_gpio$6247
  0C:59F6    A$core_gpio$6248
  0C:59F8    A$core_gpio$6249
  0C:59F9    A$core_gpio$6250
  0C:59FB    A$core_gpio$6251
  0C:59FD    A$core_gpio$6252
  0C:59FE    A$core_gpio$6253
  0C:5A00    A$core_gpio$6256
  0C:5A02    A$core_gpio$6257
  0C:5A04    A$core_gpio$6258
  0C:5A06    A$core_gpio$6259
  0C:5A09    A$core_gpio$6260
  0C:5A0A    A$core_gpio$6263
  0C:5A0D    A$core_gpio$6264
  0C:5A10    A$core_gpio$6268
  0C:5A13    A$core_gpio$6269
  0C:5A16    A$core_gpio$6273
  0C:5A19    A$core_gpio$6274
  0C:5A1B    A$core_gpio$6276
  0C:5A1E    A$core_gpio$6282
  0C:5A1E    C$core_gpio.c$441$2$2
  0C:5A20    A$core_gpio$6283
  0C:5A22    A$core_gpio$6284
  0C:5A24    A$core_gpio$6285
  0C:5A27    A$core_gpio$6286
  0C:5A28    A$core_gpio$6287
  0C:5A29    A$core_gpio$6288
  0C:5A2C    A$core_gpio$6289
  0C:5A2D    A$core_gpio$6292
  0C:5A2F    A$core_gpio$6293
  0C:5A31    A$core_gpio$6294
  0C:5A32    A$core_gpio$6295
  0C:5A34    A$core_gpio$6296
  0C:5A36    A$core_gpio$6297
  0C:5A37    A$core_gpio$6299
  0C:5A3A    A$core_gpio$6300
  0C:5A3C    A$core_gpio$6301
  0C:5A3D    A$core_gpio$6302
  0C:5A3E    A$core_gpio$6303
  0C:5A40    A$core_gpio$6304
  0C:5A41    A$core_gpio$6305
  0C:5A42    A$core_gpio$6306
  0C:5A44    A$core_gpio$6307
  0C:5A45    A$core_gpio$6308
  0C:5A46    A$core_gpio$6309
  0C:5A48    A$core_gpio$6310
  0C:5A49    A$core_gpio$6312
  0C:5A4B    A$core_gpio$6313
  0C:5A4D    A$core_gpio$6314
  0C:5A50    A$core_gpio$6317
  0C:5A50    C$core_gpio.c$442$2$2
  0C:5A53    A$core_gpio$6325
  0C:5A53    C$core_gpio.c$444$2$2
  0C:5A53    C$core_gpio.c$445$2$2
  0C:5A55    A$core_gpio$6326
  0C:5A57    A$core_gpio$6327
  0C:5A59    A$core_gpio$6328
  0C:5A5C    A$core_gpio$6329
  0C:5A5D    A$core_gpio$6330
  0C:5A5E    A$core_gpio$6331
  0C:5A61    A$core_gpio$6332
  0C:5A62    A$core_gpio$6335
  0C:5A64    A$core_gpio$6336
  0C:5A66    A$core_gpio$6337
  0C:5A67    A$core_gpio$6338
  0C:5A69    A$core_gpio$6339
  0C:5A6B    A$core_gpio$6340
  0C:5A6C    A$core_gpio$6342
  0C:5A6F    A$core_gpio$6343
  0C:5A71    A$core_gpio$6344
  0C:5A72    A$core_gpio$6345
  0C:5A73    A$core_gpio$6346
  0C:5A75    A$core_gpio$6347
  0C:5A76    A$core_gpio$6349
  0C:5A78    A$core_gpio$6350
  0C:5A7A    A$core_gpio$6351
  0C:5A7C    A$core_gpio$6352
  0C:5A7E    A$core_gpio$6353
  0C:5A80    A$core_gpio$6354
  0C:5A83    A$core_gpio$6355
  0C:5A85    A$core_gpio$6356
  0C:5A87    A$core_gpio$6357
  0C:5A89    A$core_gpio$6362
  0C:5A89    C$core_gpio.c$446$2$2
  0C:5A8B    A$core_gpio$6363
  0C:5A8D    A$core_gpio$6364
  0C:5A8F    A$core_gpio$6365
  0C:5A92    A$core_gpio$6366
  0C:5A93    A$core_gpio$6367
  0C:5A94    A$core_gpio$6368
  0C:5A97    A$core_gpio$6369
  0C:5A98    A$core_gpio$6372
  0C:5A9A    A$core_gpio$6373
  0C:5A9C    A$core_gpio$6374
  0C:5A9D    A$core_gpio$6375
  0C:5A9F    A$core_gpio$6376
  0C:5AA1    A$core_gpio$6377
  0C:5AA2    A$core_gpio$6379
  0C:5AA5    A$core_gpio$6380
  0C:5AA7    A$core_gpio$6381
  0C:5AA8    A$core_gpio$6382
  0C:5AA9    A$core_gpio$6383
  0C:5AAB    A$core_gpio$6384
  0C:5AAC    A$core_gpio$6386
  0C:5AAE    A$core_gpio$6387
  0C:5AB0    A$core_gpio$6388
  0C:5AB3    A$core_gpio$6391
  0C:5AB3    C$core_gpio.c$447$2$2
  0C:5AB6    A$core_gpio$6399
  0C:5AB6    C$core_gpio.c$449$2$2
  0C:5AB6    C$core_gpio.c$450$2$2
  0C:5AB8    A$core_gpio$6400
  0C:5ABA    A$core_gpio$6401
  0C:5ABC    A$core_gpio$6402
  0C:5ABF    A$core_gpio$6403
  0C:5AC0    A$core_gpio$6404
  0C:5AC1    A$core_gpio$6405
  0C:5AC4    A$core_gpio$6406
  0C:5AC5    A$core_gpio$6409
  0C:5AC7    A$core_gpio$6410
  0C:5AC9    A$core_gpio$6411
  0C:5ACA    A$core_gpio$6412
  0C:5ACC    A$core_gpio$6413
  0C:5ACE    A$core_gpio$6414
  0C:5ACF    A$core_gpio$6416
  0C:5AD2    A$core_gpio$6417
  0C:5AD4    A$core_gpio$6418
  0C:5AD5    A$core_gpio$6420
  0C:5AD7    A$core_gpio$6421
  0C:5AD9    A$core_gpio$6422
  0C:5ADB    A$core_gpio$6423
  0C:5ADD    A$core_gpio$6424
  0C:5ADF    A$core_gpio$6425
  0C:5AE2    A$core_gpio$6426
  0C:5AE4    A$core_gpio$6427
  0C:5AE6    A$core_gpio$6428
  0C:5AE8    A$core_gpio$6433
  0C:5AE8    C$core_gpio.c$451$2$2
  0C:5AEA    A$core_gpio$6434
  0C:5AEC    A$core_gpio$6435
  0C:5AEE    A$core_gpio$6436
  0C:5AF1    A$core_gpio$6437
  0C:5AF2    A$core_gpio$6438
  0C:5AF3    A$core_gpio$6439
  0C:5AF6    A$core_gpio$6440
  0C:5AF7    A$core_gpio$6443
  0C:5AF9    A$core_gpio$6444
  0C:5AFB    A$core_gpio$6445
  0C:5AFC    A$core_gpio$6446
  0C:5AFE    A$core_gpio$6447
  0C:5B00    A$core_gpio$6448
  0C:5B01    A$core_gpio$6450
  0C:5B04    A$core_gpio$6451
  0C:5B06    A$core_gpio$6452
  0C:5B07    A$core_gpio$6454
  0C:5B09    A$core_gpio$6455
  0C:5B0B    A$core_gpio$6456
  0C:5B0D    A$core_gpio$6457
  0C:5B0F    A$core_gpio$6458
  0C:5B11    A$core_gpio$6459
  0C:5B14    A$core_gpio$6460
  0C:5B16    A$core_gpio$6461
  0C:5B18    A$core_gpio$6462
  0C:5B1A    A$core_gpio$6467
  0C:5B1A    C$core_gpio.c$452$2$2
  0C:5B1C    A$core_gpio$6468
  0C:5B1E    A$core_gpio$6469
  0C:5B20    A$core_gpio$6470
  0C:5B23    A$core_gpio$6471
  0C:5B24    A$core_gpio$6472
  0C:5B25    A$core_gpio$6473
  0C:5B28    A$core_gpio$6474
  0C:5B29    A$core_gpio$6477
  0C:5B2B    A$core_gpio$6478
  0C:5B2D    A$core_gpio$6479
  0C:5B2E    A$core_gpio$6480
  0C:5B30    A$core_gpio$6481
  0C:5B32    A$core_gpio$6482
  0C:5B33    A$core_gpio$6484
  0C:5B36    A$core_gpio$6485
  0C:5B38    A$core_gpio$6486
  0C:5B39    A$core_gpio$6488
  0C:5B3B    A$core_gpio$6489
  0C:5B3D    A$core_gpio$6490
  0C:5B3F    A$core_gpio$6491
  0C:5B41    A$core_gpio$6492
  0C:5B43    A$core_gpio$6493
  0C:5B46    A$core_gpio$6494
  0C:5B48    A$core_gpio$6495
  0C:5B4A    A$core_gpio$6496
  0C:5B4C    A$core_gpio$6501
  0C:5B4C    C$core_gpio.c$453$2$2
  0C:5B4E    A$core_gpio$6502
  0C:5B50    A$core_gpio$6503
  0C:5B52    A$core_gpio$6504
  0C:5B55    A$core_gpio$6505
  0C:5B56    A$core_gpio$6506
  0C:5B57    A$core_gpio$6507
  0C:5B5A    A$core_gpio$6508
  0C:5B5B    A$core_gpio$6511
  0C:5B5D    A$core_gpio$6512
  0C:5B5F    A$core_gpio$6513
  0C:5B60    A$core_gpio$6514
  0C:5B62    A$core_gpio$6515
  0C:5B64    A$core_gpio$6516
  0C:5B65    A$core_gpio$6518
  0C:5B68    A$core_gpio$6519
  0C:5B6A    A$core_gpio$6520
  0C:5B6B    A$core_gpio$6522
  0C:5B6D    A$core_gpio$6523
  0C:5B6F    A$core_gpio$6524
  0C:5B72    A$core_gpio$6527
  0C:5B72    C$core_gpio.c$454$2$2
  0C:5B75    A$core_gpio$6533
  0C:5B75    C$core_gpio.c$457$2$2
  0C:5B78    A$core_gpio$6534
  0C:5B7A    A$core_gpio$6535
  0C:5B7B    A$core_gpio$6538
  0C:5B7E    A$core_gpio$6539
  0C:5B80    A$core_gpio$6540
  0C:5B81    A$core_gpio$6543
  0C:5B84    A$core_gpio$6544
  0C:5B86    A$core_gpio$6545
  0C:5B87    A$core_gpio$6548
  0C:5B8A    A$core_gpio$6549
  0C:5B8C    A$core_gpio$6550
  0C:5B8D    A$core_gpio$6553
  0C:5B90    A$core_gpio$6554
  0C:5B92    A$core_gpio$6555
  0C:5B93    A$core_gpio$6558
  0C:5B96    A$core_gpio$6559
  0C:5B98    A$core_gpio$6560
  0C:5B99    A$core_gpio$6563
  0C:5B9C    A$core_gpio$6564
  0C:5B9E    A$core_gpio$6565
  0C:5B9F    A$core_gpio$6568
  0C:5BA2    A$core_gpio$6569
  0C:5BA4    A$core_gpio$6570
  0C:5BA5    A$core_gpio$6573
  0C:5BA8    A$core_gpio$6574
  0C:5BAA    A$core_gpio$6575
  0C:5BAB    A$core_gpio$6578
  0C:5BAE    A$core_gpio$6579
  0C:5BB0    A$core_gpio$6580
  0C:5BB1    A$core_gpio$6583
  0C:5BB4    A$core_gpio$6584
  0C:5BB6    A$core_gpio$6585
  0C:5BB7    A$core_gpio$6588
  0C:5BBA    A$core_gpio$6589
  0C:5BBC    A$core_gpio$6590
  0C:5BBD    A$core_gpio$6593
  0C:5BC0    A$core_gpio$6594
  0C:5BC2    A$core_gpio$6595
  0C:5BC3    A$core_gpio$6598
  0C:5BC6    A$core_gpio$6599
  0C:5BC8    A$core_gpio$6600
  0C:5BC9    A$core_gpio$6603
  0C:5BCC    A$core_gpio$6604
  0C:5BCE    A$core_gpio$6605
  0C:5BCF    A$core_gpio$6608
  0C:5BD2    A$core_gpio$6609
  0C:5BD4    A$core_gpio$6610
  0C:5BD5    A$core_gpio$6613
  0C:5BD8    A$core_gpio$6614
  0C:5BDA    A$core_gpio$6615
  0C:5BDB    A$core_gpio$6618
  0C:5BDE    A$core_gpio$6619
  0C:5BE0    A$core_gpio$6620
  0C:5BE1    A$core_gpio$6623
  0C:5BE4    A$core_gpio$6624
  0C:5BE6    A$core_gpio$6625
  0C:5BE7    A$core_gpio$6628
  0C:5BEA    A$core_gpio$6629
  0C:5BEC    A$core_gpio$6630
  0C:5BED    A$core_gpio$6633
  0C:5BF0    A$core_gpio$6634
  0C:5BF2    A$core_gpio$6635
  0C:5BF3    A$core_gpio$6638
  0C:5BF6    A$core_gpio$6639
  0C:5BF8    A$core_gpio$6640
  0C:5BF9    A$core_gpio$6643
  0C:5BFC    A$core_gpio$6644
  0C:5BFE    A$core_gpio$6645
  0C:5BFF    A$core_gpio$6648
  0C:5C02    A$core_gpio$6649
  0C:5C04    A$core_gpio$6650
  0C:5C05    A$core_gpio$6653
  0C:5C08    A$core_gpio$6654
  0C:5C0A    A$core_gpio$6655
  0C:5C0B    A$core_gpio$6658
  0C:5C0E    A$core_gpio$6659
  0C:5C10    A$core_gpio$6660
  0C:5C11    A$core_gpio$6663
  0C:5C14    A$core_gpio$6664
  0C:5C16    A$core_gpio$6665
  0C:5C17    A$core_gpio$6668
  0C:5C1A    A$core_gpio$6669
  0C:5C1C    A$core_gpio$6670
  0C:5C1D    A$core_gpio$6673
  0C:5C20    A$core_gpio$6674
  0C:5C22    A$core_gpio$6675
  0C:5C23    A$core_gpio$6678
  0C:5C26    A$core_gpio$6679
  0C:5C28    A$core_gpio$6680
  0C:5C29    A$core_gpio$6683
  0C:5C2C    A$core_gpio$6684
  0C:5C2E    A$core_gpio$6685
  0C:5C2F    A$core_gpio$6688
  0C:5C32    A$core_gpio$6689
  0C:5C34    A$core_gpio$6690
  0C:5C35    A$core_gpio$6692
  0C:5C38    A$core_gpio$6693
  0C:5C3A    A$core_gpio$6694
  0C:5C3B    A$core_gpio$6695
  0C:5C3C    A$core_gpio$6696
  0C:5C3E    A$core_gpio$6697
  0C:5C3F    A$core_gpio$6698
  0C:5C40    A$core_gpio$6699
  0C:5C42    A$core_gpio$6700
  0C:5C43    A$core_gpio$6701
  0C:5C44    A$core_gpio$6702
  0C:5C46    A$core_gpio$6703
  0C:5C47    A$core_gpio$6705
  0C:5C4A    A$core_gpio$6706
  0C:5C4D    A$core_gpio$6707
  0C:5C50    A$core_gpio$6708
  0C:5C53    A$core_gpio$6714
  0C:5C53    C$core_gpio.c$459$1$1
  0C:5C53    C$core_gpio.c$460$1$1
  0C:5C53    XG$GPIO_clear_irq$0$0
  0C:5C54    __gptrput
  0C:5C6D    __mulint
  0C:5C8D    __gptrget
  0C:5CA9    __sdcc_external_startup

Hexadecimal

Area                               Addr   Size   Decimal Bytes (Attributes)
--------------------------------   ----   ----   ------- ----- ------------
CONST                              5CAD   0000 =      0. bytes (REL,CON,CODE)

Hexadecimal

Area                               Addr   Size   Decimal Bytes (Attributes)
--------------------------------   ----   ----   ------- ----- ------------
XINIT                              5CAD   0000 =      0. bytes (REL,CON,CODE)
ASxxxx Linker V01.75 + NoICE + SDCC Feb 1999,  page 1.

Files Linked      [ module(s) ]

./main.rel      
./hal/Core8051s/SDCC/hal_assert.rel
./hal/Core8051s/SDCC/hal_large.rel
./hal/Core8051s/SDCC/hw_reg_access.rel
./drivers/CoreWatchdog/core_watchdog.rel
./drivers/CoreUARTapb/core_uart_apb.rel
./drivers/CoreTimer/core_timer.rel
./drivers/CoreGPIO/core_gpio.rel

Libraries Linked            [   object  file   ]

C:\Program Files (x86)\Microsemi\SoftConsole v3.4\Sourcery-G++\bin\..\lib\large/mcs51.lib    [     crtclear.rel ]
C:\Program Files (x86)\Microsemi\SoftConsole v3.4\Sourcery-G++\bin\..\lib\large/mcs51.lib    [     crtxinit.rel ]
C:\Program Files (x86)\Microsemi\SoftConsole v3.4\Sourcery-G++\bin\..\lib\large/libsdcc.lib    [         _gptrput ]
C:\Program Files (x86)\Microsemi\SoftConsole v3.4\Sourcery-G++\bin\..\lib\large/libint.lib    [          _mulint ]
C:\Program Files (x86)\Microsemi\SoftConsole v3.4\Sourcery-G++\bin\..\lib\large/mcs51.lib    [    crtxclear.rel ]
C:\Program Files (x86)\Microsemi\SoftConsole v3.4\Sourcery-G++\bin\..\lib\large/mcs51.lib    [   crtpagesfr.rel ]
C:\Program Files (x86)\Microsemi\SoftConsole v3.4\Sourcery-G++\bin\..\lib\large/mcs51.lib    [     crtstart.rel ]
C:\Program Files (x86)\Microsemi\SoftConsole v3.4\Sourcery-G++\bin\..\lib\large/libsdcc.lib    [         _gptrget ]
C:\Program Files (x86)\Microsemi\SoftConsole v3.4\Sourcery-G++\bin\..\lib\large/libsdcc.lib    [         _startup ]

ASxxxx Linker V01.75 + NoICE + SDCC Feb 1999,  page 2.

User Base Address Definitions

HOME = 0x0000
ISEG = 0x0000
BSEG = 0x0000

