
Hexadecimal

Area                               Addr   Size   Decimal Bytes (Attributes)
--------------------------------   ----   ----   ------- ----- ------------
CABS                               0000   0000 =      0. bytes (ABS,CON,CODE)

      Value  Global
   --------  --------------------------------
  0C:FFFFFF00    s_BSEG
  0C:0000    l_BIT_BANK
  0C:0000    l_BSEG
  0C:0000    l_BSEG_BYTES
  0C:0000    l_CABS
  0C:0000    l_CONST
  0C:0000    l_GSINIT1
  0C:0000    l_GSINIT5
  0C:0000    l_IABS
  0C:0000    l_ISEG
  0C:0000    l_OSEG
  0C:0000    l_PSEG
  0C:0000    l_REG_BANK_1
  0C:0000    l_REG_BANK_2
  0C:0000    l_REG_BANK_3
  0C:0000    l__CODE
  0C:0000    s_CABS
  0C:0000    s_DSEG
  0C:0000    s_HOME
  0C:0000    s_IABS
  0C:0000    s_ISEG
  0C:0000    s_PSEG
  0C:0000    s_REG_BANK_0
  0C:0000    s_SSEG
  0C:0000    s_XSEG
  0C:0002    l_XINIT
  0C:0002    l_XISEG
  0C:0003    l_GSFINAL
  0C:0003    l_GSINIT0
  0C:0008    l_REG_BANK_0
  0C:0008    s_REG_BANK_1
  0C:000A    l_GSINIT2
  0C:000B    l_GSINIT
  0C:000B    l_HOME
  0C:000B    s_GSINIT0
  0C:000E    s_GSINIT1
  0C:000E    s_GSINIT2
  0C:0010    s_REG_BANK_2
  0C:0016    l_RSEG
  0C:0018    s_BIT_BANK
  0C:0018    s_GSINIT3
  0C:0018    s_OSEG
  0C:0018    s_REG_BANK_3
  0C:0020    s_BSEG_BYTES
  0C:0020    s__CODE
  0C:0022    l_GSINIT3
  0C:0028    l_GSINIT4
  0C:003A    s_GSINIT4
  0C:005D    s_RSEG
  0C:0062    s_GSINIT
  0C:0062    s_GSINIT5
  0C:006D    s_GSFINAL
  0C:0070    l_DSEG
  0C:0070    s_CSEG
  0C:00A3    l_SSEG
  0C:0100    l_IRAM
  0C:0989    l_XSEG
  0C:0989    s_XISEG
  0C:60F8    l_CSEG
  0C:6168    s_CONST
  0C:6168    s_XINIT

Hexadecimal

Area                               Addr   Size   Decimal Bytes (Attributes)
--------------------------------   ----   ----   ------- ----- ------------
IABS                               0000   0000 =      0. bytes (ABS,CON)

Hexadecimal

Area                               Addr   Size   Decimal Bytes (Attributes)
--------------------------------   ----   ----   ------- ----- ------------
.  .ABS.                           0000   0000 =      0. bytes (ABS,CON)

      Value  Global
   --------  --------------------------------
     00A0    __XPAGE
     00F5    _B_5
     00F6    _B_6
     00F7    _B_7

Hexadecimal

Area                               Addr   Size   Decimal Bytes (Attributes)
--------------------------------   ----   ----   ------- ----- ------------
BSEG_BYTES                         0020   0000 =      0. bytes (REL,CON)

Hexadecimal

Area                               Addr   Size   Decimal Bytes (Attributes)
--------------------------------   ----   ----   ------- ----- ------------
_CODE                              0020   0000 =      0. bytes (REL,CON)

Hexadecimal

Area                               Addr   Size   Decimal Bytes (Attributes)
--------------------------------   ----   ----   ------- ----- ------------
REG_BANK_0                         0000   0008 =      8. bytes (REL,OVR)

Hexadecimal

Area                               Addr   Size   Decimal Bytes (Attributes)
--------------------------------   ----   ----   ------- ----- ------------
REG_BANK_1                         0008   0000 =      0. bytes (REL,OVR)

Hexadecimal

Area                               Addr   Size   Decimal Bytes (Attributes)
--------------------------------   ----   ----   ------- ----- ------------
REG_BANK_2                         0010   0000 =      0. bytes (REL,OVR)

Hexadecimal

Area                               Addr   Size   Decimal Bytes (Attributes)
--------------------------------   ----   ----   ------- ----- ------------
REG_BANK_3                         0018   0000 =      0. bytes (REL,OVR)

Hexadecimal

Area                               Addr   Size   Decimal Bits  (Attributes)
--------------------------------   ----   ----   ------- ----- ------------
BSEG                               FFFFFF00   0000 =      0. bits  (REL,CON,BIT)

Hexadecimal

Area                               Addr   Size   Decimal Bytes (Attributes)
--------------------------------   ----   ----   ------- ----- ------------
BIT_BANK                           0018   0000 =      0. bytes (REL,OVR)

Hexadecimal

Area                               Addr   Size   Decimal Bytes (Attributes)
--------------------------------   ----   ----   ------- ----- ------------
DSEG                               0000   0070 =    112. bytes (REL,CON)

      Value  Global
   --------  --------------------------------
     0018    LHW_set_32bit_reg_field$sloc0$1$0
     001A    LHW_set_32bit_reg_field$sloc1$1$0
     001E    LHW_set_32bit_reg_field$sloc2$1$0
     001F    LHW_set_16bit_reg_field$sloc0$1$0
     0020    LWD_init$sloc0$1$0
     0024    LUART_init$sloc0$1$0
     0025    LUART_init$sloc1$1$0
     0027    LUART_init$sloc2$1$0
     0029    LUART_init$sloc3$1$0
     002B    LUART_send$sloc0$1$0
     002E    LUART_send$sloc1$1$0
     0031    LUART_fill_tx_fifo$sloc0$1$0
     0034    LUART_fill_tx_fifo$sloc1$1$0
     0037    LUART_get_rx$sloc0$1$0
     003A    LUART_get_rx$sloc1$1$0
     003D    LUART_polled_tx_string$sloc0$1$0
     003F    LUART_polled_tx_string$sloc1$1$0
     0043    LTMR_init$sloc0$1$0
     0047    LTMR_init$sloc1$1$0
     0049    LGPIO_set_outputs$sloc1$1$0
     004D    LGPIO_set_outputs$sloc2$1$0
     0051    LGPIO_set_output$sloc0$1$0
     0055    LGPIO_set_output$sloc2$1$0
     0059    LGPIO_clear_irq$sloc0$1$0

Hexadecimal

Area                               Addr   Size   Decimal Bytes (Attributes)
--------------------------------   ----   ----   ------- ----- ------------
OSEG                               0018   0000 =      0. bytes (REL,OVR)

Hexadecimal

Area                               Addr   Size   Decimal Bytes (Attributes)
--------------------------------   ----   ----   ------- ----- ------------
ISEG                               0000   0000 =      0. bytes (REL,CON)

Hexadecimal

Area                               Addr   Size   Decimal Bytes (Attributes)
--------------------------------   ----   ----   ------- ----- ------------
SSEG                               0000   00A3 =    163. bytes (REL,OVR)

      Value  Global
   --------  --------------------------------
     005D    __start__stack

Hexadecimal

Area                               Addr   Size   Decimal Bytes (Attributes)
--------------------------------   ----   ----   ------- ----- ------------
RSEG                               005D   0016 =     22. bytes (REL,CON)

      Value  Global
   --------  --------------------------------
     005D    _SP
     005E    _DPL
     005F    _DPH
     0060    _DPL1
     0061    _DPH1
     0062    _DPS
     0063    _XWB1
     0064    _XWB2
     0065    _XWB3
     0066    _XRB1
     0067    _XRB2
     0068    _XRB3
     0069    _PSW
     006A    _ACC
     006B    _B
     006C    _CY
     006D    _AC
     006E    _F0
     006F    _RS1
     0070    _RS0
     0071    _OV
     0072    _P

Hexadecimal

Area                               Addr   Size   Decimal Bytes (Attributes)
--------------------------------   ----   ----   ------- ----- ------------
PSEG                               0000   0000 =      0. bytes (REL,CON,PAG,XDATA)

Hexadecimal

Area                               Addr   Size   Decimal Bytes (Attributes)
--------------------------------   ----   ----   ------- ----- ------------
XSEG                               0000   0989 =   2441. bytes (REL,CON,XDATA)

      Value  Global
   --------  --------------------------------
  0D:0000    G$g_gpio$0$0
  0D:0000    _g_gpio
  0D:0003    G$g_uart0$0$0
  0D:0003    _g_uart0
  0D:0006    G$g_wd$0$0
  0D:0006    _g_wd
  0D:0008    G$g_timer0$0$0
  0D:0008    _g_timer0
  0D:000A    Ltimer0_isr$output_state$1$1
  0D:000E    Ltimer0_isr$interrupt_msg$1$1
  0D:0040    Ltimer0_isr$linefeed$1$1
  0D:0043    Lmain$greeting_msg$1$1
  0D:006B    Lmain$linefeed$1$1
  0D:006E    Lmain$scanning_msg$1$1
  0D:008C    LHAL_assert_fail$line_no$1$1
  0D:008C    _HAL_assert_fail_PARM_2
  0D:0090    LHAL_assert_fail$file_name$1$1
  0D:0093    LHAL_assert_fail$assert_file$2$2
  0D:0096    LHAL_assert_fail$assert_line$2$2
  0D:009A    LHAL_assert_fail$dummy$2$2
  0D:00A7    _HW_set_16bit_reg_PARM_2
  0D:00A9    _HW_set_8bit_reg_PARM_2
  0D:00AA    _HW_set_32bit_reg_PARM_2
  0D:00AE    LHW_set_32bit_reg_field$shift$1$1
  0D:00AE    _HW_set_32bit_reg_field_PARM_2
  0D:00AF    LHW_set_32bit_reg_field$mask$1$1
  0D:00AF    _HW_set_32bit_reg_field_PARM_3
  0D:00B3    LHW_set_32bit_reg_field$value$1$1
  0D:00B3    _HW_set_32bit_reg_field_PARM_4
  0D:00B7    LHW_set_32bit_reg_field$reg_addr$1$1
  0D:00B9    LHW_set_32bit_reg_field$temp32$1$1
  0D:00BD    LHW_get_32bit_reg_field$shift$1$1
  0D:00BD    _HW_get_32bit_reg_field_PARM_2
  0D:00BE    LHW_get_32bit_reg_field$mask$1$1
  0D:00BE    _HW_get_32bit_reg_field_PARM_3
  0D:00C2    LHW_get_32bit_reg_field$reg_addr$1$1
  0D:00C4    LHW_get_32bit_reg_field$temp32$1$1
  0D:00C8    LHW_set_16bit_reg_field$shift$1$1
  0D:00C8    _HW_set_16bit_reg_field_PARM_2
  0D:00C9    LHW_set_16bit_reg_field$mask$1$1
  0D:00C9    _HW_set_16bit_reg_field_PARM_3
  0D:00CB    LHW_set_16bit_reg_field$in_value16$1$1
  0D:00CB    _HW_set_16bit_reg_field_PARM_4
  0D:00CD    LHW_set_16bit_reg_field$reg_addr$1$1
  0D:00CF    LHW_set_16bit_reg_field$temp16$1$1
  0D:00D1    LHW_get_16bit_reg_field$shift$1$1
  0D:00D1    _HW_get_16bit_reg_field_PARM_2
  0D:00D2    LHW_get_16bit_reg_field$mask$1$1
  0D:00D2    _HW_get_16bit_reg_field_PARM_3
  0D:00D4    LHW_get_16bit_reg_field$reg_addr$1$1
  0D:00D6    LHW_get_16bit_reg_field$temp16$1$1
  0D:00D8    LHW_set_8bit_reg_field$shift$1$1
  0D:00D8    _HW_set_8bit_reg_field_PARM_2
  0D:00D9    LHW_set_8bit_reg_field$mask$1$1
  0D:00D9    _HW_set_8bit_reg_field_PARM_3
  0D:00DA    LHW_set_8bit_reg_field$value$1$1
  0D:00DA    _HW_set_8bit_reg_field_PARM_4
  0D:00DB    LHW_set_8bit_reg_field$reg_addr$1$1
  0D:00DD    LHW_set_8bit_reg_field$temp8$1$1
  0D:00DE    LHW_get_8bit_reg_field$shift$1$1
  0D:00DE    _HW_get_8bit_reg_field_PARM_2
  0D:00DF    LHW_get_8bit_reg_field$mask$1$1
  0D:00DF    _HW_get_8bit_reg_field_PARM_3
  0D:00E0    LHW_get_8bit_reg_field$reg_addr$1$1
  0D:00E2    LHW_get_8bit_reg_field$temp8$1$1
  0D:00E3    F___drivers_CoreWatchdog_core_watchdog$NULL_instance$0$0
  0D:00E6    LWD_init$base$1$1
  0D:00E6    _WD_init_PARM_2
  0D:00E8    LWD_init$value$1$1
  0D:00E8    _WD_init_PARM_3
  0D:00EC    LWD_init$scale$1$1
  0D:00EC    _WD_init_PARM_4
  0D:00F0    LWD_init$instance$1$1
  0D:00F3    LWD_init$file_name$3$3
  0D:011B    LWD_init$file_name$3$5
  0D:0143    LWD_enable$instance$1$1
  0D:0146    LWD_enable$file_name$3$3
  0D:016E    LWD_disable$instance$1$1
  0D:0171    LWD_disable$file_name$3$3
  0D:0199    LWD_reload$instance$1$1
  0D:019C    LWD_reload$file_name$3$3
  0D:01C4    LWD_current_value$instance$1$1
  0D:01C7    LWD_current_value$file_name$3$3
  0D:01EF    LUART_init$base_addr$1$1
  0D:01EF    _UART_init_PARM_2
  0D:01F1    LUART_init$baud_value$1$1
  0D:01F1    _UART_init_PARM_3
  0D:01F3    LUART_init$line_config$1$1
  0D:01F3    _UART_init_PARM_4
  0D:01F4    LUART_init$this_uart$1$1
  0D:01F7    LUART_init$rx_full$1$1
  0D:01F8    LUART_init$file_name$3$3
  0D:021F    LUART_init$file_name$3$5
  0D:0246    LUART_init$file_name$3$7
  0D:026D    LUART_init$file_name$5$11
  0D:0294    LUART_init$file_name$5$13
  0D:02BB    LUART_init$rx_byte$3$14
  0D:02BC    LUART_send$tx_buffer$1$1
  0D:02BC    _UART_send_PARM_2
  0D:02BF    LUART_send$tx_size$1$1
  0D:02BF    _UART_send_PARM_3
  0D:02C1    LUART_send$this_uart$1$1
  0D:02C4    LUART_send$char_idx$1$1
  0D:02C6    LUART_send$file_name$3$3
  0D:02ED    LUART_send$file_name$3$5
  0D:0314    LUART_send$file_name$3$7
  0D:033B    LUART_fill_tx_fifo$tx_buffer$1$1
  0D:033B    _UART_fill_tx_fifo_PARM_2
  0D:033E    LUART_fill_tx_fifo$tx_size$1$1
  0D:033E    _UART_fill_tx_fifo_PARM_3
  0D:0340    LUART_fill_tx_fifo$this_uart$1$1
  0D:0343    LUART_fill_tx_fifo$size_sent$1$1
  0D:0345    LUART_fill_tx_fifo$file_name$3$3
  0D:036C    LUART_fill_tx_fifo$file_name$3$5
  0D:0393    LUART_fill_tx_fifo$file_name$3$7
  0D:03BA    LUART_get_rx$rx_buffer$1$1
  0D:03BA    _UART_get_rx_PARM_2
  0D:03BD    LUART_get_rx$buff_size$1$1
  0D:03BD    _UART_get_rx_PARM_3
  0D:03BF    LUART_get_rx$this_uart$1$1
  0D:03C2    LUART_get_rx$rx_full$1$1
  0D:03C3    LUART_get_rx$rx_idx$1$1
  0D:03C5    LUART_get_rx$file_name$3$3
  0D:03EC    LUART_get_rx$file_name$3$5
  0D:0413    LUART_get_rx$file_name$3$7
  0D:043A    LUART_polled_tx_string$p_sz_string$1$1
  0D:043A    _UART_polled_tx_string_PARM_2
  0D:043D    LUART_polled_tx_string$this_uart$1$1
  0D:0440    LUART_polled_tx_string$char_idx$1$1
  0D:0444    LUART_polled_tx_string$file_name$3$3
  0D:046B    LUART_polled_tx_string$file_name$3$5
  0D:0492    LUART_get_rx_status$this_uart$1$1
  0D:0495    LUART_get_rx_status$status$1$1
  0D:0496    LUART_get_rx_status$file_name$3$3
  0D:04BD    F___drivers_CoreTimer_core_timer$NULL_timer_instance$0$0
  0D:04C0    LTMR_init$address$1$1
  0D:04C0    _TMR_init_PARM_2
  0D:04C2    LTMR_init$mode$1$1
  0D:04C2    _TMR_init_PARM_3
  0D:04C3    LTMR_init$prescale$1$1
  0D:04C3    _TMR_init_PARM_4
  0D:04C7    LTMR_init$load_value$1$1
  0D:04C7    _TMR_init_PARM_5
  0D:04CB    LTMR_init$this_timer$1$1
  0D:04CE    LTMR_init$file_name$3$3
  0D:04F0    LTMR_init$file_name$3$5
  0D:0512    LTMR_init$file_name$3$7
  0D:0534    LTMR_start$this_timer$1$1
  0D:0537    LTMR_start$file_name$3$3
  0D:0559    LTMR_stop$this_timer$1$1
  0D:055C    LTMR_stop$file_name$3$3
  0D:057E    LTMR_enable_int$this_timer$1$1
  0D:0581    LTMR_enable_int$file_name$3$3
  0D:05A3    LTMR_clear_int$this_timer$1$1
  0D:05A6    LTMR_clear_int$file_name$3$3
  0D:05C8    LTMR_current_value$this_timer$1$1
  0D:05CB    LTMR_current_value$file_name$3$3
  0D:05ED    LTMR_reload$load_value$1$1
  0D:05ED    _TMR_reload_PARM_2
  0D:05F1    LTMR_reload$this_timer$1$1
  0D:05F4    LTMR_reload$file_name$3$3
  0D:0616    LTMR_reload$file_name$3$5
  0D:0638    F___drivers_CoreInterrupt_core_irq_ctrl$g_irq_handler_table$0$0
  0D:0678    LCIC_init$address$1$1
  0D:067A    LCIC_init$irq_idx$1$1
  0D:067B    LCIC_set_irq_handler$handler$1$1
  0D:067B    _CIC_set_irq_handler_PARM_2
  0D:067D    LCIC_set_irq_handler$irq_number$1$1
  0D:067E    LCIC_set_irq_handler$file_name$3$3
  0D:06A7    LCIC_enable_irq$irq_number$1$1
  0D:06A8    LCIC_enable_irq$file_name$3$3
  0D:06D1    LCIC_disable_irq$irq_number$1$1
  0D:06D2    LCIC_disable_irq$file_name$3$3
  0D:06FB    LCIC_irq_handler$irq_idx$1$1
  0D:06FC    LCIC_irq_handler$file_name$6$6
  0D:0725    LGPIO_init$base_addr$1$1
  0D:0725    _GPIO_init_PARM_2
  0D:0727    LGPIO_init$bus_width$1$1
  0D:0727    _GPIO_init_PARM_3
  0D:0728    LGPIO_init$this_gpio$1$1
  0D:072B    LGPIO_init$i$1$1
  0D:072C    LGPIO_init$cfg_reg_addr$1$1
  0D:072E    LGPIO_init$file_name$4$5
  0D:074E    LGPIO_config$port_id$1$1
  0D:074E    _GPIO_config_PARM_2
  0D:074F    LGPIO_config$config$1$1
  0D:074F    _GPIO_config_PARM_3
  0D:0753    LGPIO_config$this_gpio$1$1
  0D:0756    LGPIO_config$file_name$3$3
  0D:0776    LGPIO_config$file_name$4$6
  0D:0796    LGPIO_set_outputs$value$1$1
  0D:0796    _GPIO_set_outputs_PARM_2
  0D:079A    LGPIO_set_outputs$this_gpio$1$1
  0D:079D    LGPIO_set_outputs$file_name$4$4
  0D:07BD    LGPIO_set_outputs$file_name$3$6
  0D:07DD    LGPIO_get_inputs$this_gpio$1$1
  0D:07E0    LGPIO_get_inputs$gpio_in$1$1
  0D:07E4    LGPIO_get_inputs$file_name$4$4
  0D:0804    LGPIO_get_outputs$this_gpio$1$1
  0D:0807    LGPIO_get_outputs$gpio_out$1$1
  0D:080B    LGPIO_get_outputs$file_name$4$4
  0D:082B    LGPIO_set_output$port_id$1$1
  0D:082B    _GPIO_set_output_PARM_2
  0D:082C    LGPIO_set_output$value$1$1
  0D:082C    _GPIO_set_output_PARM_3
  0D:082D    LGPIO_set_output$this_gpio$1$1
  0D:0830    LGPIO_set_output$file_name$3$3
  0D:0850    LGPIO_set_output$outputs_state$3$5
  0D:0854    LGPIO_set_output$file_name$5$9
  0D:0874    LGPIO_set_output$outputs_state$3$10
  0D:0876    LGPIO_set_output$file_name$5$14
  0D:0896    LGPIO_set_output$outputs_state$3$15
  0D:0897    LGPIO_set_output$file_name$5$19
  0D:08B7    LGPIO_set_output$file_name$4$21
  0D:08D7    LGPIO_drive_inout$port_id$1$1
  0D:08D7    _GPIO_drive_inout_PARM_2
  0D:08D8    LGPIO_drive_inout$inout_state$1$1
  0D:08D8    _GPIO_drive_inout_PARM_3
  0D:08D9    LGPIO_drive_inout$this_gpio$1$1
  0D:08DC    LGPIO_drive_inout$file_name$3$3
  0D:08FC    LGPIO_drive_inout$file_name$4$6
  0D:091C    LGPIO_enable_irq$port_id$1$1
  0D:091C    _GPIO_enable_irq_PARM_2
  0D:091D    LGPIO_enable_irq$this_gpio$1$1
  0D:0920    LGPIO_enable_irq$file_name$3$3
  0D:0940    LGPIO_disable_irq$port_id$1$1
  0D:0940    _GPIO_disable_irq_PARM_2
  0D:0941    LGPIO_disable_irq$this_gpio$1$1
  0D:0944    LGPIO_disable_irq$file_name$3$3
  0D:0964    LGPIO_clear_irq$port_id$1$1
  0D:0964    _GPIO_clear_irq_PARM_2
  0D:0965    LGPIO_clear_irq$this_gpio$1$1
  0D:0968    LGPIO_clear_irq$file_name$4$4
  0D:0988    __gptrput_PARM_2

Hexadecimal

Area                               Addr   Size   Decimal Bytes (Attributes)
--------------------------------   ----   ----   ------- ----- ------------
XISEG                              0989   0002 =      2. bytes (REL,CON,XDATA)

      Value  Global
   --------  --------------------------------
  0D:0989    F___drivers_CoreInterrupt_core_irq_ctrl$g_cic_base_addr$0$0

Hexadecimal

Area                               Addr   Size   Decimal Bytes (Attributes)
--------------------------------   ----   ----   ------- ----- ------------
HOME                               0000   000B =     11. bytes (REL,CON,CODE)

      Value  Global
   --------  --------------------------------
  0C:0000    A$main$119
  0C:0003    A$main$120
  0C:0006    A$main$162
  0C:0006    __sdcc_program_startup
  0C:0009    A$main$164

Hexadecimal

Area                               Addr   Size   Decimal Bytes (Attributes)
--------------------------------   ----   ----   ------- ----- ------------
GSINIT0                            000B   0003 =      3. bytes (REL,CON,CODE)

      Value  Global
   --------  --------------------------------
  0C:000B    __sdcc_gsinit_startup

Hexadecimal

Area                               Addr   Size   Decimal Bytes (Attributes)
--------------------------------   ----   ----   ------- ----- ------------
GSINIT1                            000E   0000 =      0. bytes (REL,CON,CODE)

Hexadecimal

Area                               Addr   Size   Decimal Bytes (Attributes)
--------------------------------   ----   ----   ------- ----- ------------
GSINIT2                            000E   000A =     10. bytes (REL,CON,CODE)

Hexadecimal

Area                               Addr   Size   Decimal Bytes (Attributes)
--------------------------------   ----   ----   ------- ----- ------------
GSINIT3                            0018   0022 =     34. bytes (REL,CON,CODE)

      Value  Global
   --------  --------------------------------
  0C:0018    __mcs51_genXINIT

Hexadecimal

Area                               Addr   Size   Decimal Bytes (Attributes)
--------------------------------   ----   ----   ------- ----- ------------
GSINIT4                            003A   0028 =     40. bytes (REL,CON,CODE)

      Value  Global
   --------  --------------------------------
  0C:003A    __mcs51_genRAMCLEAR
  0C:0040    __mcs51_genXRAMCLEAR

Hexadecimal

Area                               Addr   Size   Decimal Bytes (Attributes)
--------------------------------   ----   ----   ------- ----- ------------
GSINIT5                            0062   0000 =      0. bytes (REL,CON,CODE)

Hexadecimal

Area                               Addr   Size   Decimal Bytes (Attributes)
--------------------------------   ----   ----   ------- ----- ------------
GSINIT                             0062   000B =     11. bytes (REL,CON,CODE)

      Value  Global
   --------  --------------------------------
  0C:0062    A$main$145
  0C:0062    C$main.c$75$1$1
  0C:0065    A$main$146
  0C:0066    A$main$147
  0C:0067    A$main$148
  0C:0068    A$main$149
  0C:0069    A$main$150
  0C:006A    A$main$151
  0C:006B    A$main$152
  0C:006C    A$main$153

Hexadecimal

Area                               Addr   Size   Decimal Bytes (Attributes)
--------------------------------   ----   ----   ------- ----- ------------
GSFINAL                            006D   0003 =      3. bytes (REL,CON,CODE)

      Value  Global
   --------  --------------------------------
  0C:006D    A$main$155

Hexadecimal

Area                               Addr   Size   Decimal Bytes (Attributes)
--------------------------------   ----   ----   ------- ----- ------------
CSEG                               0070   60F8 =  24824. bytes (REL,CON,CODE)

      Value  Global
   --------  --------------------------------
  0C:0070    A$main$188
  0C:0070    C$main.c$67$0$0
  0C:0070    G$INT0_IRQHandler$0$0
  0C:0070    _INT0_IRQHandler
  0C:0072    A$main$189
  0C:0074    A$main$190
  0C:0076    A$main$191
  0C:0078    A$main$192
  0C:007A    A$main$193
  0C:007C    A$main$194
  0C:007E    A$main$195
  0C:0080    A$main$196
  0C:0082    A$main$197
  0C:0084    A$main$198
  0C:0086    A$main$199
  0C:0088    A$main$200
  0C:008A    A$main$201
  0C:008D    A$main$205
  0C:008D    C$main.c$70$1$1
  0C:0090    A$main$207
  0C:0092    A$main$208
  0C:0094    A$main$209
  0C:0096    A$main$210
  0C:0098    A$main$211
  0C:009A    A$main$212
  0C:009C    A$main$213
  0C:009E    A$main$214
  0C:00A0    A$main$215
  0C:00A2    A$main$216
  0C:00A4    A$main$217
  0C:00A6    A$main$218
  0C:00A8    A$main$219
  0C:00AA    A$main$222
  0C:00AA    C$main.c$71$1$1
  0C:00AA    XG$INT0_IRQHandler$0$0
  0C:00AB    A$main$241
  0C:00AB    C$main.c$73$1$1
  0C:00AB    C$main.c$76$1$1
  0C:00AB    G$timer0_isr$0$0
  0C:00AB    _timer0_isr
  0C:00AE    A$main$242
  0C:00B0    A$main$243
  0C:00B1    A$main$246
  0C:00B4    A$main$247
  0C:00B6    A$main$248
  0C:00B7    A$main$251
  0C:00BA    A$main$252
  0C:00BC    A$main$253
  0C:00BD    A$main$256
  0C:00C0    A$main$257
  0C:00C2    A$main$258
  0C:00C3    A$main$261
  0C:00C6    A$main$262
  0C:00C8    A$main$263
  0C:00C9    A$main$266
  0C:00CC    A$main$267
  0C:00CE    A$main$268
  0C:00CF    A$main$271
  0C:00D2    A$main$272
  0C:00D4    A$main$273
  0C:00D5    A$main$276
  0C:00D8    A$main$277
  0C:00DA    A$main$278
  0C:00DB    A$main$281
  0C:00DE    A$main$282
  0C:00E0    A$main$283
  0C:00E1    A$main$286
  0C:00E4    A$main$287
  0C:00E6    A$main$288
  0C:00E7    A$main$291
  0C:00EA    A$main$292
  0C:00EC    A$main$293
  0C:00ED    A$main$296
  0C:00F0    A$main$297
  0C:00F2    A$main$298
  0C:00F3    A$main$301
  0C:00F6    A$main$302
  0C:00F8    A$main$303
  0C:00F9    A$main$306
  0C:00FC    A$main$307
  0C:00FE    A$main$308
  0C:00FF    A$main$311
  0C:0102    A$main$312
  0C:0104    A$main$313
  0C:0105    A$main$316
  0C:0108    A$main$317
  0C:010A    A$main$318
  0C:010B    A$main$321
  0C:010E    A$main$322
  0C:0110    A$main$323
  0C:0111    A$main$326
  0C:0114    A$main$327
  0C:0116    A$main$328
  0C:0117    A$main$331
  0C:011A    A$main$332
  0C:011C    A$main$333
  0C:011D    A$main$336
  0C:0120    A$main$337
  0C:0122    A$main$338
  0C:0123    A$main$341
  0C:0126    A$main$342
  0C:0128    A$main$343
  0C:0129    A$main$346
  0C:012C    A$main$347
  0C:012E    A$main$348
  0C:012F    A$main$351
  0C:0132    A$main$352
  0C:0134    A$main$353
  0C:0135    A$main$356
  0C:0138    A$main$357
  0C:013A    A$main$358
  0C:013B    A$main$361
  0C:013E    A$main$362
  0C:0140    A$main$363
  0C:0141    A$main$366
  0C:0144    A$main$367
  0C:0146    A$main$368
  0C:0147    A$main$371
  0C:014A    A$main$372
  0C:014C    A$main$373
  0C:014D    A$main$376
  0C:0150    A$main$377
  0C:0152    A$main$378
  0C:0153    A$main$381
  0C:0156    A$main$382
  0C:0158    A$main$383
  0C:0159    A$main$386
  0C:015C    A$main$387
  0C:015E    A$main$388
  0C:015F    A$main$391
  0C:0162    A$main$392
  0C:0164    A$main$393
  0C:0165    A$main$396
  0C:0168    A$main$397
  0C:016A    A$main$398
  0C:016B    A$main$401
  0C:016E    A$main$402
  0C:0170    A$main$403
  0C:0171    A$main$406
  0C:0174    A$main$407
  0C:0176    A$main$408
  0C:0177    A$main$411
  0C:017A    A$main$412
  0C:017C    A$main$413
  0C:017D    A$main$416
  0C:0180    A$main$417
  0C:0182    A$main$418
  0C:0183    A$main$421
  0C:0186    A$main$422
  0C:0188    A$main$423
  0C:0189    A$main$426
  0C:018C    A$main$427
  0C:018E    A$main$428
  0C:018F    A$main$431
  0C:0192    A$main$432
  0C:0194    A$main$433
  0C:0195    A$main$436
  0C:0198    A$main$437
  0C:019A    A$main$438
  0C:019B    A$main$441
  0C:019E    A$main$442
  0C:01A0    A$main$443
  0C:01A1    A$main$446
  0C:01A4    A$main$447
  0C:01A6    A$main$448
  0C:01A7    A$main$451
  0C:01AA    A$main$452
  0C:01AC    A$main$453
  0C:01AD    A$main$456
  0C:01B0    A$main$457
  0C:01B2    A$main$458
  0C:01B3    A$main$461
  0C:01B6    A$main$462
  0C:01B8    A$main$463
  0C:01B9    A$main$466
  0C:01BC    A$main$467
  0C:01BE    A$main$468
  0C:01BF    A$main$471
  0C:01C2    A$main$472
  0C:01C4    A$main$473
  0C:01C5    A$main$476
  0C:01C8    A$main$477
  0C:01CA    A$main$478
  0C:01CB    A$main$481
  0C:01CE    A$main$482
  0C:01D0    A$main$483
  0C:01D1    A$main$486
  0C:01D4    A$main$487
  0C:01D6    A$main$488
  0C:01D7    A$main$493
  0C:01D7    C$main.c$77$1$1
  0C:01DA    A$main$494
  0C:01DC    A$main$495
  0C:01DD    A$main$498
  0C:01E0    A$main$499
  0C:01E2    A$main$500
  0C:01E3    A$main$503
  0C:01E6    A$main$504
  0C:01E8    A$main$505
  0C:01E9    A$main$509
  0C:01E9    C$main.c$79$1$1
  0C:01EC    A$main$510
  0C:01EE    A$main$511
  0C:01EF    A$main$512
  0C:01F0    A$main$513
  0C:01F2    A$main$514
  0C:01F3    A$main$515
  0C:01F4    A$main$516
  0C:01F6    A$main$517
  0C:01F7    A$main$519
  0C:01FA    A$main$520
  0C:01FC    A$main$521
  0C:01FD    A$main$522
  0C:01FE    A$main$523
  0C:01FF    A$main$524
  0C:0200    A$main$526
  0C:0203    A$main$527
  0C:0206    A$main$528
  0C:0209    A$main$529
  0C:020C    A$main$533
  0C:020C    C$main.c$80$1$1
  0C:020F    A$main$534
  0C:0211    A$main$535
  0C:0212    A$main$536
  0C:0213    A$main$537
  0C:0215    A$main$538
  0C:0216    A$main$539
  0C:0217    A$main$540
  0C:0219    A$main$541
  0C:021A    A$main$543
  0C:021D    A$main$544
  0C:021F    A$main$545
  0C:0220    A$main$546
  0C:0221    A$main$547
  0C:0222    A$main$548
  0C:0223    A$main$550
  0C:0226    A$main$551
  0C:0229    A$main$552
  0C:022C    A$main$553
  0C:022F    A$main$557
  0C:022F    C$main.c$82$1$1
  0C:0232    A$main$558
  0C:0234    A$main$559
  0C:0235    A$main$561
  0C:0238    A$main$562
  0C:023A    A$main$563
  0C:023B    A$main$565
  0C:023E    A$main$566
  0C:0241    A$main$567
  0C:0244    A$main$568
  0C:0247    A$main$572
  0C:0247    C$main.c$84$1$1
  0C:024A    A$main$573
  0C:024B    A$main$574
  0C:024C    A$main$575
  0C:024D    A$main$576
  0C:024E    A$main$577
  0C:024F    A$main$578
  0C:0250    A$main$579
  0C:0251    A$main$580
  0C:0252    A$main$581
  0C:0253    A$main$582
  0C:0254    A$main$583
  0C:0255    A$main$586
  0C:0256    A$main$587
  0C:0258    A$main$588
  0C:0259    A$main$589
  0C:025B    A$main$590
  0C:025C    A$main$591
  0C:025E    A$main$592
  0C:025F    A$main$593
  0C:0261    A$main$594
  0C:0263    A$main$595
  0C:0265    A$main$596
  0C:0268    A$main$597
  0C:026A    A$main$599
  0C:026C    A$main$600
  0C:026F    A$main$605
  0C:026F    C$main.c$86$2$2
  0C:0272    A$main$606
  0C:0273    A$main$607
  0C:0274    A$main$608
  0C:0275    A$main$609
  0C:0276    A$main$610
  0C:0277    A$main$611
  0C:0278    A$main$612
  0C:0279    A$main$613
  0C:027A    A$main$614
  0C:027D    A$main$619
  0C:027D    C$main.c$90$2$3
  0C:0280    A$main$620
  0C:0282    A$main$621
  0C:0283    A$main$622
  0C:0284    A$main$623
  0C:0285    A$main$624
  0C:0286    A$main$625
  0C:0287    A$main$626
  0C:0288    A$main$627
  0C:0289    A$main$628
  0C:028A    A$main$633
  0C:028A    C$main.c$92$1$1
  0C:028D    A$main$634
  0C:028E    A$main$635
  0C:028F    A$main$636
  0C:0290    A$main$637
  0C:0291    A$main$638
  0C:0292    A$main$639
  0C:0293    A$main$640
  0C:0294    A$main$641
  0C:0295    A$main$642
  0C:0296    A$main$643
  0C:0297    A$main$644
  0C:0298    A$main$647
  0C:029B    A$main$648
  0C:029D    A$main$649
  0C:029E    A$main$651
  0C:02A1    A$main$652
  0C:02A2    A$main$653
  0C:02A3    A$main$655
  0C:02A6    A$main$656
  0C:02A9    A$main$657
  0C:02AC    A$main$658
  0C:02AF    A$main$662
  0C:02AF    C$main.c$95$1$1
  0C:02B2    A$main$663
  0C:02B5    A$main$664
  0C:02B8    A$main$665
  0C:02BB    A$main$669
  0C:02BB    C$main.c$96$1$1
  0C:02BB    XG$timer0_isr$0$0
  0C:02BC    A$main$684
  0C:02BC    C$main.c$104$1$1
  0C:02BC    C$main.c$98$1$1
  0C:02BC    G$enable_8051_interrupts$0$0
  0C:02BC    _enable_8051_interrupts
  0C:02BE    A$main$685
  0C:02C0    A$main$686
  0C:02C2    A$main$690
  0C:02C2    C$main.c$105$1$1
  0C:02C2    XG$enable_8051_interrupts$0$0
  0C:02C3    A$main$705
  0C:02C3    C$main.c$107$1$1
  0C:02C3    C$main.c$112$1$1
  0C:02C3    G$C8051_interrupt_type$0$0
  0C:02C3    _C8051_interrupt_type
  0C:02C5    A$main$706
  0C:02C7    A$main$710
  0C:02C7    C$main.c$113$1$1
  0C:02C7    XG$C8051_interrupt_type$0$0
  0C:02C8    A$main$729
  0C:02C8    C$main.c$116$1$1
  0C:02C8    C$main.c$118$1$1
  0C:02C8    G$main$0$0
  0C:02C8    _main
  0C:02CB    A$main$730
  0C:02CD    A$main$731
  0C:02CE    A$main$734
  0C:02D1    A$main$735
  0C:02D3    A$main$736
  0C:02D4    A$main$739
  0C:02D7    A$main$740
  0C:02D9    A$main$741
  0C:02DA    A$main$744
  0C:02DD    A$main$745
  0C:02DF    A$main$746
  0C:02E0    A$main$749
  0C:02E3    A$main$750
  0C:02E5    A$main$751
  0C:02E6    A$main$754
  0C:02E9    A$main$755
  0C:02EB    A$main$756
  0C:02EC    A$main$759
  0C:02EF    A$main$760
  0C:02F1    A$main$761
  0C:02F2    A$main$764
  0C:02F5    A$main$765
  0C:02F7    A$main$766
  0C:02F8    A$main$769
  0C:02FB    A$main$770
  0C:02FD    A$main$771
  0C:02FE    A$main$774
  0C:0301    A$main$775
  0C:0303    A$main$776
  0C:0304    A$main$779
  0C:0307    A$main$780
  0C:0309    A$main$781
  0C:030A    A$main$784
  0C:030D    A$main$785
  0C:030F    A$main$786
  0C:0310    A$main$789
  0C:0313    A$main$790
  0C:0315    A$main$791
  0C:0316    A$main$794
  0C:0319    A$main$795
  0C:031B    A$main$796
  0C:031C    A$main$799
  0C:031F    A$main$800
  0C:0321    A$main$801
  0C:0322    A$main$804
  0C:0325    A$main$805
  0C:0327    A$main$806
  0C:0328    A$main$809
  0C:032B    A$main$810
  0C:032D    A$main$811
  0C:032E    A$main$814
  0C:0331    A$main$815
  0C:0333    A$main$816
  0C:0334    A$main$819
  0C:0337    A$main$820
  0C:0339    A$main$821
  0C:033A    A$main$824
  0C:033D    A$main$825
  0C:033F    A$main$826
  0C:0340    A$main$829
  0C:0343    A$main$830
  0C:0345    A$main$831
  0C:0346    A$main$834
  0C:0349    A$main$835
  0C:034B    A$main$836
  0C:034C    A$main$839
  0C:034F    A$main$840
  0C:0351    A$main$841
  0C:0352    A$main$844
  0C:0355    A$main$845
  0C:0357    A$main$846
  0C:0358    A$main$849
  0C:035B    A$main$850
  0C:035D    A$main$851
  0C:035E    A$main$854
  0C:0361    A$main$855
  0C:0363    A$main$856
  0C:0364    A$main$859
  0C:0367    A$main$860
  0C:0369    A$main$861
  0C:036A    A$main$864
  0C:036D    A$main$865
  0C:036F    A$main$866
  0C:0370    A$main$869
  0C:0373    A$main$870
  0C:0375    A$main$871
  0C:0376    A$main$874
  0C:0379    A$main$875
  0C:037B    A$main$876
  0C:037C    A$main$879
  0C:037F    A$main$880
  0C:0381    A$main$881
  0C:0382    A$main$884
  0C:0385    A$main$885
  0C:0387    A$main$886
  0C:0388    A$main$889
  0C:038B    A$main$890
  0C:038D    A$main$891
  0C:038E    A$main$894
  0C:0391    A$main$895
  0C:0393    A$main$896
  0C:0394    A$main$899
  0C:0397    A$main$900
  0C:0399    A$main$901
  0C:039A    A$main$904
  0C:039D    A$main$905
  0C:039F    A$main$906
  0C:03A0    A$main$909
  0C:03A3    A$main$910
  0C:03A5    A$main$911
  0C:03A6    A$main$914
  0C:03A9    A$main$915
  0C:03AB    A$main$916
  0C:03AC    A$main$919
  0C:03AF    A$main$920
  0C:03B1    A$main$921
  0C:03B2    A$main$924
  0C:03B5    A$main$925
  0C:03B7    A$main$926
  0C:03B8    A$main$931
  0C:03B8    C$main.c$119$1$1
  0C:03BB    A$main$932
  0C:03BD    A$main$933
  0C:03BE    A$main$936
  0C:03C1    A$main$937
  0C:03C3    A$main$938
  0C:03C4    A$main$941
  0C:03C7    A$main$942
  0C:03C9    A$main$943
  0C:03CA    A$main$948
  0C:03CA    C$main.c$120$1$1
  0C:03CD    A$main$949
  0C:03CF    A$main$950
  0C:03D0    A$main$953
  0C:03D3    A$main$954
  0C:03D5    A$main$955
  0C:03D6    A$main$958
  0C:03D9    A$main$959
  0C:03DB    A$main$960
  0C:03DC    A$main$963
  0C:03DF    A$main$964
  0C:03E1    A$main$965
  0C:03E2    A$main$968
  0C:03E5    A$main$969
  0C:03E7    A$main$970
  0C:03E8    A$main$973
  0C:03EB    A$main$974
  0C:03ED    A$main$975
  0C:03EE    A$main$978
  0C:03F1    A$main$979
  0C:03F3    A$main$980
  0C:03F4    A$main$983
  0C:03F7    A$main$984
  0C:03F9    A$main$985
  0C:03FA    A$main$988
  0C:03FD    A$main$989
  0C:03FF    A$main$990
  0C:0400    A$main$993
  0C:0403    A$main$994
  0C:0405    A$main$995
  0C:0406    A$main$998
  0C:0409    A$main$999
  0C:040B    A$main$1000
  0C:040C    A$main$1003
  0C:040F    A$main$1004
  0C:0411    A$main$1005
  0C:0412    A$main$1008
  0C:0415    A$main$1009
  0C:0417    A$main$1010
  0C:0418    A$main$1013
  0C:041B    A$main$1014
  0C:041D    A$main$1015
  0C:041E    A$main$1018
  0C:0421    A$main$1019
  0C:0423    A$main$1020
  0C:0424    A$main$1023
  0C:0427    A$main$1024
  0C:0429    A$main$1025
  0C:042A    A$main$1028
  0C:042D    A$main$1029
  0C:042F    A$main$1030
  0C:0430    A$main$1033
  0C:0433    A$main$1034
  0C:0435    A$main$1035
  0C:0436    A$main$1038
  0C:0439    A$main$1039
  0C:043B    A$main$1040
  0C:043C    A$main$1043
  0C:043F    A$main$1044
  0C:0441    A$main$1045
  0C:0442    A$main$1048
  0C:0445    A$main$1049
  0C:0447    A$main$1050
  0C:0448    A$main$1053
  0C:044B    A$main$1054
  0C:044D    A$main$1055
  0C:044E    A$main$1058
  0C:0451    A$main$1059
  0C:0453    A$main$1060
  0C:0454    A$main$1063
  0C:0457    A$main$1064
  0C:0459    A$main$1065
  0C:045A    A$main$1068
  0C:045D    A$main$1069
  0C:045F    A$main$1070
  0C:0460    A$main$1073
  0C:0463    A$main$1074
  0C:0465    A$main$1075
  0C:0466    A$main$1078
  0C:0469    A$main$1079
  0C:046B    A$main$1080
  0C:046C    A$main$1083
  0C:046F    A$main$1084
  0C:0471    A$main$1085
  0C:0472    A$main$1088
  0C:0475    A$main$1089
  0C:0477    A$main$1090
  0C:0478    A$main$1093
  0C:047B    A$main$1094
  0C:047D    A$main$1095
  0C:047E    A$main$1099
  0C:047E    C$main.c$121$1$1
  0C:0481    A$main$1103
  0C:0481    C$main.c$126$1$1
  0C:0484    A$main$1104
  0C:0486    A$main$1105
  0C:0487    A$main$1106
  0C:0488    A$main$1107
  0C:048A    A$main$1108
  0C:048B    A$main$1110
  0C:048E    A$main$1111
  0C:0490    A$main$1112
  0C:0491    A$main$1113
  0C:0492    A$main$1114
  0C:0493    A$main$1115
  0C:0494    A$main$1117
  0C:0497    A$main$1118
  0C:0499    A$main$1119
  0C:049A    A$main$1121
  0C:049D    A$main$1122
  0C:04A0    A$main$1123
  0C:04A3    A$main$1124
  0C:04A6    A$main$1128
  0C:04A6    C$main.c$127$1$1
  0C:04A9    A$main$1129
  0C:04AB    A$main$1130
  0C:04AC    A$main$1131
  0C:04AD    A$main$1132
  0C:04AF    A$main$1133
  0C:04B0    A$main$1135
  0C:04B3    A$main$1136
  0C:04B5    A$main$1137
  0C:04B6    A$main$1138
  0C:04B7    A$main$1139
  0C:04B9    A$main$1140
  0C:04BA    A$main$1141
  0C:04BB    A$main$1142
  0C:04BD    A$main$1143
  0C:04BE    A$main$1144
  0C:04BF    A$main$1145
  0C:04C1    A$main$1146
  0C:04C2    A$main$1148
  0C:04C5    A$main$1149
  0C:04C7    A$main$1150
  0C:04C8    A$main$1151
  0C:04C9    A$main$1152
  0C:04CA    A$main$1153
  0C:04CB    A$main$1154
  0C:04CC    A$main$1155
  0C:04CD    A$main$1156
  0C:04CE    A$main$1157
  0C:04CF    A$main$1159
  0C:04D2    A$main$1160
  0C:04D5    A$main$1161
  0C:04D8    A$main$1162
  0C:04DB    A$main$1166
  0C:04DB    C$main.c$128$1$1
  0C:04DE    A$main$1167
  0C:04E1    A$main$1168
  0C:04E4    A$main$1169
  0C:04E7    A$main$1173
  0C:04E7    C$main.c$129$1$1
  0C:04EA    A$main$1174
  0C:04EC    A$main$1175
  0C:04ED    A$main$1176
  0C:04EE    A$main$1177
  0C:04F0    A$main$1178
  0C:04F1    A$main$1180
  0C:04F4    A$main$1181
  0C:04F6    A$main$1182
  0C:04F7    A$main$1184
  0C:04FA    A$main$1185
  0C:04FD    A$main$1186
  0C:0500    A$main$1187
  0C:0503    A$main$1191
  0C:0503    C$main.c$135$1$1
  0C:0506    A$main$1192
  0C:0508    A$main$1193
  0C:0509    A$main$1195
  0C:050C    A$main$1196
  0C:050E    A$main$1197
  0C:050F    A$main$1198
  0C:0510    A$main$1199
  0C:0511    A$main$1200
  0C:0512    A$main$1201
  0C:0513    A$main$1202
  0C:0514    A$main$1203
  0C:0515    A$main$1204
  0C:0516    A$main$1206
  0C:0519    A$main$1207
  0C:051C    A$main$1208
  0C:051F    A$main$1209
  0C:0522    A$main$1213
  0C:0522    C$main.c$136$1$1
  0C:0525    A$main$1214
  0C:0527    A$main$1215
  0C:0528    A$main$1217
  0C:052B    A$main$1218
  0C:052D    A$main$1219
  0C:052E    A$main$1220
  0C:052F    A$main$1221
  0C:0530    A$main$1222
  0C:0531    A$main$1223
  0C:0532    A$main$1224
  0C:0533    A$main$1225
  0C:0534    A$main$1226
  0C:0535    A$main$1228
  0C:0538    A$main$1229
  0C:053B    A$main$1230
  0C:053E    A$main$1231
  0C:0541    A$main$1235
  0C:0541    C$main.c$139$1$1
  0C:0544    A$main$1236
  0C:0546    A$main$1237
  0C:0547    A$main$1238
  0C:0548    A$main$1239
  0C:054A    A$main$1240
  0C:054B    A$main$1242
  0C:054E    A$main$1243
  0C:0550    A$main$1244
  0C:0551    A$main$1246
  0C:0554    A$main$1247
  0C:0556    A$main$1248
  0C:0557    A$main$1249
  0C:0558    A$main$1250
  0C:0559    A$main$1251
  0C:055A    A$main$1252
  0C:055B    A$main$1253
  0C:055C    A$main$1254
  0C:055D    A$main$1255
  0C:055E    A$main$1257
  0C:0561    A$main$1258
  0C:0563    A$main$1259
  0C:0564    A$main$1260
  0C:0565    A$main$1261
  0C:0567    A$main$1262
  0C:0568    A$main$1263
  0C:0569    A$main$1264
  0C:056B    A$main$1265
  0C:056C    A$main$1266
  0C:056D    A$main$1267
  0C:056F    A$main$1268
  0C:0570    A$main$1270
  0C:0573    A$main$1271
  0C:0576    A$main$1272
  0C:0579    A$main$1273
  0C:057C    A$main$1277
  0C:057C    C$main.c$148$1$1
  0C:057F    A$main$1278
  0C:0581    A$main$1279
  0C:0582    A$main$1280
  0C:0583    A$main$1281
  0C:0585    A$main$1282
  0C:0586    A$main$1283
  0C:0587    A$main$1284
  0C:0589    A$main$1285
  0C:058A    A$main$1287
  0C:058D    A$main$1288
  0C:058F    A$main$1289
  0C:0590    A$main$1290
  0C:0591    A$main$1291
  0C:0592    A$main$1292
  0C:0593    A$main$1294
  0C:0596    A$main$1295
  0C:0599    A$main$1296
  0C:059C    A$main$1297
  0C:059F    A$main$1301
  0C:059F    C$main.c$149$1$1
  0C:05A2    A$main$1302
  0C:05A4    A$main$1303
  0C:05A5    A$main$1304
  0C:05A6    A$main$1305
  0C:05A8    A$main$1306
  0C:05A9    A$main$1307
  0C:05AA    A$main$1308
  0C:05AC    A$main$1309
  0C:05AD    A$main$1311
  0C:05B0    A$main$1312
  0C:05B2    A$main$1313
  0C:05B3    A$main$1314
  0C:05B4    A$main$1315
  0C:05B5    A$main$1316
  0C:05B6    A$main$1318
  0C:05B9    A$main$1319
  0C:05BC    A$main$1320
  0C:05BF    A$main$1321
  0C:05C2    A$main$1325
  0C:05C2    C$main.c$152$1$1
  0C:05C5    A$main$1326
  0C:05C8    A$main$1327
  0C:05CB    A$main$1328
  0C:05CE    A$main$1332
  0C:05CE    C$main.c$154$1$1
  0C:05D1    A$main$1333
  0C:05D4    A$main$1334
  0C:05D7    A$main$1335
  0C:05DA    A$main$1339
  0C:05DA    C$main.c$157$1$1
  0C:05DD    A$main$1340
  0C:05DF    A$main$1341
  0C:05E0    A$main$1343
  0C:05E3    A$main$1344
  0C:05E5    A$main$1345
  0C:05E6    A$main$1347
  0C:05E9    A$main$1348
  0C:05EC    A$main$1349
  0C:05EF    A$main$1350
  0C:05F2    A$main$1354
  0C:05F2    C$main.c$161$1$1
  0C:05F5    A$main$1358
  0C:05F5    C$main.c$166$1$1
  0C:05F5    XG$main$0$0
  0C:05F6    A$hal_assert$126
  0C:05F6    C$hal_assert.c$111$0$0
  0C:05F6    G$HAL_assert_fail$0$0
  0C:05F6    _HAL_assert_fail
  0C:05F8    A$hal_assert$127
  0C:05FA    A$hal_assert$128
  0C:05FC    A$hal_assert$129
  0C:05FF    A$hal_assert$130
  0C:0600    A$hal_assert$131
  0C:0601    A$hal_assert$132
  0C:0602    A$hal_assert$133
  0C:0603    A$hal_assert$134
  0C:0604    A$hal_assert$135
  0C:0605    A$hal_assert$136
  0C:0606    A$hal_assert$143
  0C:0606    C$hal_assert.c$117$1$1
  0C:0606    C$hal_assert.c$119$2$1
  0C:0609    A$hal_assert$144
  0C:060A    A$hal_assert$145
  0C:060B    A$hal_assert$146
  0C:060C    A$hal_assert$147
  0C:060D    A$hal_assert$148
  0C:060E    A$hal_assert$149
  0C:060F    A$hal_assert$150
  0C:0610    A$hal_assert$151
  0C:0611    A$hal_assert$153
  0C:0614    A$hal_assert$154
  0C:0615    A$hal_assert$155
  0C:0616    A$hal_assert$156
  0C:0617    A$hal_assert$157
  0C:0618    A$hal_assert$158
  0C:0619    A$hal_assert$159
  0C:061A    A$hal_assert$160
  0C:061B    A$hal_assert$161
  0C:061C    A$hal_assert$165
  0C:061C    C$hal_assert.c$120$2$1
  0C:061F    A$hal_assert$166
  0C:0620    A$hal_assert$167
  0C:0621    A$hal_assert$168
  0C:0622    A$hal_assert$169
  0C:0623    A$hal_assert$170
  0C:0624    A$hal_assert$171
  0C:0625    A$hal_assert$172
  0C:0626    A$hal_assert$173
  0C:0627    A$hal_assert$174
  0C:0628    A$hal_assert$175
  0C:0629    A$hal_assert$176
  0C:062A    A$hal_assert$178
  0C:062D    A$hal_assert$179
  0C:062E    A$hal_assert$180
  0C:062F    A$hal_assert$181
  0C:0630    A$hal_assert$182
  0C:0631    A$hal_assert$183
  0C:0632    A$hal_assert$184
  0C:0633    A$hal_assert$185
  0C:0634    A$hal_assert$186
  0C:0635    A$hal_assert$187
  0C:0636    A$hal_assert$188
  0C:0637    A$hal_assert$189
  0C:0638    A$hal_assert$193
  0C:0638    C$hal_assert.c$121$2$2
  0C:063B    A$hal_assert$194
  0C:063C    A$hal_assert$195
  0C:063D    A$hal_assert$196
  0C:063E    A$hal_assert$197
  0C:063F    A$hal_assert$198
  0C:0640    A$hal_assert$199
  0C:0641    A$hal_assert$200
  0C:0642    A$hal_assert$201
  0C:0643    A$hal_assert$204
  0C:0645    A$hal_assert$205
  0C:0647    A$hal_assert$206
  0C:0649    A$hal_assert$207
  0C:064C    A$hal_assert$208
  0C:064D    A$hal_assert$210
  0C:0650    A$hal_assert$211
  0C:0651    A$hal_assert$212
  0C:0652    A$hal_assert$213
  0C:0655    A$hal_assert$217
  0C:0655    C$hal_assert.c$123$1$1
  0C:0655    XG$HAL_assert_fail$0$0
  0C:0656    G$HW_get_32bit_reg$0$0
  0C:0656    _HW_get_32bit_reg
  0C:0661    XG$HW_get_32bit_reg$0$0
  0C:0662    G$HW_set_32bit_reg$0$0
  0C:0662    _HW_set_32bit_reg
  0C:067D    XG$HW_set_32bit_reg$0$0
  0C:067E    G$HW_set_16bit_reg$0$0
  0C:067E    _HW_set_16bit_reg
  0C:0691    XG$HW_set_16bit_reg$0$0
  0C:0692    G$HW_get_16bit_reg$0$0
  0C:0692    _HW_get_16bit_reg
  0C:0698    XG$HW_get_16bit_reg$0$0
  0C:0699    G$HW_set_8bit_reg$0$0
  0C:0699    _HW_set_8bit_reg
  0C:06A6    XG$HW_set_8bit_reg$0$0
  0C:06A7    G$HW_get_8bit_reg$0$0
  0C:06A7    _HW_get_8bit_reg
  0C:06AA    XG$HW_get_8bit_reg$0$0
  0C:06AB    G$HAL_enable_interrupts$0$0
  0C:06AB    _HAL_enable_interrupts
  0C:06AE    XG$HAL_enable_interrupts$0$0
  0C:06AF    G$HAL_disable_interrupts$0$0
  0C:06AF    _HAL_disable_interrupts
  0C:06B5    XG$HAL_disable_interrupts$0$0
  0C:06B6    G$HAL_restore_interrupts$0$0
  0C:06B6    _HAL_restore_interrupts
  0C:06B9    XG$HAL_restore_interrupts$0$0
  0C:06BA    A$hw_reg_access$226
  0C:06BA    C$hw_reg_access.c$16$0$0
  0C:06BA    G$HW_set_32bit_reg_field$0$0
  0C:06BA    _HW_set_32bit_reg_field
  0C:06BC    A$hw_reg_access$227
  0C:06BE    A$hw_reg_access$228
  0C:06C1    A$hw_reg_access$229
  0C:06C2    A$hw_reg_access$230
  0C:06C3    A$hw_reg_access$231
  0C:06C4    A$hw_reg_access$232
  0C:06C5    A$hw_reg_access$236
  0C:06C5    C$hw_reg_access.c$25$1$1
  0C:06C8    A$hw_reg_access$237
  0C:06C9    A$hw_reg_access$238
  0C:06CB    A$hw_reg_access$239
  0C:06CC    A$hw_reg_access$240
  0C:06CD    A$hw_reg_access$241
  0C:06CF    A$hw_reg_access$243
  0C:06D2    A$hw_reg_access$244
  0C:06D5    A$hw_reg_access$245
  0C:06D8    A$hw_reg_access$246
  0C:06DA    A$hw_reg_access$247
  0C:06DC    A$hw_reg_access$248
  0C:06DE    A$hw_reg_access$249
  0C:06DF    A$hw_reg_access$251
  0C:06E2    A$hw_reg_access$252
  0C:06E3    A$hw_reg_access$253
  0C:06E4    A$hw_reg_access$254
  0C:06E5    A$hw_reg_access$255
  0C:06E6    A$hw_reg_access$256
  0C:06E7    A$hw_reg_access$257
  0C:06E8    A$hw_reg_access$258
  0C:06E9    A$hw_reg_access$259
  0C:06EA    A$hw_reg_access$260
  0C:06EB    A$hw_reg_access$261
  0C:06EC    A$hw_reg_access$262
  0C:06ED    A$hw_reg_access$266
  0C:06ED    C$hw_reg_access.c$26$1$1
  0C:06F0    A$hw_reg_access$267
  0C:06F1    A$hw_reg_access$268
  0C:06F2    A$hw_reg_access$269
  0C:06F3    A$hw_reg_access$270
  0C:06F4    A$hw_reg_access$271
  0C:06F5    A$hw_reg_access$272
  0C:06F6    A$hw_reg_access$273
  0C:06F7    A$hw_reg_access$274
  0C:06F8    A$hw_reg_access$275
  0C:06F9    A$hw_reg_access$276
  0C:06FA    A$hw_reg_access$277
  0C:06FB    A$hw_reg_access$279
  0C:06FC    A$hw_reg_access$280
  0C:06FD    A$hw_reg_access$281
  0C:06FF    A$hw_reg_access$282
  0C:0700    A$hw_reg_access$283
  0C:0701    A$hw_reg_access$284
  0C:0703    A$hw_reg_access$285
  0C:0704    A$hw_reg_access$286
  0C:0705    A$hw_reg_access$287
  0C:0707    A$hw_reg_access$288
  0C:0708    A$hw_reg_access$289
  0C:0709    A$hw_reg_access$290
  0C:070B    A$hw_reg_access$292
  0C:070E    A$hw_reg_access$293
  0C:070F    A$hw_reg_access$294
  0C:0710    A$hw_reg_access$295
  0C:0711    A$hw_reg_access$296
  0C:0712    A$hw_reg_access$297
  0C:0713    A$hw_reg_access$298
  0C:0714    A$hw_reg_access$299
  0C:0715    A$hw_reg_access$300
  0C:0716    A$hw_reg_access$301
  0C:0717    A$hw_reg_access$302
  0C:0718    A$hw_reg_access$303
  0C:0719    A$hw_reg_access$305
  0C:071A    A$hw_reg_access$306
  0C:071C    A$hw_reg_access$307
  0C:071D    A$hw_reg_access$308
  0C:071F    A$hw_reg_access$309
  0C:0720    A$hw_reg_access$310
  0C:0722    A$hw_reg_access$311
  0C:0723    A$hw_reg_access$312
  0C:0725    A$hw_reg_access$314
  0C:0728    A$hw_reg_access$315
  0C:0729    A$hw_reg_access$316
  0C:072B    A$hw_reg_access$318
  0C:072E    A$hw_reg_access$319
  0C:072F    A$hw_reg_access$320
  0C:0730    A$hw_reg_access$321
  0C:0731    A$hw_reg_access$322
  0C:0732    A$hw_reg_access$323
  0C:0733    A$hw_reg_access$324
  0C:0734    A$hw_reg_access$325
  0C:0735    A$hw_reg_access$326
  0C:0736    A$hw_reg_access$327
  0C:0737    A$hw_reg_access$328
  0C:0738    A$hw_reg_access$329
  0C:0739    A$hw_reg_access$331
  0C:073C    A$hw_reg_access$332
  0C:073E    A$hw_reg_access$333
  0C:0740    A$hw_reg_access$335
  0C:0741    A$hw_reg_access$336
  0C:0743    A$hw_reg_access$337
  0C:0744    A$hw_reg_access$338
  0C:0745    A$hw_reg_access$339
  0C:0746    A$hw_reg_access$340
  0C:0747    A$hw_reg_access$341
  0C:0748    A$hw_reg_access$342
  0C:0749    A$hw_reg_access$343
  0C:074A    A$hw_reg_access$344
  0C:074B    A$hw_reg_access$345
  0C:074C    A$hw_reg_access$346
  0C:074D    A$hw_reg_access$348
  0C:0750    A$hw_reg_access$350
  0C:0751    A$hw_reg_access$351
  0C:0753    A$hw_reg_access$352
  0C:0754    A$hw_reg_access$353
  0C:0756    A$hw_reg_access$354
  0C:0757    A$hw_reg_access$355
  0C:0759    A$hw_reg_access$356
  0C:075A    A$hw_reg_access$357
  0C:075C    A$hw_reg_access$359
  0C:075F    A$hw_reg_access$360
  0C:0760    A$hw_reg_access$361
  0C:0762    A$hw_reg_access$362
  0C:0763    A$hw_reg_access$363
  0C:0764    A$hw_reg_access$364
  0C:0766    A$hw_reg_access$365
  0C:0767    A$hw_reg_access$366
  0C:0768    A$hw_reg_access$367
  0C:0769    A$hw_reg_access$368
  0C:076B    A$hw_reg_access$369
  0C:076C    A$hw_reg_access$370
  0C:076D    A$hw_reg_access$371
  0C:076E    A$hw_reg_access$372
  0C:0770    A$hw_reg_access$373
  0C:0771    A$hw_reg_access$374
  0C:0772    A$hw_reg_access$378
  0C:0772    C$hw_reg_access.c$27$1$1
  0C:0775    A$hw_reg_access$379
  0C:0776    A$hw_reg_access$380
  0C:0777    A$hw_reg_access$381
  0C:0778    A$hw_reg_access$382
  0C:0779    A$hw_reg_access$383
  0C:077A    A$hw_reg_access$384
  0C:077B    A$hw_reg_access$385
  0C:077C    A$hw_reg_access$386
  0C:077D    A$hw_reg_access$387
  0C:077E    A$hw_reg_access$388
  0C:077F    A$hw_reg_access$389
  0C:0780    A$hw_reg_access$391
  0C:0783    A$hw_reg_access$392
  0C:0784    A$hw_reg_access$393
  0C:0785    A$hw_reg_access$394
  0C:0786    A$hw_reg_access$395
  0C:0787    A$hw_reg_access$396
  0C:0788    A$hw_reg_access$397
  0C:0789    A$hw_reg_access$398
  0C:078A    A$hw_reg_access$399
  0C:078B    A$hw_reg_access$400
  0C:078C    A$hw_reg_access$401
  0C:078D    A$hw_reg_access$402
  0C:078E    A$hw_reg_access$404
  0C:0791    A$hw_reg_access$405
  0C:0794    A$hw_reg_access$406
  0C:0797    A$hw_reg_access$410
  0C:0797    C$hw_reg_access.c$28$1$1
  0C:0797    XG$HW_set_32bit_reg_field$0$0
  0C:0798    A$hw_reg_access$427
  0C:0798    C$hw_reg_access.c$34$1$1
  0C:0798    G$HW_get_32bit_reg_field$0$0
  0C:0798    _HW_get_32bit_reg_field
  0C:079A    A$hw_reg_access$428
  0C:079C    A$hw_reg_access$429
  0C:079F    A$hw_reg_access$430
  0C:07A0    A$hw_reg_access$431
  0C:07A1    A$hw_reg_access$432
  0C:07A2    A$hw_reg_access$433
  0C:07A3    A$hw_reg_access$437
  0C:07A3    C$hw_reg_access.c$42$1$1
  0C:07A6    A$hw_reg_access$438
  0C:07A7    A$hw_reg_access$439
  0C:07A8    A$hw_reg_access$440
  0C:07A9    A$hw_reg_access$441
  0C:07AA    A$hw_reg_access$442
  0C:07AB    A$hw_reg_access$444
  0C:07AD    A$hw_reg_access$445
  0C:07AF    A$hw_reg_access$446
  0C:07B2    A$hw_reg_access$447
  0C:07B4    A$hw_reg_access$448
  0C:07B6    A$hw_reg_access$449
  0C:07B8    A$hw_reg_access$450
  0C:07B9    A$hw_reg_access$452
  0C:07BC    A$hw_reg_access$453
  0C:07BD    A$hw_reg_access$454
  0C:07BE    A$hw_reg_access$455
  0C:07BF    A$hw_reg_access$456
  0C:07C0    A$hw_reg_access$457
  0C:07C1    A$hw_reg_access$458
  0C:07C2    A$hw_reg_access$459
  0C:07C3    A$hw_reg_access$460
  0C:07C4    A$hw_reg_access$461
  0C:07C5    A$hw_reg_access$462
  0C:07C6    A$hw_reg_access$463
  0C:07C7    A$hw_reg_access$465
  0C:07C8    A$hw_reg_access$466
  0C:07CA    A$hw_reg_access$467
  0C:07CB    A$hw_reg_access$468
  0C:07CD    A$hw_reg_access$469
  0C:07CE    A$hw_reg_access$470
  0C:07D0    A$hw_reg_access$471
  0C:07D1    A$hw_reg_access$472
  0C:07D3    A$hw_reg_access$474
  0C:07D6    A$hw_reg_access$475
  0C:07D7    A$hw_reg_access$476
  0C:07D8    A$hw_reg_access$478
  0C:07DA    A$hw_reg_access$479
  0C:07DC    A$hw_reg_access$480
  0C:07DE    A$hw_reg_access$482
  0C:07DF    A$hw_reg_access$483
  0C:07E0    A$hw_reg_access$484
  0C:07E1    A$hw_reg_access$485
  0C:07E2    A$hw_reg_access$486
  0C:07E3    A$hw_reg_access$487
  0C:07E4    A$hw_reg_access$488
  0C:07E5    A$hw_reg_access$489
  0C:07E6    A$hw_reg_access$490
  0C:07E7    A$hw_reg_access$491
  0C:07E8    A$hw_reg_access$492
  0C:07E9    A$hw_reg_access$493
  0C:07EA    A$hw_reg_access$494
  0C:07EB    A$hw_reg_access$496
  0C:07EE    A$hw_reg_access$498
  0C:07F1    A$hw_reg_access$499
  0C:07F2    A$hw_reg_access$500
  0C:07F3    A$hw_reg_access$501
  0C:07F4    A$hw_reg_access$502
  0C:07F5    A$hw_reg_access$503
  0C:07F6    A$hw_reg_access$504
  0C:07F7    A$hw_reg_access$505
  0C:07F8    A$hw_reg_access$506
  0C:07F9    A$hw_reg_access$507
  0C:07FA    A$hw_reg_access$508
  0C:07FB    A$hw_reg_access$509
  0C:07FC    A$hw_reg_access$513
  0C:07FC    C$hw_reg_access.c$43$1$1
  0C:07FF    A$hw_reg_access$514
  0C:0800    A$hw_reg_access$515
  0C:0801    A$hw_reg_access$516
  0C:0802    A$hw_reg_access$517
  0C:0803    A$hw_reg_access$518
  0C:0804    A$hw_reg_access$519
  0C:0805    A$hw_reg_access$520
  0C:0806    A$hw_reg_access$521
  0C:0807    A$hw_reg_access$522
  0C:0808    A$hw_reg_access$523
  0C:0809    A$hw_reg_access$524
  0C:080A    A$hw_reg_access$526
  0C:080C    A$hw_reg_access$527
  0C:080E    A$hw_reg_access$528
  0C:0810    A$hw_reg_access$529
  0C:0811    A$hw_reg_access$533
  0C:0811    C$hw_reg_access.c$44$1$1
  0C:0811    XG$HW_get_32bit_reg_field$0$0
  0C:0812    A$hw_reg_access$552
  0C:0812    C$hw_reg_access.c$49$1$1
  0C:0812    G$HW_set_16bit_reg_field$0$0
  0C:0812    _HW_set_16bit_reg_field
  0C:0814    A$hw_reg_access$553
  0C:0816    A$hw_reg_access$554
  0C:0819    A$hw_reg_access$555
  0C:081A    A$hw_reg_access$556
  0C:081B    A$hw_reg_access$557
  0C:081C    A$hw_reg_access$558
  0C:081D    A$hw_reg_access$562
  0C:081D    C$hw_reg_access.c$58$1$1
  0C:0820    A$hw_reg_access$563
  0C:0821    A$hw_reg_access$564
  0C:0822    A$hw_reg_access$565
  0C:0823    A$hw_reg_access$566
  0C:0824    A$hw_reg_access$567
  0C:0825    A$hw_reg_access$569
  0C:0827    A$hw_reg_access$570
  0C:0829    A$hw_reg_access$571
  0C:082B    A$hw_reg_access$572
  0C:082D    A$hw_reg_access$573
  0C:0830    A$hw_reg_access$574
  0C:0832    A$hw_reg_access$575
  0C:0835    A$hw_reg_access$576
  0C:0837    A$hw_reg_access$577
  0C:0839    A$hw_reg_access$579
  0C:083C    A$hw_reg_access$580
  0C:083D    A$hw_reg_access$581
  0C:083E    A$hw_reg_access$582
  0C:0840    A$hw_reg_access$583
  0C:0841    A$hw_reg_access$587
  0C:0841    C$hw_reg_access.c$59$1$1
  0C:0844    A$hw_reg_access$588
  0C:0845    A$hw_reg_access$589
  0C:0846    A$hw_reg_access$590
  0C:0847    A$hw_reg_access$591
  0C:0848    A$hw_reg_access$592
  0C:0849    A$hw_reg_access$594
  0C:084A    A$hw_reg_access$595
  0C:084B    A$hw_reg_access$596
  0C:084C    A$hw_reg_access$597
  0C:084D    A$hw_reg_access$598
  0C:084E    A$hw_reg_access$599
  0C:084F    A$hw_reg_access$601
  0C:0852    A$hw_reg_access$602
  0C:0853    A$hw_reg_access$603
  0C:0854    A$hw_reg_access$604
  0C:0855    A$hw_reg_access$605
  0C:0856    A$hw_reg_access$606
  0C:0857    A$hw_reg_access$608
  0C:0858    A$hw_reg_access$609
  0C:085A    A$hw_reg_access$610
  0C:085B    A$hw_reg_access$611
  0C:085D    A$hw_reg_access$613
  0C:0860    A$hw_reg_access$614
  0C:0861    A$hw_reg_access$615
  0C:0863    A$hw_reg_access$617
  0C:0866    A$hw_reg_access$618
  0C:0867    A$hw_reg_access$619
  0C:0868    A$hw_reg_access$620
  0C:0869    A$hw_reg_access$621
  0C:086A    A$hw_reg_access$622
  0C:086B    A$hw_reg_access$624
  0C:086E    A$hw_reg_access$625
  0C:0870    A$hw_reg_access$626
  0C:0872    A$hw_reg_access$628
  0C:0873    A$hw_reg_access$629
  0C:0875    A$hw_reg_access$630
  0C:0876    A$hw_reg_access$631
  0C:0877    A$hw_reg_access$632
  0C:0878    A$hw_reg_access$633
  0C:0879    A$hw_reg_access$635
  0C:087C    A$hw_reg_access$637
  0C:087D    A$hw_reg_access$638
  0C:087F    A$hw_reg_access$639
  0C:0880    A$hw_reg_access$640
  0C:0882    A$hw_reg_access$642
  0C:0885    A$hw_reg_access$643
  0C:0886    A$hw_reg_access$644
  0C:0887    A$hw_reg_access$645
  0C:0888    A$hw_reg_access$646
  0C:0889    A$hw_reg_access$647
  0C:088A    A$hw_reg_access$648
  0C:088B    A$hw_reg_access$649
  0C:088C    A$hw_reg_access$653
  0C:088C    C$hw_reg_access.c$60$1$1
  0C:088F    A$hw_reg_access$654
  0C:0890    A$hw_reg_access$655
  0C:0891    A$hw_reg_access$656
  0C:0892    A$hw_reg_access$657
  0C:0893    A$hw_reg_access$658
  0C:0894    A$hw_reg_access$660
  0C:0897    A$hw_reg_access$661
  0C:0898    A$hw_reg_access$662
  0C:0899    A$hw_reg_access$663
  0C:089A    A$hw_reg_access$664
  0C:089B    A$hw_reg_access$665
  0C:089C    A$hw_reg_access$667
  0C:089E    A$hw_reg_access$668
  0C:08A0    A$hw_reg_access$669
  0C:08A3    A$hw_reg_access$673
  0C:08A3    C$hw_reg_access.c$61$1$1
  0C:08A3    XG$HW_set_16bit_reg_field$0$0
  0C:08A4    A$hw_reg_access$690
  0C:08A4    C$hw_reg_access.c$66$1$1
  0C:08A4    G$HW_get_16bit_reg_field$0$0
  0C:08A4    _HW_get_16bit_reg_field
  0C:08A6    A$hw_reg_access$691
  0C:08A8    A$hw_reg_access$692
  0C:08AB    A$hw_reg_access$693
  0C:08AC    A$hw_reg_access$694
  0C:08AD    A$hw_reg_access$695
  0C:08AE    A$hw_reg_access$696
  0C:08AF    A$hw_reg_access$700
  0C:08AF    C$hw_reg_access.c$74$1$1
  0C:08B2    A$hw_reg_access$701
  0C:08B3    A$hw_reg_access$702
  0C:08B4    A$hw_reg_access$703
  0C:08B5    A$hw_reg_access$704
  0C:08B6    A$hw_reg_access$705
  0C:08B7    A$hw_reg_access$707
  0C:08B9    A$hw_reg_access$708
  0C:08BB    A$hw_reg_access$709
  0C:08BE    A$hw_reg_access$710
  0C:08C0    A$hw_reg_access$711
  0C:08C2    A$hw_reg_access$713
  0C:08C5    A$hw_reg_access$714
  0C:08C6    A$hw_reg_access$715
  0C:08C7    A$hw_reg_access$716
  0C:08C8    A$hw_reg_access$717
  0C:08C9    A$hw_reg_access$718
  0C:08CA    A$hw_reg_access$720
  0C:08CB    A$hw_reg_access$721
  0C:08CD    A$hw_reg_access$722
  0C:08CE    A$hw_reg_access$723
  0C:08D0    A$hw_reg_access$725
  0C:08D3    A$hw_reg_access$726
  0C:08D4    A$hw_reg_access$727
  0C:08D5    A$hw_reg_access$729
  0C:08D7    A$hw_reg_access$730
  0C:08D9    A$hw_reg_access$731
  0C:08DB    A$hw_reg_access$733
  0C:08DC    A$hw_reg_access$734
  0C:08DD    A$hw_reg_access$735
  0C:08DE    A$hw_reg_access$736
  0C:08DF    A$hw_reg_access$737
  0C:08E0    A$hw_reg_access$738
  0C:08E1    A$hw_reg_access$739
  0C:08E2    A$hw_reg_access$741
  0C:08E5    A$hw_reg_access$743
  0C:08E8    A$hw_reg_access$744
  0C:08E9    A$hw_reg_access$745
  0C:08EA    A$hw_reg_access$746
  0C:08EB    A$hw_reg_access$747
  0C:08EC    A$hw_reg_access$748
  0C:08ED    A$hw_reg_access$752
  0C:08ED    C$hw_reg_access.c$75$1$1
  0C:08F0    A$hw_reg_access$753
  0C:08F1    A$hw_reg_access$754
  0C:08F2    A$hw_reg_access$755
  0C:08F3    A$hw_reg_access$756
  0C:08F4    A$hw_reg_access$757
  0C:08F5    A$hw_reg_access$759
  0C:08F7    A$hw_reg_access$760
  0C:08F9    A$hw_reg_access$764
  0C:08F9    C$hw_reg_access.c$76$1$1
  0C:08F9    XG$HW_get_16bit_reg_field$0$0
  0C:08FA    A$hw_reg_access$782
  0C:08FA    C$hw_reg_access.c$81$1$1
  0C:08FA    G$HW_set_8bit_reg_field$0$0
  0C:08FA    _HW_set_8bit_reg_field
  0C:08FC    A$hw_reg_access$783
  0C:08FE    A$hw_reg_access$784
  0C:0901    A$hw_reg_access$785
  0C:0902    A$hw_reg_access$786
  0C:0903    A$hw_reg_access$787
  0C:0904    A$hw_reg_access$788
  0C:0905    A$hw_reg_access$792
  0C:0905    C$hw_reg_access.c$90$1$1
  0C:0908    A$hw_reg_access$793
  0C:0909    A$hw_reg_access$794
  0C:090A    A$hw_reg_access$795
  0C:090B    A$hw_reg_access$796
  0C:090C    A$hw_reg_access$797
  0C:090D    A$hw_reg_access$799
  0C:090F    A$hw_reg_access$800
  0C:0911    A$hw_reg_access$801
  0C:0913    A$hw_reg_access$802
  0C:0915    A$hw_reg_access$803
  0C:0918    A$hw_reg_access$804
  0C:091A    A$hw_reg_access$805
  0C:091C    A$hw_reg_access$806
  0C:091E    A$hw_reg_access$808
  0C:0921    A$hw_reg_access$809
  0C:0922    A$hw_reg_access$813
  0C:0922    C$hw_reg_access.c$91$1$1
  0C:0925    A$hw_reg_access$814
  0C:0926    A$hw_reg_access$815
  0C:0927    A$hw_reg_access$817
  0C:0928    A$hw_reg_access$818
  0C:0929    A$hw_reg_access$819
  0C:092A    A$hw_reg_access$821
  0C:092D    A$hw_reg_access$822
  0C:092E    A$hw_reg_access$823
  0C:092F    A$hw_reg_access$825
  0C:0930    A$hw_reg_access$826
  0C:0932    A$hw_reg_access$828
  0C:0935    A$hw_reg_access$829
  0C:0936    A$hw_reg_access$830
  0C:0937    A$hw_reg_access$832
  0C:093A    A$hw_reg_access$833
  0C:093B    A$hw_reg_access$834
  0C:093C    A$hw_reg_access$836
  0C:093E    A$hw_reg_access$837
  0C:0940    A$hw_reg_access$838
  0C:0941    A$hw_reg_access$839
  0C:0943    A$hw_reg_access$841
  0C:0945    A$hw_reg_access$843
  0C:0948    A$hw_reg_access$845
  0C:0949    A$hw_reg_access$847
  0C:094C    A$hw_reg_access$848
  0C:094D    A$hw_reg_access$849
  0C:094E    A$hw_reg_access$853
  0C:094E    C$hw_reg_access.c$92$1$1
  0C:0951    A$hw_reg_access$854
  0C:0952    A$hw_reg_access$855
  0C:0953    A$hw_reg_access$857
  0C:0956    A$hw_reg_access$858
  0C:0957    A$hw_reg_access$859
  0C:0958    A$hw_reg_access$861
  0C:095A    A$hw_reg_access$862
  0C:095C    A$hw_reg_access$863
  0C:095F    A$hw_reg_access$867
  0C:095F    C$hw_reg_access.c$93$1$1
  0C:095F    XG$HW_set_8bit_reg_field$0$0
  0C:0960    A$hw_reg_access$884
  0C:0960    C$hw_reg_access.c$98$1$1
  0C:0960    G$HW_get_8bit_reg_field$0$0
  0C:0960    _HW_get_8bit_reg_field
  0C:0962    A$hw_reg_access$885
  0C:0964    A$hw_reg_access$886
  0C:0967    A$hw_reg_access$887
  0C:0968    A$hw_reg_access$888
  0C:0969    A$hw_reg_access$889
  0C:096A    A$hw_reg_access$890
  0C:096B    A$hw_reg_access$894
  0C:096B    C$hw_reg_access.c$106$1$1
  0C:096E    A$hw_reg_access$895
  0C:096F    A$hw_reg_access$896
  0C:0970    A$hw_reg_access$897
  0C:0971    A$hw_reg_access$898
  0C:0972    A$hw_reg_access$899
  0C:0973    A$hw_reg_access$901
  0C:0975    A$hw_reg_access$902
  0C:0977    A$hw_reg_access$903
  0C:097A    A$hw_reg_access$904
  0C:097C    A$hw_reg_access$906
  0C:097F    A$hw_reg_access$907
  0C:0980    A$hw_reg_access$908
  0C:0981    A$hw_reg_access$910
  0C:0982    A$hw_reg_access$911
  0C:0984    A$hw_reg_access$913
  0C:0987    A$hw_reg_access$914
  0C:0988    A$hw_reg_access$915
  0C:0989    A$hw_reg_access$917
  0C:098B    A$hw_reg_access$918
  0C:098D    A$hw_reg_access$919
  0C:098E    A$hw_reg_access$920
  0C:0990    A$hw_reg_access$922
  0C:0991    A$hw_reg_access$923
  0C:0992    A$hw_reg_access$925
  0C:0995    A$hw_reg_access$927
  0C:0998    A$hw_reg_access$928
  0C:0999    A$hw_reg_access$932
  0C:0999    C$hw_reg_access.c$107$1$1
  0C:099C    A$hw_reg_access$933
  0C:099D    A$hw_reg_access$934
  0C:099E    A$hw_reg_access$936
  0C:09A0    A$hw_reg_access$940
  0C:09A0    C$hw_reg_access.c$108$1$1
  0C:09A0    XG$HW_get_8bit_reg_field$0$0
  0C:09A1    A$core_watchdog$167
  0C:09A1    C$core_watchdog.c$26$0$0
  0C:09A1    G$WD_init$0$0
  0C:09A1    _WD_init
  0C:09A3    A$core_watchdog$168
  0C:09A5    A$core_watchdog$169
  0C:09A7    A$core_watchdog$170
  0C:09AA    A$core_watchdog$171
  0C:09AB    A$core_watchdog$172
  0C:09AC    A$core_watchdog$173
  0C:09AD    A$core_watchdog$174
  0C:09AE    A$core_watchdog$175
  0C:09AF    A$core_watchdog$176
  0C:09B0    A$core_watchdog$177
  0C:09B1    A$core_watchdog$181
  0C:09B1    C$core_watchdog.c$34$2$2
  0C:09B4    A$core_watchdog$182
  0C:09B5    A$core_watchdog$183
  0C:09B6    A$core_watchdog$184
  0C:09B7    A$core_watchdog$185
  0C:09B8    A$core_watchdog$186
  0C:09B9    A$core_watchdog$187
  0C:09BA    A$core_watchdog$188
  0C:09BB    A$core_watchdog$189
  0C:09BC    A$core_watchdog$191
  0C:09BF    A$core_watchdog$192
  0C:09C0    A$core_watchdog$193
  0C:09C1    A$core_watchdog$194
  0C:09C2    A$core_watchdog$195
  0C:09C3    A$core_watchdog$196
  0C:09C4    A$core_watchdog$197
  0C:09C5    A$core_watchdog$198
  0C:09C6    A$core_watchdog$199
  0C:09C7    A$core_watchdog$202
  0C:09C8    A$core_watchdog$203
  0C:09CB    A$core_watchdog$204
  0C:09CC    A$core_watchdog$205
  0C:09CF    A$core_watchdog$206
  0C:09D0    A$core_watchdog$207
  0C:09D3    A$core_watchdog$208
  0C:09D5    A$core_watchdog$210
  0C:09D8    A$core_watchdog$214
  0C:09DB    A$core_watchdog$215
  0C:09DD    A$core_watchdog$216
  0C:09DE    A$core_watchdog$219
  0C:09E1    A$core_watchdog$220
  0C:09E3    A$core_watchdog$221
  0C:09E4    A$core_watchdog$224
  0C:09E7    A$core_watchdog$225
  0C:09E9    A$core_watchdog$226
  0C:09EA    A$core_watchdog$229
  0C:09ED    A$core_watchdog$230
  0C:09EF    A$core_watchdog$231
  0C:09F0    A$core_watchdog$234
  0C:09F3    A$core_watchdog$235
  0C:09F5    A$core_watchdog$236
  0C:09F6    A$core_watchdog$239
  0C:09F9    A$core_watchdog$240
  0C:09FB    A$core_watchdog$241
  0C:09FC    A$core_watchdog$244
  0C:09FF    A$core_watchdog$245
  0C:0A01    A$core_watchdog$246
  0C:0A02    A$core_watchdog$249
  0C:0A05    A$core_watchdog$250
  0C:0A07    A$core_watchdog$251
  0C:0A08    A$core_watchdog$254
  0C:0A0B    A$core_watchdog$255
  0C:0A0D    A$core_watchdog$256
  0C:0A0E    A$core_watchdog$259
  0C:0A11    A$core_watchdog$260
  0C:0A13    A$core_watchdog$261
  0C:0A14    A$core_watchdog$264
  0C:0A17    A$core_watchdog$265
  0C:0A19    A$core_watchdog$266
  0C:0A1A    A$core_watchdog$269
  0C:0A1D    A$core_watchdog$270
  0C:0A1F    A$core_watchdog$271
  0C:0A20    A$core_watchdog$274
  0C:0A23    A$core_watchdog$275
  0C:0A25    A$core_watchdog$276
  0C:0A26    A$core_watchdog$279
  0C:0A29    A$core_watchdog$280
  0C:0A2B    A$core_watchdog$281
  0C:0A2C    A$core_watchdog$284
  0C:0A2F    A$core_watchdog$285
  0C:0A31    A$core_watchdog$286
  0C:0A32    A$core_watchdog$289
  0C:0A35    A$core_watchdog$290
  0C:0A37    A$core_watchdog$291
  0C:0A38    A$core_watchdog$294
  0C:0A3B    A$core_watchdog$295
  0C:0A3D    A$core_watchdog$296
  0C:0A3E    A$core_watchdog$299
  0C:0A41    A$core_watchdog$300
  0C:0A43    A$core_watchdog$301
  0C:0A44    A$core_watchdog$304
  0C:0A47    A$core_watchdog$305
  0C:0A49    A$core_watchdog$306
  0C:0A4A    A$core_watchdog$309
  0C:0A4D    A$core_watchdog$310
  0C:0A4F    A$core_watchdog$311
  0C:0A50    A$core_watchdog$314
  0C:0A53    A$core_watchdog$315
  0C:0A55    A$core_watchdog$316
  0C:0A56    A$core_watchdog$319
  0C:0A59    A$core_watchdog$320
  0C:0A5B    A$core_watchdog$321
  0C:0A5C    A$core_watchdog$324
  0C:0A5F    A$core_watchdog$325
  0C:0A61    A$core_watchdog$326
  0C:0A62    A$core_watchdog$329
  0C:0A65    A$core_watchdog$330
  0C:0A67    A$core_watchdog$331
  0C:0A68    A$core_watchdog$334
  0C:0A6B    A$core_watchdog$335
  0C:0A6D    A$core_watchdog$336
  0C:0A6E    A$core_watchdog$339
  0C:0A71    A$core_watchdog$340
  0C:0A73    A$core_watchdog$341
  0C:0A74    A$core_watchdog$344
  0C:0A77    A$core_watchdog$345
  0C:0A79    A$core_watchdog$346
  0C:0A7A    A$core_watchdog$349
  0C:0A7D    A$core_watchdog$350
  0C:0A7F    A$core_watchdog$351
  0C:0A80    A$core_watchdog$354
  0C:0A83    A$core_watchdog$355
  0C:0A85    A$core_watchdog$356
  0C:0A86    A$core_watchdog$359
  0C:0A89    A$core_watchdog$360
  0C:0A8B    A$core_watchdog$361
  0C:0A8C    A$core_watchdog$364
  0C:0A8F    A$core_watchdog$365
  0C:0A91    A$core_watchdog$366
  0C:0A92    A$core_watchdog$369
  0C:0A95    A$core_watchdog$370
  0C:0A97    A$core_watchdog$371
  0C:0A98    A$core_watchdog$374
  0C:0A9B    A$core_watchdog$375
  0C:0A9D    A$core_watchdog$376
  0C:0A9E    A$core_watchdog$379
  0C:0AA1    A$core_watchdog$380
  0C:0AA3    A$core_watchdog$381
  0C:0AA4    A$core_watchdog$384
  0C:0AA7    A$core_watchdog$385
  0C:0AA9    A$core_watchdog$386
  0C:0AAA    A$core_watchdog$389
  0C:0AAD    A$core_watchdog$390
  0C:0AAF    A$core_watchdog$391
  0C:0AB0    A$core_watchdog$394
  0C:0AB3    A$core_watchdog$395
  0C:0AB5    A$core_watchdog$396
  0C:0AB6    A$core_watchdog$399
  0C:0AB9    A$core_watchdog$400
  0C:0ABB    A$core_watchdog$401
  0C:0ABC    A$core_watchdog$404
  0C:0ABF    A$core_watchdog$405
  0C:0AC1    A$core_watchdog$406
  0C:0AC2    A$core_watchdog$409
  0C:0AC5    A$core_watchdog$410
  0C:0AC7    A$core_watchdog$411
  0C:0AC8    A$core_watchdog$413
  0C:0ACB    A$core_watchdog$414
  0C:0ACD    A$core_watchdog$415
  0C:0ACE    A$core_watchdog$416
  0C:0ACF    A$core_watchdog$417
  0C:0AD0    A$core_watchdog$418
  0C:0AD1    A$core_watchdog$419
  0C:0AD2    A$core_watchdog$420
  0C:0AD3    A$core_watchdog$421
  0C:0AD4    A$core_watchdog$422
  0C:0AD5    A$core_watchdog$424
  0C:0AD8    A$core_watchdog$425
  0C:0ADB    A$core_watchdog$426
  0C:0ADE    A$core_watchdog$427
  0C:0AE1    A$core_watchdog$432
  0C:0AE1    C$core_watchdog.c$35$2$4
  0C:0AE4    A$core_watchdog$433
  0C:0AE5    A$core_watchdog$434
  0C:0AE7    A$core_watchdog$435
  0C:0AE8    A$core_watchdog$436
  0C:0AE9    A$core_watchdog$437
  0C:0AEB    A$core_watchdog$438
  0C:0AEC    A$core_watchdog$439
  0C:0AED    A$core_watchdog$440
  0C:0AEF    A$core_watchdog$441
  0C:0AF0    A$core_watchdog$442
  0C:0AF1    A$core_watchdog$443
  0C:0AF3    A$core_watchdog$446
  0C:0AF4    A$core_watchdog$447
  0C:0AF6    A$core_watchdog$448
  0C:0AF8    A$core_watchdog$449
  0C:0AFA    A$core_watchdog$450
  0C:0AFC    A$core_watchdog$451
  0C:0AFE    A$core_watchdog$452
  0C:0B00    A$core_watchdog$453
  0C:0B02    A$core_watchdog$454
  0C:0B04    A$core_watchdog$456
  0C:0B06    A$core_watchdog$457
  0C:0B09    A$core_watchdog$461
  0C:0B0C    A$core_watchdog$462
  0C:0B0E    A$core_watchdog$463
  0C:0B0F    A$core_watchdog$466
  0C:0B12    A$core_watchdog$467
  0C:0B14    A$core_watchdog$468
  0C:0B15    A$core_watchdog$471
  0C:0B18    A$core_watchdog$472
  0C:0B1A    A$core_watchdog$473
  0C:0B1B    A$core_watchdog$476
  0C:0B1E    A$core_watchdog$477
  0C:0B20    A$core_watchdog$478
  0C:0B21    A$core_watchdog$481
  0C:0B24    A$core_watchdog$482
  0C:0B26    A$core_watchdog$483
  0C:0B27    A$core_watchdog$486
  0C:0B2A    A$core_watchdog$487
  0C:0B2C    A$core_watchdog$488
  0C:0B2D    A$core_watchdog$491
  0C:0B30    A$core_watchdog$492
  0C:0B32    A$core_watchdog$493
  0C:0B33    A$core_watchdog$496
  0C:0B36    A$core_watchdog$497
  0C:0B38    A$core_watchdog$498
  0C:0B39    A$core_watchdog$501
  0C:0B3C    A$core_watchdog$502
  0C:0B3E    A$core_watchdog$503
  0C:0B3F    A$core_watchdog$506
  0C:0B42    A$core_watchdog$507
  0C:0B44    A$core_watchdog$508
  0C:0B45    A$core_watchdog$511
  0C:0B48    A$core_watchdog$512
  0C:0B4A    A$core_watchdog$513
  0C:0B4B    A$core_watchdog$516
  0C:0B4E    A$core_watchdog$517
  0C:0B50    A$core_watchdog$518
  0C:0B51    A$core_watchdog$521
  0C:0B54    A$core_watchdog$522
  0C:0B56    A$core_watchdog$523
  0C:0B57    A$core_watchdog$526
  0C:0B5A    A$core_watchdog$527
  0C:0B5C    A$core_watchdog$528
  0C:0B5D    A$core_watchdog$531
  0C:0B60    A$core_watchdog$532
  0C:0B62    A$core_watchdog$533
  0C:0B63    A$core_watchdog$536
  0C:0B66    A$core_watchdog$537
  0C:0B68    A$core_watchdog$538
  0C:0B69    A$core_watchdog$541
  0C:0B6C    A$core_watchdog$542
  0C:0B6E    A$core_watchdog$543
  0C:0B6F    A$core_watchdog$546
  0C:0B72    A$core_watchdog$547
  0C:0B74    A$core_watchdog$548
  0C:0B75    A$core_watchdog$551
  0C:0B78    A$core_watchdog$552
  0C:0B7A    A$core_watchdog$553
  0C:0B7B    A$core_watchdog$556
  0C:0B7E    A$core_watchdog$557
  0C:0B80    A$core_watchdog$558
  0C:0B81    A$core_watchdog$561
  0C:0B84    A$core_watchdog$562
  0C:0B86    A$core_watchdog$563
  0C:0B87    A$core_watchdog$566
  0C:0B8A    A$core_watchdog$567
  0C:0B8C    A$core_watchdog$568
  0C:0B8D    A$core_watchdog$571
  0C:0B90    A$core_watchdog$572
  0C:0B92    A$core_watchdog$573
  0C:0B93    A$core_watchdog$576
  0C:0B96    A$core_watchdog$577
  0C:0B98    A$core_watchdog$578
  0C:0B99    A$core_watchdog$581
  0C:0B9C    A$core_watchdog$582
  0C:0B9E    A$core_watchdog$583
  0C:0B9F    A$core_watchdog$586
  0C:0BA2    A$core_watchdog$587
  0C:0BA4    A$core_watchdog$588
  0C:0BA5    A$core_watchdog$591
  0C:0BA8    A$core_watchdog$592
  0C:0BAA    A$core_watchdog$593
  0C:0BAB    A$core_watchdog$596
  0C:0BAE    A$core_watchdog$597
  0C:0BB0    A$core_watchdog$598
  0C:0BB1    A$core_watchdog$601
  0C:0BB4    A$core_watchdog$602
  0C:0BB6    A$core_watchdog$603
  0C:0BB7    A$core_watchdog$606
  0C:0BBA    A$core_watchdog$607
  0C:0BBC    A$core_watchdog$608
  0C:0BBD    A$core_watchdog$611
  0C:0BC0    A$core_watchdog$612
  0C:0BC2    A$core_watchdog$613
  0C:0BC3    A$core_watchdog$616
  0C:0BC6    A$core_watchdog$617
  0C:0BC8    A$core_watchdog$618
  0C:0BC9    A$core_watchdog$621
  0C:0BCC    A$core_watchdog$622
  0C:0BCE    A$core_watchdog$623
  0C:0BCF    A$core_watchdog$626
  0C:0BD2    A$core_watchdog$627
  0C:0BD4    A$core_watchdog$628
  0C:0BD5    A$core_watchdog$631
  0C:0BD8    A$core_watchdog$632
  0C:0BDA    A$core_watchdog$633
  0C:0BDB    A$core_watchdog$636
  0C:0BDE    A$core_watchdog$637
  0C:0BE0    A$core_watchdog$638
  0C:0BE1    A$core_watchdog$641
  0C:0BE4    A$core_watchdog$642
  0C:0BE6    A$core_watchdog$643
  0C:0BE7    A$core_watchdog$646
  0C:0BEA    A$core_watchdog$647
  0C:0BEC    A$core_watchdog$648
  0C:0BED    A$core_watchdog$651
  0C:0BF0    A$core_watchdog$652
  0C:0BF2    A$core_watchdog$653
  0C:0BF3    A$core_watchdog$656
  0C:0BF6    A$core_watchdog$657
  0C:0BF8    A$core_watchdog$658
  0C:0BF9    A$core_watchdog$660
  0C:0BFC    A$core_watchdog$661
  0C:0BFE    A$core_watchdog$662
  0C:0BFF    A$core_watchdog$663
  0C:0C00    A$core_watchdog$664
  0C:0C01    A$core_watchdog$665
  0C:0C02    A$core_watchdog$666
  0C:0C03    A$core_watchdog$667
  0C:0C04    A$core_watchdog$668
  0C:0C05    A$core_watchdog$669
  0C:0C06    A$core_watchdog$671
  0C:0C09    A$core_watchdog$672
  0C:0C0C    A$core_watchdog$673
  0C:0C0F    A$core_watchdog$674
  0C:0C12    A$core_watchdog$679
  0C:0C12    C$core_watchdog.c$37$1$1
  0C:0C15    A$core_watchdog$680
  0C:0C16    A$core_watchdog$681
  0C:0C17    A$core_watchdog$682
  0C:0C18    A$core_watchdog$683
  0C:0C19    A$core_watchdog$684
  0C:0C1A    A$core_watchdog$685
  0C:0C1B    A$core_watchdog$686
  0C:0C1C    A$core_watchdog$687
  0C:0C1D    A$core_watchdog$689
  0C:0C20    A$core_watchdog$690
  0C:0C21    A$core_watchdog$691
  0C:0C22    A$core_watchdog$692
  0C:0C23    A$core_watchdog$693
  0C:0C24    A$core_watchdog$694
  0C:0C25    A$core_watchdog$697
  0C:0C27    A$core_watchdog$698
  0C:0C29    A$core_watchdog$699
  0C:0C2B    A$core_watchdog$700
  0C:0C2C    A$core_watchdog$701
  0C:0C2F    A$core_watchdog$702
  0C:0C30    A$core_watchdog$703
  0C:0C31    A$core_watchdog$704
  0C:0C34    A$core_watchdog$709
  0C:0C34    C$core_watchdog.c$40$1$1
  0C:0C36    A$core_watchdog$710
  0C:0C38    A$core_watchdog$711
  0C:0C39    A$core_watchdog$712
  0C:0C3B    A$core_watchdog$713
  0C:0C3D    A$core_watchdog$714
  0C:0C3E    A$core_watchdog$716
  0C:0C41    A$core_watchdog$717
  0C:0C43    A$core_watchdog$718
  0C:0C44    A$core_watchdog$720
  0C:0C47    A$core_watchdog$721
  0C:0C49    A$core_watchdog$722
  0C:0C4A    A$core_watchdog$723
  0C:0C4B    A$core_watchdog$724
  0C:0C4C    A$core_watchdog$725
  0C:0C4D    A$core_watchdog$726
  0C:0C4E    A$core_watchdog$727
  0C:0C4F    A$core_watchdog$728
  0C:0C50    A$core_watchdog$729
  0C:0C51    A$core_watchdog$731
  0C:0C54    A$core_watchdog$732
  0C:0C55    A$core_watchdog$733
  0C:0C56    A$core_watchdog$734
  0C:0C57    A$core_watchdog$735
  0C:0C58    A$core_watchdog$736
  0C:0C59    A$core_watchdog$737
  0C:0C5A    A$core_watchdog$738
  0C:0C5B    A$core_watchdog$739
  0C:0C5C    A$core_watchdog$741
  0C:0C5E    A$core_watchdog$742
  0C:0C60    A$core_watchdog$743
  0C:0C62    A$core_watchdog$744
  0C:0C64    A$core_watchdog$745
  0C:0C66    A$core_watchdog$746
  0C:0C69    A$core_watchdog$747
  0C:0C6B    A$core_watchdog$748
  0C:0C6D    A$core_watchdog$749
  0C:0C6F    A$core_watchdog$754
  0C:0C6F    C$core_watchdog.c$43$1$1
  0C:0C71    A$core_watchdog$755
  0C:0C73    A$core_watchdog$756
  0C:0C75    A$core_watchdog$757
  0C:0C78    A$core_watchdog$758
  0C:0C79    A$core_watchdog$759
  0C:0C7A    A$core_watchdog$760
  0C:0C7D    A$core_watchdog$761
  0C:0C7E    A$core_watchdog$764
  0C:0C80    A$core_watchdog$765
  0C:0C82    A$core_watchdog$766
  0C:0C83    A$core_watchdog$767
  0C:0C85    A$core_watchdog$768
  0C:0C87    A$core_watchdog$769
  0C:0C88    A$core_watchdog$771
  0C:0C8B    A$core_watchdog$772
  0C:0C8D    A$core_watchdog$773
  0C:0C8E    A$core_watchdog$775
  0C:0C91    A$core_watchdog$776
  0C:0C93    A$core_watchdog$777
  0C:0C94    A$core_watchdog$778
  0C:0C95    A$core_watchdog$779
  0C:0C96    A$core_watchdog$780
  0C:0C97    A$core_watchdog$781
  0C:0C98    A$core_watchdog$782
  0C:0C99    A$core_watchdog$783
  0C:0C9A    A$core_watchdog$784
  0C:0C9B    A$core_watchdog$786
  0C:0C9E    A$core_watchdog$787
  0C:0CA0    A$core_watchdog$788
  0C:0CA1    A$core_watchdog$789
  0C:0CA2    A$core_watchdog$790
  0C:0CA4    A$core_watchdog$791
  0C:0CA5    A$core_watchdog$792
  0C:0CA6    A$core_watchdog$793
  0C:0CA8    A$core_watchdog$794
  0C:0CA9    A$core_watchdog$795
  0C:0CAA    A$core_watchdog$796
  0C:0CAC    A$core_watchdog$797
  0C:0CAD    A$core_watchdog$799
  0C:0CAF    A$core_watchdog$800
  0C:0CB1    A$core_watchdog$801
  0C:0CB3    A$core_watchdog$802
  0C:0CB5    A$core_watchdog$803
  0C:0CB7    A$core_watchdog$804
  0C:0CBA    A$core_watchdog$805
  0C:0CBC    A$core_watchdog$806
  0C:0CBE    A$core_watchdog$807
  0C:0CC0    A$core_watchdog$812
  0C:0CC0    C$core_watchdog.c$44$1$1
  0C:0CC2    A$core_watchdog$813
  0C:0CC4    A$core_watchdog$814
  0C:0CC6    A$core_watchdog$815
  0C:0CC9    A$core_watchdog$816
  0C:0CCA    A$core_watchdog$817
  0C:0CCB    A$core_watchdog$818
  0C:0CCE    A$core_watchdog$819
  0C:0CCF    A$core_watchdog$821
  0C:0CD2    A$core_watchdog$822
  0C:0CD3    A$core_watchdog$823
  0C:0CD4    A$core_watchdog$824
  0C:0CD5    A$core_watchdog$825
  0C:0CD6    A$core_watchdog$826
  0C:0CD7    A$core_watchdog$827
  0C:0CD8    A$core_watchdog$828
  0C:0CD9    A$core_watchdog$829
  0C:0CDA    A$core_watchdog$830
  0C:0CDB    A$core_watchdog$831
  0C:0CDC    A$core_watchdog$832
  0C:0CDD    A$core_watchdog$834
  0C:0CE0    A$core_watchdog$835
  0C:0CE1    A$core_watchdog$836
  0C:0CE2    A$core_watchdog$837
  0C:0CE3    A$core_watchdog$838
  0C:0CE4    A$core_watchdog$839
  0C:0CE5    A$core_watchdog$840
  0C:0CE6    A$core_watchdog$841
  0C:0CE7    A$core_watchdog$842
  0C:0CE8    A$core_watchdog$843
  0C:0CE9    A$core_watchdog$844
  0C:0CEA    A$core_watchdog$845
  0C:0CEB    A$core_watchdog$847
  0C:0CED    A$core_watchdog$848
  0C:0CEF    A$core_watchdog$849
  0C:0CF2    A$core_watchdog$853
  0C:0CF2    C$core_watchdog.c$45$1$1
  0C:0CF2    XG$WD_init$0$0
  0C:0CF3    A$core_watchdog$868
  0C:0CF3    C$core_watchdog.c$52$1$1
  0C:0CF3    G$WD_enable$0$0
  0C:0CF3    _WD_enable
  0C:0CF5    A$core_watchdog$869
  0C:0CF7    A$core_watchdog$870
  0C:0CF9    A$core_watchdog$871
  0C:0CFC    A$core_watchdog$872
  0C:0CFD    A$core_watchdog$873
  0C:0CFE    A$core_watchdog$874
  0C:0CFF    A$core_watchdog$875
  0C:0D00    A$core_watchdog$876
  0C:0D01    A$core_watchdog$877
  0C:0D02    A$core_watchdog$878
  0C:0D03    A$core_watchdog$882
  0C:0D03    C$core_watchdog.c$57$2$2
  0C:0D06    A$core_watchdog$883
  0C:0D07    A$core_watchdog$884
  0C:0D08    A$core_watchdog$885
  0C:0D09    A$core_watchdog$886
  0C:0D0A    A$core_watchdog$887
  0C:0D0B    A$core_watchdog$888
  0C:0D0C    A$core_watchdog$889
  0C:0D0D    A$core_watchdog$890
  0C:0D0E    A$core_watchdog$892
  0C:0D11    A$core_watchdog$893
  0C:0D12    A$core_watchdog$894
  0C:0D13    A$core_watchdog$895
  0C:0D14    A$core_watchdog$896
  0C:0D15    A$core_watchdog$897
  0C:0D16    A$core_watchdog$898
  0C:0D17    A$core_watchdog$899
  0C:0D18    A$core_watchdog$900
  0C:0D19    A$core_watchdog$903
  0C:0D1A    A$core_watchdog$904
  0C:0D1D    A$core_watchdog$905
  0C:0D1E    A$core_watchdog$906
  0C:0D21    A$core_watchdog$907
  0C:0D22    A$core_watchdog$908
  0C:0D25    A$core_watchdog$909
  0C:0D27    A$core_watchdog$911
  0C:0D2A    A$core_watchdog$915
  0C:0D2D    A$core_watchdog$916
  0C:0D2F    A$core_watchdog$917
  0C:0D30    A$core_watchdog$920
  0C:0D33    A$core_watchdog$921
  0C:0D35    A$core_watchdog$922
  0C:0D36    A$core_watchdog$925
  0C:0D39    A$core_watchdog$926
  0C:0D3B    A$core_watchdog$927
  0C:0D3C    A$core_watchdog$930
  0C:0D3F    A$core_watchdog$931
  0C:0D41    A$core_watchdog$932
  0C:0D42    A$core_watchdog$935
  0C:0D45    A$core_watchdog$936
  0C:0D47    A$core_watchdog$937
  0C:0D48    A$core_watchdog$940
  0C:0D4B    A$core_watchdog$941
  0C:0D4D    A$core_watchdog$942
[...]
  0C:5D0B    A$core_gpio$5870
  0C:5D0B    C$core_gpio.c$413$1$1
  0C:5D0E    A$core_gpio$5871
  0C:5D0F    A$core_gpio$5872
  0C:5D10    A$core_gpio$5873
  0C:5D11    A$core_gpio$5874
  0C:5D12    A$core_gpio$5875
  0C:5D13    A$core_gpio$5876
  0C:5D14    A$core_gpio$5877
  0C:5D15    A$core_gpio$5878
  0C:5D16    A$core_gpio$5881
  0C:5D18    A$core_gpio$5882
  0C:5D1A    A$core_gpio$5883
  0C:5D1C    A$core_gpio$5884
  0C:5D1F    A$core_gpio$5885
  0C:5D20    A$core_gpio$5886
  0C:5D21    A$core_gpio$5887
  0C:5D24    A$core_gpio$5888
  0C:5D25    A$core_gpio$5890
  0C:5D27    A$core_gpio$5891
  0C:5D29    A$core_gpio$5895
  0C:5D29    C$core_gpio.c$415$2$2
  0C:5D2C    A$core_gpio$5896
  0C:5D2D    A$core_gpio$5897
  0C:5D2E    A$core_gpio$5900
  0C:5D31    A$core_gpio$5902
  0C:5D32    A$core_gpio$5903
  0C:5D33    A$core_gpio$5904
  0C:5D34    A$core_gpio$5906
  0C:5D35    A$core_gpio$5908
  0C:5D37    A$core_gpio$5909
  0C:5D3A    A$core_gpio$5913
  0C:5D3D    A$core_gpio$5914
  0C:5D3F    A$core_gpio$5915
  0C:5D40    A$core_gpio$5918
  0C:5D43    A$core_gpio$5919
  0C:5D45    A$core_gpio$5920
  0C:5D46    A$core_gpio$5923
  0C:5D49    A$core_gpio$5924
  0C:5D4B    A$core_gpio$5925
  0C:5D4C    A$core_gpio$5928
  0C:5D4F    A$core_gpio$5929
  0C:5D51    A$core_gpio$5930
  0C:5D52    A$core_gpio$5933
  0C:5D55    A$core_gpio$5934
  0C:5D57    A$core_gpio$5935
  0C:5D58    A$core_gpio$5938
  0C:5D5B    A$core_gpio$5939
  0C:5D5D    A$core_gpio$5940
  0C:5D5E    A$core_gpio$5943
  0C:5D61    A$core_gpio$5944
  0C:5D63    A$core_gpio$5945
  0C:5D64    A$core_gpio$5948
  0C:5D67    A$core_gpio$5949
  0C:5D69    A$core_gpio$5950
  0C:5D6A    A$core_gpio$5953
  0C:5D6D    A$core_gpio$5954
  0C:5D6F    A$core_gpio$5955
  0C:5D70    A$core_gpio$5958
  0C:5D73    A$core_gpio$5959
  0C:5D75    A$core_gpio$5960
  0C:5D76    A$core_gpio$5963
  0C:5D79    A$core_gpio$5964
  0C:5D7B    A$core_gpio$5965
  0C:5D7C    A$core_gpio$5968
  0C:5D7F    A$core_gpio$5969
  0C:5D81    A$core_gpio$5970
  0C:5D82    A$core_gpio$5973
  0C:5D85    A$core_gpio$5974
  0C:5D87    A$core_gpio$5975
  0C:5D88    A$core_gpio$5978
  0C:5D8B    A$core_gpio$5979
  0C:5D8D    A$core_gpio$5980
  0C:5D8E    A$core_gpio$5983
  0C:5D91    A$core_gpio$5984
  0C:5D93    A$core_gpio$5985
  0C:5D94    A$core_gpio$5988
  0C:5D97    A$core_gpio$5989
  0C:5D99    A$core_gpio$5990
  0C:5D9A    A$core_gpio$5993
  0C:5D9D    A$core_gpio$5994
  0C:5D9F    A$core_gpio$5995
  0C:5DA0    A$core_gpio$5998
  0C:5DA3    A$core_gpio$5999
  0C:5DA5    A$core_gpio$6000
  0C:5DA6    A$core_gpio$6003
  0C:5DA9    A$core_gpio$6004
  0C:5DAB    A$core_gpio$6005
  0C:5DAC    A$core_gpio$6008
  0C:5DAF    A$core_gpio$6009
  0C:5DB1    A$core_gpio$6010
  0C:5DB2    A$core_gpio$6013
  0C:5DB5    A$core_gpio$6014
  0C:5DB7    A$core_gpio$6015
  0C:5DB8    A$core_gpio$6018
  0C:5DBB    A$core_gpio$6019
  0C:5DBD    A$core_gpio$6020
  0C:5DBE    A$core_gpio$6023
  0C:5DC1    A$core_gpio$6024
  0C:5DC3    A$core_gpio$6025
  0C:5DC4    A$core_gpio$6028
  0C:5DC7    A$core_gpio$6029
  0C:5DC9    A$core_gpio$6030
  0C:5DCA    A$core_gpio$6033
  0C:5DCD    A$core_gpio$6034
  0C:5DCF    A$core_gpio$6035
  0C:5DD0    A$core_gpio$6038
  0C:5DD3    A$core_gpio$6039
  0C:5DD5    A$core_gpio$6040
  0C:5DD6    A$core_gpio$6043
  0C:5DD9    A$core_gpio$6044
  0C:5DDB    A$core_gpio$6045
  0C:5DDC    A$core_gpio$6048
  0C:5DDF    A$core_gpio$6049
  0C:5DE1    A$core_gpio$6050
  0C:5DE2    A$core_gpio$6053
  0C:5DE5    A$core_gpio$6054
  0C:5DE7    A$core_gpio$6055
  0C:5DE8    A$core_gpio$6058
  0C:5DEB    A$core_gpio$6059
  0C:5DED    A$core_gpio$6060
  0C:5DEE    A$core_gpio$6063
  0C:5DF1    A$core_gpio$6064
  0C:5DF3    A$core_gpio$6065
  0C:5DF4    A$core_gpio$6068
  0C:5DF7    A$core_gpio$6069
  0C:5DF9    A$core_gpio$6070
  0C:5DFA    A$core_gpio$6072
  0C:5DFD    A$core_gpio$6073
  0C:5DFF    A$core_gpio$6074
  0C:5E00    A$core_gpio$6075
  0C:5E01    A$core_gpio$6076
  0C:5E03    A$core_gpio$6077
  0C:5E04    A$core_gpio$6078
  0C:5E05    A$core_gpio$6079
  0C:5E07    A$core_gpio$6080
  0C:5E08    A$core_gpio$6081
  0C:5E09    A$core_gpio$6082
  0C:5E0B    A$core_gpio$6083
  0C:5E0C    A$core_gpio$6085
  0C:5E0F    A$core_gpio$6086
  0C:5E12    A$core_gpio$6087
  0C:5E15    A$core_gpio$6088
  0C:5E17    A$core_gpio$6089
  0C:5E19    A$core_gpio$6090
  0C:5E1B    A$core_gpio$6091
  0C:5E1D    A$core_gpio$6092
  0C:5E1F    A$core_gpio$6093
  0C:5E21    A$core_gpio$6094
  0C:5E24    A$core_gpio$6095
  0C:5E26    A$core_gpio$6096
  0C:5E28    A$core_gpio$6097
  0C:5E2A    A$core_gpio$6098
  0C:5E2C    A$core_gpio$6099
  0C:5E2E    A$core_gpio$6100
  0C:5E30    A$core_gpio$6105
  0C:5E30    C$core_gpio.c$417$1$1
  0C:5E31    A$core_gpio$6107
  0C:5E33    A$core_gpio$6108
  0C:5E36    A$core_gpio$6114
  0C:5E36    C$core_gpio.c$419$2$4
  0C:5E37    A$core_gpio$6115
  0C:5E3A    A$core_gpio$6116
  0C:5E3B    A$core_gpio$6117
  0C:5E3C    A$core_gpio$6118
  0C:5E3E    A$core_gpio$6120
  0C:5E3F    A$core_gpio$6121
  0C:5E40    A$core_gpio$6122
  0C:5E42    A$core_gpio$6123
  0C:5E43    A$core_gpio$6124
  0C:5E44    A$core_gpio$6126
  0C:5E46    A$core_gpio$6127
  0C:5E48    A$core_gpio$6128
  0C:5E49    A$core_gpio$6129
  0C:5E4B    A$core_gpio$6130
  0C:5E4D    A$core_gpio$6131
  0C:5E4E    A$core_gpio$6132
  0C:5E50    A$core_gpio$6133
  0C:5E52    A$core_gpio$6134
  0C:5E53    A$core_gpio$6135
  0C:5E55    A$core_gpio$6136
  0C:5E57    A$core_gpio$6137
  0C:5E58    A$core_gpio$6142
  0C:5E58    C$core_gpio.c$420$2$4
  0C:5E5A    A$core_gpio$6143
  0C:5E5C    A$core_gpio$6144
  0C:5E5E    A$core_gpio$6145
  0C:5E60    A$core_gpio$6146
  0C:5E63    A$core_gpio$6147
  0C:5E65    A$core_gpio$6148
  0C:5E67    A$core_gpio$6149
  0C:5E69    A$core_gpio$6151
  0C:5E6B    A$core_gpio$6152
  0C:5E6D    A$core_gpio$6153
  0C:5E6F    A$core_gpio$6157
  0C:5E6F    C$core_gpio.c$421$2$4
  0C:5E72    A$core_gpio$6161
  0C:5E72    C$core_gpio.c$422$2$4
  0C:5E75    A$core_gpio$6162
  0C:5E76    A$core_gpio$6163
  0C:5E77    A$core_gpio$6165
  0C:5E79    A$core_gpio$6166
  0C:5E7B    A$core_gpio$6167
  0C:5E7E    A$core_gpio$6171
  0C:5E7E    C$core_gpio.c$424$2$1
  0C:5E7E    XG$GPIO_disable_irq$0$0
  0C:5E7F    A$core_gpio$6189
  0C:5E7F    C$core_gpio.c$430$2$1
  0C:5E7F    G$GPIO_clear_irq$0$0
  0C:5E7F    _GPIO_clear_irq
  0C:5E81    A$core_gpio$6190
  0C:5E83    A$core_gpio$6191
  0C:5E85    A$core_gpio$6192
  0C:5E88    A$core_gpio$6193
  0C:5E89    A$core_gpio$6194
  0C:5E8A    A$core_gpio$6195
  0C:5E8B    A$core_gpio$6196
  0C:5E8C    A$core_gpio$6197
  0C:5E8D    A$core_gpio$6198
  0C:5E8E    A$core_gpio$6199
  0C:5E8F    A$core_gpio$6203
  0C:5E8F    C$core_gpio.c$436$1$1
  0C:5E92    A$core_gpio$6204
  0C:5E93    A$core_gpio$6205
  0C:5E94    A$core_gpio$6207
  0C:5E96    A$core_gpio$6208
  0C:5E98    A$core_gpio$6209
  0C:5E9A    A$core_gpio$6211
  0C:5E9C    A$core_gpio$6212
  0C:5E9E    A$core_gpio$6213
  0C:5EA1    A$core_gpio$6214
  0C:5EA4    A$core_gpio$6215
  0C:5EA7    A$core_gpio$6216
  0C:5EAA    A$core_gpio$6217
  0C:5EAC    A$core_gpio$6219
  0C:5EAE    A$core_gpio$6220
  0C:5EB0    A$core_gpio$6221
  0C:5EB2    A$core_gpio$6222
  0C:5EB4    A$core_gpio$6223
  0C:5EB5    A$core_gpio$6224
  0C:5EB7    A$core_gpio$6225
  0C:5EB9    A$core_gpio$6226
  0C:5EBA    A$core_gpio$6227
  0C:5EBC    A$core_gpio$6228
  0C:5EBE    A$core_gpio$6229
  0C:5EBF    A$core_gpio$6230
  0C:5EC1    A$core_gpio$6232
  0C:5EC4    A$core_gpio$6236
  0C:5EC4    C$core_gpio.c$438$1$1
  0C:5EC7    A$core_gpio$6237
  0C:5EC8    A$core_gpio$6238
  0C:5EC9    A$core_gpio$6239
  0C:5ECA    A$core_gpio$6240
  0C:5ECB    A$core_gpio$6241
  0C:5ECC    A$core_gpio$6242
  0C:5ECD    A$core_gpio$6243
  0C:5ECE    A$core_gpio$6244
  0C:5ECF    A$core_gpio$6247
  0C:5ED1    A$core_gpio$6248
  0C:5ED3    A$core_gpio$6249
  0C:5ED4    A$core_gpio$6250
  0C:5ED6    A$core_gpio$6251
  0C:5ED8    A$core_gpio$6252
  0C:5ED9    A$core_gpio$6253
  0C:5EDB    A$core_gpio$6256
  0C:5EDD    A$core_gpio$6257
  0C:5EDF    A$core_gpio$6258
  0C:5EE1    A$core_gpio$6259
  0C:5EE4    A$core_gpio$6260
  0C:5EE5    A$core_gpio$6263
  0C:5EE8    A$core_gpio$6264
  0C:5EEB    A$core_gpio$6268
  0C:5EEE    A$core_gpio$6269
  0C:5EF1    A$core_gpio$6273
  0C:5EF4    A$core_gpio$6274
  0C:5EF6    A$core_gpio$6276
  0C:5EF9    A$core_gpio$6282
  0C:5EF9    C$core_gpio.c$441$2$2
  0C:5EFB    A$core_gpio$6283
  0C:5EFD    A$core_gpio$6284
  0C:5EFF    A$core_gpio$6285
  0C:5F02    A$core_gpio$6286
  0C:5F03    A$core_gpio$6287
  0C:5F04    A$core_gpio$6288
  0C:5F07    A$core_gpio$6289
  0C:5F08    A$core_gpio$6292
  0C:5F0A    A$core_gpio$6293
  0C:5F0C    A$core_gpio$6294
  0C:5F0D    A$core_gpio$6295
  0C:5F0F    A$core_gpio$6296
  0C:5F11    A$core_gpio$6297
  0C:5F12    A$core_gpio$6299
  0C:5F15    A$core_gpio$6300
  0C:5F17    A$core_gpio$6301
  0C:5F18    A$core_gpio$6302
  0C:5F19    A$core_gpio$6303
  0C:5F1B    A$core_gpio$6304
  0C:5F1C    A$core_gpio$6305
  0C:5F1D    A$core_gpio$6306
  0C:5F1F    A$core_gpio$6307
  0C:5F20    A$core_gpio$6308
  0C:5F21    A$core_gpio$6309
  0C:5F23    A$core_gpio$6310
  0C:5F24    A$core_gpio$6312
  0C:5F26    A$core_gpio$6313
  0C:5F28    A$core_gpio$6314
  0C:5F2B    A$core_gpio$6317
  0C:5F2B    C$core_gpio.c$442$2$2
  0C:5F2E    A$core_gpio$6325
  0C:5F2E    C$core_gpio.c$444$2$2
  0C:5F2E    C$core_gpio.c$445$2$2
  0C:5F30    A$core_gpio$6326
  0C:5F32    A$core_gpio$6327
  0C:5F34    A$core_gpio$6328
  0C:5F37    A$core_gpio$6329
  0C:5F38    A$core_gpio$6330
  0C:5F39    A$core_gpio$6331
  0C:5F3C    A$core_gpio$6332
  0C:5F3D    A$core_gpio$6335
  0C:5F3F    A$core_gpio$6336
  0C:5F41    A$core_gpio$6337
  0C:5F42    A$core_gpio$6338
  0C:5F44    A$core_gpio$6339
  0C:5F46    A$core_gpio$6340
  0C:5F47    A$core_gpio$6342
  0C:5F4A    A$core_gpio$6343
  0C:5F4C    A$core_gpio$6344
  0C:5F4D    A$core_gpio$6345
  0C:5F4E    A$core_gpio$6346
  0C:5F50    A$core_gpio$6347
  0C:5F51    A$core_gpio$6349
  0C:5F53    A$core_gpio$6350
  0C:5F55    A$core_gpio$6351
  0C:5F57    A$core_gpio$6352
  0C:5F59    A$core_gpio$6353
  0C:5F5B    A$core_gpio$6354
  0C:5F5E    A$core_gpio$6355
  0C:5F60    A$core_gpio$6356
  0C:5F62    A$core_gpio$6357
  0C:5F64    A$core_gpio$6362
  0C:5F64    C$core_gpio.c$446$2$2
  0C:5F66    A$core_gpio$6363
  0C:5F68    A$core_gpio$6364
  0C:5F6A    A$core_gpio$6365
  0C:5F6D    A$core_gpio$6366
  0C:5F6E    A$core_gpio$6367
  0C:5F6F    A$core_gpio$6368
  0C:5F72    A$core_gpio$6369
  0C:5F73    A$core_gpio$6372
  0C:5F75    A$core_gpio$6373
  0C:5F77    A$core_gpio$6374
  0C:5F78    A$core_gpio$6375
  0C:5F7A    A$core_gpio$6376
  0C:5F7C    A$core_gpio$6377
  0C:5F7D    A$core_gpio$6379
  0C:5F80    A$core_gpio$6380
  0C:5F82    A$core_gpio$6381
  0C:5F83    A$core_gpio$6382
  0C:5F84    A$core_gpio$6383
  0C:5F86    A$core_gpio$6384
  0C:5F87    A$core_gpio$6386
  0C:5F89    A$core_gpio$6387
  0C:5F8B    A$core_gpio$6388
  0C:5F8E    A$core_gpio$6391
  0C:5F8E    C$core_gpio.c$447$2$2
  0C:5F91    A$core_gpio$6399
  0C:5F91    C$core_gpio.c$449$2$2
  0C:5F91    C$core_gpio.c$450$2$2
  0C:5F93    A$core_gpio$6400
  0C:5F95    A$core_gpio$6401
  0C:5F97    A$core_gpio$6402
  0C:5F9A    A$core_gpio$6403
  0C:5F9B    A$core_gpio$6404
  0C:5F9C    A$core_gpio$6405
  0C:5F9F    A$core_gpio$6406
  0C:5FA0    A$core_gpio$6409
  0C:5FA2    A$core_gpio$6410
  0C:5FA4    A$core_gpio$6411
  0C:5FA5    A$core_gpio$6412
  0C:5FA7    A$core_gpio$6413
  0C:5FA9    A$core_gpio$6414
  0C:5FAA    A$core_gpio$6416
  0C:5FAD    A$core_gpio$6417
  0C:5FAF    A$core_gpio$6418
  0C:5FB0    A$core_gpio$6420
  0C:5FB2    A$core_gpio$6421
  0C:5FB4    A$core_gpio$6422
  0C:5FB6    A$core_gpio$6423
  0C:5FB8    A$core_gpio$6424
  0C:5FBA    A$core_gpio$6425
  0C:5FBD    A$core_gpio$6426
  0C:5FBF    A$core_gpio$6427
  0C:5FC1    A$core_gpio$6428
  0C:5FC3    A$core_gpio$6433
  0C:5FC3    C$core_gpio.c$451$2$2
  0C:5FC5    A$core_gpio$6434
  0C:5FC7    A$core_gpio$6435
  0C:5FC9    A$core_gpio$6436
  0C:5FCC    A$core_gpio$6437
  0C:5FCD    A$core_gpio$6438
  0C:5FCE    A$core_gpio$6439
  0C:5FD1    A$core_gpio$6440
  0C:5FD2    A$core_gpio$6443
  0C:5FD4    A$core_gpio$6444
  0C:5FD6    A$core_gpio$6445
  0C:5FD7    A$core_gpio$6446
  0C:5FD9    A$core_gpio$6447
  0C:5FDB    A$core_gpio$6448
  0C:5FDC    A$core_gpio$6450
  0C:5FDF    A$core_gpio$6451
  0C:5FE1    A$core_gpio$6452
  0C:5FE2    A$core_gpio$6454
  0C:5FE4    A$core_gpio$6455
  0C:5FE6    A$core_gpio$6456
  0C:5FE8    A$core_gpio$6457
  0C:5FEA    A$core_gpio$6458
  0C:5FEC    A$core_gpio$6459
  0C:5FEF    A$core_gpio$6460
  0C:5FF1    A$core_gpio$6461
  0C:5FF3    A$core_gpio$6462
  0C:5FF5    A$core_gpio$6467
  0C:5FF5    C$core_gpio.c$452$2$2
  0C:5FF7    A$core_gpio$6468
  0C:5FF9    A$core_gpio$6469
  0C:5FFB    A$core_gpio$6470
  0C:5FFE    A$core_gpio$6471
  0C:5FFF    A$core_gpio$6472
  0C:6000    A$core_gpio$6473
  0C:6003    A$core_gpio$6474
  0C:6004    A$core_gpio$6477
  0C:6006    A$core_gpio$6478
  0C:6008    A$core_gpio$6479
  0C:6009    A$core_gpio$6480
  0C:600B    A$core_gpio$6481
  0C:600D    A$core_gpio$6482
  0C:600E    A$core_gpio$6484
  0C:6011    A$core_gpio$6485
  0C:6013    A$core_gpio$6486
  0C:6014    A$core_gpio$6488
  0C:6016    A$core_gpio$6489
  0C:6018    A$core_gpio$6490
  0C:601A    A$core_gpio$6491
  0C:601C    A$core_gpio$6492
  0C:601E    A$core_gpio$6493
  0C:6021    A$core_gpio$6494
  0C:6023    A$core_gpio$6495
  0C:6025    A$core_gpio$6496
  0C:6027    A$core_gpio$6501
  0C:6027    C$core_gpio.c$453$2$2
  0C:6029    A$core_gpio$6502
  0C:602B    A$core_gpio$6503
  0C:602D    A$core_gpio$6504
  0C:6030    A$core_gpio$6505
  0C:6031    A$core_gpio$6506
  0C:6032    A$core_gpio$6507
  0C:6035    A$core_gpio$6508
  0C:6036    A$core_gpio$6511
  0C:6038    A$core_gpio$6512
  0C:603A    A$core_gpio$6513
  0C:603B    A$core_gpio$6514
  0C:603D    A$core_gpio$6515
  0C:603F    A$core_gpio$6516
  0C:6040    A$core_gpio$6518
  0C:6043    A$core_gpio$6519
  0C:6045    A$core_gpio$6520
  0C:6046    A$core_gpio$6522
  0C:6048    A$core_gpio$6523
  0C:604A    A$core_gpio$6524
  0C:604D    A$core_gpio$6527
  0C:604D    C$core_gpio.c$454$2$2
  0C:6050    A$core_gpio$6533
  0C:6050    C$core_gpio.c$457$2$2
  0C:6053    A$core_gpio$6534
  0C:6055    A$core_gpio$6535
  0C:6056    A$core_gpio$6538
  0C:6059    A$core_gpio$6539
  0C:605B    A$core_gpio$6540
  0C:605C    A$core_gpio$6543
  0C:605F    A$core_gpio$6544
  0C:6061    A$core_gpio$6545
  0C:6062    A$core_gpio$6548
  0C:6065    A$core_gpio$6549
  0C:6067    A$core_gpio$6550
  0C:6068    A$core_gpio$6553
  0C:606B    A$core_gpio$6554
  0C:606D    A$core_gpio$6555
  0C:606E    A$core_gpio$6558
  0C:6071    A$core_gpio$6559
  0C:6073    A$core_gpio$6560
  0C:6074    A$core_gpio$6563
  0C:6077    A$core_gpio$6564
  0C:6079    A$core_gpio$6565
  0C:607A    A$core_gpio$6568
  0C:607D    A$core_gpio$6569
  0C:607F    A$core_gpio$6570
  0C:6080    A$core_gpio$6573
  0C:6083    A$core_gpio$6574
  0C:6085    A$core_gpio$6575
  0C:6086    A$core_gpio$6578
  0C:6089    A$core_gpio$6579
  0C:608B    A$core_gpio$6580
  0C:608C    A$core_gpio$6583
  0C:608F    A$core_gpio$6584
  0C:6091    A$core_gpio$6585
  0C:6092    A$core_gpio$6588
  0C:6095    A$core_gpio$6589
  0C:6097    A$core_gpio$6590
  0C:6098    A$core_gpio$6593
  0C:609B    A$core_gpio$6594
  0C:609D    A$core_gpio$6595
  0C:609E    A$core_gpio$6598
  0C:60A1    A$core_gpio$6599
  0C:60A3    A$core_gpio$6600
  0C:60A4    A$core_gpio$6603
  0C:60A7    A$core_gpio$6604
  0C:60A9    A$core_gpio$6605
  0C:60AA    A$core_gpio$6608
  0C:60AD    A$core_gpio$6609
  0C:60AF    A$core_gpio$6610
  0C:60B0    A$core_gpio$6613
  0C:60B3    A$core_gpio$6614
  0C:60B5    A$core_gpio$6615
  0C:60B6    A$core_gpio$6618
  0C:60B9    A$core_gpio$6619
  0C:60BB    A$core_gpio$6620
  0C:60BC    A$core_gpio$6623
  0C:60BF    A$core_gpio$6624
  0C:60C1    A$core_gpio$6625
  0C:60C2    A$core_gpio$6628
  0C:60C5    A$core_gpio$6629
  0C:60C7    A$core_gpio$6630
  0C:60C8    A$core_gpio$6633
  0C:60CB    A$core_gpio$6634
  0C:60CD    A$core_gpio$6635
  0C:60CE    A$core_gpio$6638
  0C:60D1    A$core_gpio$6639
  0C:60D3    A$core_gpio$6640
  0C:60D4    A$core_gpio$6643
  0C:60D7    A$core_gpio$6644
  0C:60D9    A$core_gpio$6645
  0C:60DA    A$core_gpio$6648
  0C:60DD    A$core_gpio$6649
  0C:60DF    A$core_gpio$6650
  0C:60E0    A$core_gpio$6653
  0C:60E3    A$core_gpio$6654
  0C:60E5    A$core_gpio$6655
  0C:60E6    A$core_gpio$6658
  0C:60E9    A$core_gpio$6659
  0C:60EB    A$core_gpio$6660
  0C:60EC    A$core_gpio$6663
  0C:60EF    A$core_gpio$6664
  0C:60F1    A$core_gpio$6665
  0C:60F2    A$core_gpio$6668
  0C:60F5    A$core_gpio$6669
  0C:60F7    A$core_gpio$6670
  0C:60F8    A$core_gpio$6673
  0C:60FB    A$core_gpio$6674
  0C:60FD    A$core_gpio$6675
  0C:60FE    A$core_gpio$6678
  0C:6101    A$core_gpio$6679
  0C:6103    A$core_gpio$6680
  0C:6104    A$core_gpio$6683
  0C:6107    A$core_gpio$6684
  0C:6109    A$core_gpio$6685
  0C:610A    A$core_gpio$6688
  0C:610D    A$core_gpio$6689
  0C:610F    A$core_gpio$6690
  0C:6110    A$core_gpio$6692
  0C:6113    A$core_gpio$6693
  0C:6115    A$core_gpio$6694
  0C:6116    A$core_gpio$6695
  0C:6117    A$core_gpio$6696
  0C:6119    A$core_gpio$6697
  0C:611A    A$core_gpio$6698
  0C:611B    A$core_gpio$6699
  0C:611D    A$core_gpio$6700
  0C:611E    A$core_gpio$6701
  0C:611F    A$core_gpio$6702
  0C:6121    A$core_gpio$6703
  0C:6122    A$core_gpio$6705
  0C:6125    A$core_gpio$6706
  0C:6128    A$core_gpio$6707
  0C:612B    A$core_gpio$6708
  0C:612E    A$core_gpio$6714
  0C:612E    C$core_gpio.c$459$1$1
  0C:612E    C$core_gpio.c$460$1$1
  0C:612E    XG$GPIO_clear_irq$0$0
  0C:612F    __gptrput
  0C:6148    __gptrget
  0C:6164    __sdcc_external_startup

Hexadecimal

Area                               Addr   Size   Decimal Bytes (Attributes)
--------------------------------   ----   ----   ------- ----- ------------
CONST                              6168   0000 =      0. bytes (REL,CON,CODE)

Hexadecimal

Area                               Addr   Size   Decimal Bytes (Attributes)
--------------------------------   ----   ----   ------- ----- ------------
XINIT                              6168   0002 =      2. bytes (REL,CON,CODE)

      Value  Global
   --------  --------------------------------
  0C:6168    F___drivers_CoreInterrupt_core_irq_ctrl$__xinit_g_cic_base_addr$0$0
ASxxxx Linker V01.75 + NoICE + SDCC Feb 1999,  page 1.

Files Linked      [ module(s) ]

./main.rel      
./hal/Core8051s/SDCC/hal_assert.rel
./hal/Core8051s/SDCC/hal_large.rel
./hal/Core8051s/SDCC/hw_reg_access.rel
./drivers/CoreWatchdog/core_watchdog.rel
./drivers/CoreUARTapb/core_uart_apb.rel
./drivers/CoreTimer/core_timer.rel
./drivers/CoreInterrupt/core_irq_ctrl.rel
./drivers/CoreGPIO/core_gpio.rel

Libraries Linked            [   object  file   ]

C:\Program Files (x86)\Microsemi\SoftConsole v3.4\Sourcery-G++\bin\..\lib\large/mcs51.lib    [     crtclear.rel ]
C:\Program Files (x86)\Microsemi\SoftConsole v3.4\Sourcery-G++\bin\..\lib\large/mcs51.lib    [     crtxinit.rel ]
C:\Program Files (x86)\Microsemi\SoftConsole v3.4\Sourcery-G++\bin\..\lib\large/libsdcc.lib    [         _gptrput ]
C:\Program Files (x86)\Microsemi\SoftConsole v3.4\Sourcery-G++\bin\..\lib\large/mcs51.lib    [    crtxclear.rel ]
C:\Program Files (x86)\Microsemi\SoftConsole v3.4\Sourcery-G++\bin\..\lib\large/mcs51.lib    [   crtpagesfr.rel ]
C:\Program Files (x86)\Microsemi\SoftConsole v3.4\Sourcery-G++\bin\..\lib\large/mcs51.lib    [     crtstart.rel ]
C:\Program Files (x86)\Microsemi\SoftConsole v3.4\Sourcery-G++\bin\..\lib\large/libsdcc.lib    [         _gptrget ]
C:\Program Files (x86)\Microsemi\SoftConsole v3.4\Sourcery-G++\bin\..\lib\large/libsdcc.lib    [         _startup ]

ASxxxx Linker V01.75 + NoICE + SDCC Feb 1999,  page 2.

User Base Address Definitions

HOME = 0x0000
ISEG = 0x0000
BSEG = 0x0000

