
Hexadecimal

Area                               Addr   Size   Decimal Bytes (Attributes)
--------------------------------   ----   ----   ------- ----- ------------
CABS                               0000   0000 =      0. bytes (ABS,CON,CODE)

      Value  Global
   --------  --------------------------------
  0C:0000    l_BIT_BANK
  0C:0000    l_CABS
  0C:0000    l_GSINIT
  0C:0000    l_GSINIT1
  0C:0000    l_GSINIT5
  0C:0000    l_IABS
  0C:0000    l_ISEG
  0C:0000    l_OSEG
  0C:0000    l_PSEG
  0C:0000    l_REG_BANK_1
  0C:0000    l_REG_BANK_2
  0C:0000    l_REG_BANK_3
  0C:0000    l__CODE
  0C:0000    s_BSEG
  0C:0000    s_CABS
  0C:0000    s_DSEG
  0C:0000    s_HOME
  0C:0000    s_IABS
  0C:0000    s_ISEG
  0C:0000    s_PSEG
  0C:0000    s_REG_BANK_0
  0C:0000    s_SSEG
  0C:0000    s_XSEG
  0C:0001    l_BSEG
  0C:0001    l_BSEG_BYTES
  0C:0003    l_GSFINAL
  0C:0003    l_GSINIT0
  0C:0005    l_XINIT
  0C:0005    l_XISEG
  0C:0008    l_HOME
  0C:0008    l_REG_BANK_0
  0C:0008    s_GSINIT0
  0C:0008    s_REG_BANK_1
  0C:000A    l_GSINIT2
  0C:000B    s_GSINIT1
  0C:000B    s_GSINIT2
  0C:0010    s_REG_BANK_2
  0C:0015    s_GSINIT3
  0C:0016    l_RSEG
  0C:0018    s_BIT_BANK
  0C:0018    s_OSEG
  0C:0018    s_REG_BANK_3
  0C:0020    s_BSEG_BYTES
  0C:0020    s__CODE
  0C:0022    l_GSINIT3
  0C:0028    l_GSINIT4
  0C:0037    s_GSINIT4
  0C:005F    s_GSFINAL
  0C:005F    s_GSINIT
  0C:005F    s_GSINIT5
  0C:0062    s_CSEG
  0C:006D    l_DSEG
  0C:006E    s_RSEG
  0C:0092    l_SSEG
  0C:00B1    l_CONST
  0C:0100    l_IRAM
  0C:0DA0    l_XSEG
  0C:0DA0    s_XISEG
  0C:7127    l_CSEG
  0C:7189    s_CONST
  0C:723A    s_XINIT

Hexadecimal

Area                               Addr   Size   Decimal Bytes (Attributes)
--------------------------------   ----   ----   ------- ----- ------------
IABS                               0000   0000 =      0. bytes (ABS,CON)

Hexadecimal

Area                               Addr   Size   Decimal Bytes (Attributes)
--------------------------------   ----   ----   ------- ----- ------------
.  .ABS.                           0000   0000 =      0. bytes (ABS,CON)

      Value  Global
   --------  --------------------------------
     00A0    __XPAGE
     00F5    _B_5
     00F6    _B_6
     00F7    _B_7

Hexadecimal

Area                               Addr   Size   Decimal Bytes (Attributes)
--------------------------------   ----   ----   ------- ----- ------------
BSEG_BYTES                         0020   0001 =      1. bytes (REL,CON)

Hexadecimal

Area                               Addr   Size   Decimal Bytes (Attributes)
--------------------------------   ----   ----   ------- ----- ------------
_CODE                              0020   0000 =      0. bytes (REL,CON)

Hexadecimal

Area                               Addr   Size   Decimal Bytes (Attributes)
--------------------------------   ----   ----   ------- ----- ------------
REG_BANK_0                         0000   0008 =      8. bytes (REL,OVR)

Hexadecimal

Area                               Addr   Size   Decimal Bytes (Attributes)
--------------------------------   ----   ----   ------- ----- ------------
REG_BANK_1                         0008   0000 =      0. bytes (REL,OVR)

Hexadecimal

Area                               Addr   Size   Decimal Bytes (Attributes)
--------------------------------   ----   ----   ------- ----- ------------
REG_BANK_2                         0010   0000 =      0. bytes (REL,OVR)

Hexadecimal

Area                               Addr   Size   Decimal Bytes (Attributes)
--------------------------------   ----   ----   ------- ----- ------------
REG_BANK_3                         0018   0000 =      0. bytes (REL,OVR)

Hexadecimal

Area                               Addr   Size   Decimal Bits  (Attributes)
--------------------------------   ----   ----   ------- ----- ------------
BSEG                               0000   0001 =      1. bits  (REL,CON,BIT)

Hexadecimal

Area                               Addr   Size   Decimal Bytes (Attributes)
--------------------------------   ----   ----   ------- ----- ------------
BIT_BANK                           0018   0000 =      0. bytes (REL,OVR)

Hexadecimal

Area                               Addr   Size   Decimal Bytes (Attributes)
--------------------------------   ----   ----   ------- ----- ------------
DSEG                               0000   006D =    109. bytes (REL,CON)

      Value  Global
   --------  --------------------------------
     0018    Ldisplay_brt_regs$sloc0$1$0
     0019    LWD_init$sloc0$1$0
     0021    Ldp_display_array$sloc0$1$0
     0023    Ldp_display_array$sloc1$1$0
     0025    Lint_to_hex_int$sloc0$1$0
     0027    Lint_to_hex_int$sloc1$1$0
     002A    Lint_to_dec_int$sloc0$1$0
     002D    LHW_set_32bit_reg_field$sloc0$1$0
     002F    LHW_set_32bit_reg_field$sloc1$1$0
     0033    LHW_set_32bit_reg_field$sloc2$1$0
     0034    LHW_set_16bit_reg_field$sloc0$1$0
     0035    LUART_init$sloc0$1$0
     0036    LUART_init$sloc1$1$0
     0038    LUART_init$sloc2$1$0
     003A    LUART_init$sloc3$1$0
     003C    LUART_send$sloc0$1$0
     003F    LUART_send$sloc1$1$0
     0042    LUART_fill_tx_fifo$sloc0$1$0
     0045    LUART_fill_tx_fifo$sloc1$1$0
     0048    LUART_get_rx$sloc0$1$0
     004B    LUART_get_rx$sloc1$1$0
     004E    LUART_polled_tx_string$sloc0$1$0
     0050    LUART_polled_tx_string$sloc1$1$0
     0054    LTMR_init$sloc0$1$0
     0058    LTMR_init$sloc1$1$0
     005A    LGPIO_set_outputs$sloc1$1$0
     005E    LGPIO_set_outputs$sloc2$1$0
     0062    LGPIO_set_output$sloc0$1$0
     0066    LGPIO_set_output$sloc2$1$0
     006A    LGPIO_clear_irq$sloc0$1$0

Hexadecimal

Area                               Addr   Size   Decimal Bytes (Attributes)
--------------------------------   ----   ----   ------- ----- ------------
OSEG                               0018   0000 =      0. bytes (REL,OVR)

Hexadecimal

Area                               Addr   Size   Decimal Bytes (Attributes)
--------------------------------   ----   ----   ------- ----- ------------
ISEG                               0000   0000 =      0. bytes (REL,CON)

Hexadecimal

Area                               Addr   Size   Decimal Bytes (Attributes)
--------------------------------   ----   ----   ------- ----- ------------
SSEG                               0000   0092 =    146. bytes (REL,OVR)

      Value  Global
   --------  --------------------------------
     006E    __start__stack

Hexadecimal

Area                               Addr   Size   Decimal Bytes (Attributes)
--------------------------------   ----   ----   ------- ----- ------------
RSEG                               006E   0016 =     22. bytes (REL,CON)

      Value  Global
   --------  --------------------------------
     006E    _SP
     006F    _DPL
     0070    _DPH
     0071    _DPL1
     0072    _DPH1
     0073    _DPS
     0074    _XWB1
     0075    _XWB2
     0076    _XWB3
     0077    _XRB1
     0078    _XRB2
     0079    _XRB3
     007A    _PSW
     007B    _ACC
     007C    _B
     007D    _CY
     007E    _AC
     007F    _F0
     0080    _RS1
     0081    _RS0
     0082    _OV
     0083    _P

Hexadecimal

Area                               Addr   Size   Decimal Bytes (Attributes)
--------------------------------   ----   ----   ------- ----- ------------
PSEG                               0000   0000 =      0. bytes (REL,CON,PAG,XDATA)

Hexadecimal

Area                               Addr   Size   Decimal Bytes (Attributes)
--------------------------------   ----   ----   ------- ----- ------------
XSEG                               0000   0DA0 =   3488. bytes (REL,CON,XDATA)

      Value  Global
   --------  --------------------------------
  0D:000E    G$last_sub_address$0$0
  0D:000E    _last_sub_address
  0D:000F    G$last_msg_no$0$0
  0D:000F    _last_msg_no
  0D:0010    G$temp$0$0
  0D:0010    _temp
  0D:0011    Ldisplay_help$tx_data$1$1
  0D:03D1    Lget_key_selection$rx_data$1$1
  0D:03D3    Lread_user_input$rx_char_ptr$1$1
  0D:03D6    Lread_user_input$recv_char$1$1
  0D:03D7    Lread_user_input$index$1$1
  0D:03D8    Ldisplay_brt_regs$mem_addr$1$1
  0D:03DC    Ldisplay_brt_regs$i$1$1
  0D:03DD    Ldisplay_brt_data$subaddr$1$1
  0D:03DD    _display_brt_data_PARM_2
  0D:03DE    Ldisplay_brt_data$brt_baseaddr$1$1
  0D:03E2    Ldisplay_brt_data$tx_sub_address$1$1
  0D:03E4    Ldisplay_brt_data$rx_sub_address$1$1
  0D:03E6    Ldisplay_brt_data$i$1$1
  0D:03E7    Ldisplay_brt_data$m$1$1
  0D:03E8    Lprocess_uart_data$key$1$1
  0D:03E9    Ldisplay_mem_data$mem_data$1$1
  0D:03EB    Ldisplay_mem_data$tx_sub_address$1$1
  0D:03ED    Ldisplay_mem_data$rx_sub_address$1$1
  0D:03EF    Ldisplay_mem_data$i$1$1
  0D:03F0    Ldisplay_mem_data$m$1$1
  0D:03F1    G$key$0$0
  0D:03F1    _key
  0D:03F2    G$rx_char$0$0
  0D:03F2    _rx_char
  0D:03FC    G$rx_char_ptr$0$0
  0D:03FC    _rx_char_ptr
  0D:03FF    G$g_gpio$0$0
  0D:03FF    _g_gpio
  0D:0402    G$g_stdio_uart$0$0
  0D:0402    _g_stdio_uart
  0D:0405    G$g_wd$0$0
  0D:0405    _g_wd
  0D:0407    Lmain$uart_msg$1$1
  0D:0426    Lmain$linefeed$1$1
  0D:0429    Lmain$sram_addr$1$1
  0D:042B    Lmain$rx_data$2$4
  0D:042D    Lwait$time_in_ms$1$1
  0D:042F    Lwait$i$1$1
  0D:0431    Ldp_display_text$text$1$1
  0D:0434    Ldp_display_text$length$1$1
  0D:0436    Ldp_display_value$descriptive$1$1
  0D:0436    _dp_display_value_PARM_2
  0D:0438    Ldp_display_value$value$1$1
  0D:043C    Ldp_display_value$value_text$1$1
  0D:053C    Ldp_display_value$text_size$1$1
  0D:053E    Ldp_display_array$bytes$1$1
  0D:053E    _dp_display_array_PARM_2
  0D:0540    Ldp_display_array$descriptive$1$1
  0D:0540    _dp_display_array_PARM_3
  0D:0542    Ldp_display_array$value$1$1
  0D:0545    Ldp_display_array$idx$1$1
  0D:0547    Lint_to_hex_int$p_result$1$1
  0D:0547    _int_to_hex_int_PARM_2
  0D:054A    Lint_to_hex_int$result_size$1$1
  0D:054A    _int_to_hex_int_PARM_3
  0D:054C    Lint_to_hex_int$value$1$1
  0D:054E    Lint_to_hex_int$nibble_idx$1$1
  0D:0550    Lint_to_hex_int$nb_nibbles$1$1
  0D:0552    Lint_to_hex_int$conv_array$1$1
  0D:055A    Lint_to_hex_int$uvalue$1$1
  0D:055C    Lint_to_dec_int$p_result$1$1
  0D:055C    _int_to_dec_int_PARM_2
  0D:055F    Lint_to_dec_int$value$1$1
  0D:0561    Lint_to_dec_int$conv_array$1$1
  0D:0569    Lint_to_dec_int$uvalue$1$1
  0D:056B    Lint_to_dec_int$digit_idx$1$1
  0D:056D    Lint_to_dec_int$nb_digits$1$1
  0D:056F    Lxatoi$res$1$1
  0D:056F    _xatoi_PARM_2
  0D:0572    Lxatoi$str$1$1
  0D:0575    Lxatoi$val$1$1
  0D:0579    Lxatoi$c$1$1
  0D:057A    Lxatoi$r$1$1
  0D:057B    Lxatoi$s$1$1
  0D:057C    LgetParity$n$1$1
  0D:057E    LgetParity$parity$1$1
  0D:057F    LHAL_assert_fail$line_no$1$1
  0D:057F    _HAL_assert_fail_PARM_2
  0D:0583    LHAL_assert_fail$file_name$1$1
  0D:0586    LHAL_assert_fail$assert_file$2$2
  0D:0589    LHAL_assert_fail$assert_line$2$2
  0D:058D    LHAL_assert_fail$dummy$2$2
  0D:059A    _HW_set_16bit_reg_PARM_2
  0D:059C    _HW_set_8bit_reg_PARM_2
  0D:059D    _HW_set_32bit_reg_PARM_2
  0D:05A1    LHW_set_32bit_reg_field$shift$1$1
  0D:05A1    _HW_set_32bit_reg_field_PARM_2
  0D:05A2    LHW_set_32bit_reg_field$mask$1$1
  0D:05A2    _HW_set_32bit_reg_field_PARM_3
  0D:05A6    LHW_set_32bit_reg_field$value$1$1
  0D:05A6    _HW_set_32bit_reg_field_PARM_4
  0D:05AA    LHW_set_32bit_reg_field$reg_addr$1$1
  0D:05AC    LHW_set_32bit_reg_field$temp32$1$1
  0D:05B0    LHW_get_32bit_reg_field$shift$1$1
  0D:05B0    _HW_get_32bit_reg_field_PARM_2
  0D:05B1    LHW_get_32bit_reg_field$mask$1$1
  0D:05B1    _HW_get_32bit_reg_field_PARM_3
  0D:05B5    LHW_get_32bit_reg_field$reg_addr$1$1
  0D:05B7    LHW_get_32bit_reg_field$temp32$1$1
  0D:05BB    LHW_set_16bit_reg_field$shift$1$1
  0D:05BB    _HW_set_16bit_reg_field_PARM_2
  0D:05BC    LHW_set_16bit_reg_field$mask$1$1
  0D:05BC    _HW_set_16bit_reg_field_PARM_3
  0D:05BE    LHW_set_16bit_reg_field$in_value16$1$1
  0D:05BE    _HW_set_16bit_reg_field_PARM_4
  0D:05C0    LHW_set_16bit_reg_field$reg_addr$1$1
  0D:05C2    LHW_set_16bit_reg_field$temp16$1$1
  0D:05C4    LHW_get_16bit_reg_field$shift$1$1
  0D:05C4    _HW_get_16bit_reg_field_PARM_2
  0D:05C5    LHW_get_16bit_reg_field$mask$1$1
  0D:05C5    _HW_get_16bit_reg_field_PARM_3
  0D:05C7    LHW_get_16bit_reg_field$reg_addr$1$1
  0D:05C9    LHW_get_16bit_reg_field$temp16$1$1
  0D:05CB    LHW_set_8bit_reg_field$shift$1$1
  0D:05CB    _HW_set_8bit_reg_field_PARM_2
  0D:05CC    LHW_set_8bit_reg_field$mask$1$1
  0D:05CC    _HW_set_8bit_reg_field_PARM_3
  0D:05CD    LHW_set_8bit_reg_field$value$1$1
  0D:05CD    _HW_set_8bit_reg_field_PARM_4
  0D:05CE    LHW_set_8bit_reg_field$reg_addr$1$1
  0D:05D0    LHW_set_8bit_reg_field$temp8$1$1
  0D:05D1    LHW_get_8bit_reg_field$shift$1$1
  0D:05D1    _HW_get_8bit_reg_field_PARM_2
  0D:05D2    LHW_get_8bit_reg_field$mask$1$1
  0D:05D2    _HW_get_8bit_reg_field_PARM_3
  0D:05D3    LHW_get_8bit_reg_field$reg_addr$1$1
  0D:05D5    LHW_get_8bit_reg_field$temp8$1$1
  0D:05D6    F___drivers_CoreWatchdog_core_watchdog$NULL_instance$0$0
  0D:05D9    LWD_init$base$1$1
  0D:05D9    _WD_init_PARM_2
  0D:05DB    LWD_init$value$1$1
  0D:05DB    _WD_init_PARM_3
  0D:05DF    LWD_init$scale$1$1
  0D:05DF    _WD_init_PARM_4
  0D:05E3    LWD_init$instance$1$1
  0D:05E6    LWD_init$file_name$3$3
  0D:060E    LWD_init$file_name$3$5
  0D:0636    LWD_enable$instance$1$1
  0D:0639    LWD_enable$file_name$3$3
  0D:0661    LWD_disable$instance$1$1
  0D:0664    LWD_disable$file_name$3$3
  0D:068C    LWD_reload$instance$1$1
  0D:068F    LWD_reload$file_name$3$3
  0D:06B7    LWD_current_value$instance$1$1
  0D:06BA    LWD_current_value$file_name$3$3
  0D:06E2    LUART_init$base_addr$1$1
  0D:06E2    _UART_init_PARM_2
  0D:06E4    LUART_init$baud_value$1$1
  0D:06E4    _UART_init_PARM_3
  0D:06E6    LUART_init$line_config$1$1
  0D:06E6    _UART_init_PARM_4
  0D:06E7    LUART_init$this_uart$1$1
  0D:06EA    LUART_init$rx_full$1$1
  0D:06EB    LUART_init$file_name$3$3
  0D:0712    LUART_init$file_name$3$5
  0D:0739    LUART_init$file_name$3$7
  0D:0760    LUART_init$file_name$5$11
  0D:0787    LUART_init$file_name$5$13
  0D:07AE    LUART_init$rx_byte$3$14
  0D:07AF    LUART_send$tx_buffer$1$1
  0D:07AF    _UART_send_PARM_2
  0D:07B2    LUART_send$tx_size$1$1
  0D:07B2    _UART_send_PARM_3
  0D:07B4    LUART_send$this_uart$1$1
  0D:07B7    LUART_send$char_idx$1$1
  0D:07B9    LUART_send$file_name$3$3
  0D:07E0    LUART_send$file_name$3$5
  0D:0807    LUART_send$file_name$3$7
  0D:082E    LUART_fill_tx_fifo$tx_buffer$1$1
  0D:082E    _UART_fill_tx_fifo_PARM_2
  0D:0831    LUART_fill_tx_fifo$tx_size$1$1
  0D:0831    _UART_fill_tx_fifo_PARM_3
  0D:0833    LUART_fill_tx_fifo$this_uart$1$1
  0D:0836    LUART_fill_tx_fifo$size_sent$1$1
  0D:0838    LUART_fill_tx_fifo$file_name$3$3
  0D:085F    LUART_fill_tx_fifo$file_name$3$5
  0D:0886    LUART_fill_tx_fifo$file_name$3$7
  0D:08AD    LUART_get_rx$rx_buffer$1$1
  0D:08AD    _UART_get_rx_PARM_2
  0D:08B0    LUART_get_rx$buff_size$1$1
  0D:08B0    _UART_get_rx_PARM_3
  0D:08B2    LUART_get_rx$this_uart$1$1
  0D:08B5    LUART_get_rx$rx_full$1$1
  0D:08B6    LUART_get_rx$rx_idx$1$1
  0D:08B8    LUART_get_rx$file_name$3$3
  0D:08DF    LUART_get_rx$file_name$3$5
  0D:0906    LUART_get_rx$file_name$3$7
  0D:092D    LUART_polled_tx_string$p_sz_string$1$1
  0D:092D    _UART_polled_tx_string_PARM_2
  0D:0930    LUART_polled_tx_string$this_uart$1$1
  0D:0933    LUART_polled_tx_string$char_idx$1$1
  0D:0937    LUART_polled_tx_string$file_name$3$3
  0D:095E    LUART_polled_tx_string$file_name$3$5
  0D:0985    LUART_get_rx_status$this_uart$1$1
  0D:0988    LUART_get_rx_status$status$1$1
  0D:0989    LUART_get_rx_status$file_name$3$3
  0D:09B0    F___drivers_CoreTimer_core_timer$NULL_timer_instance$0$0
  0D:09B3    LTMR_init$address$1$1
  0D:09B3    _TMR_init_PARM_2
  0D:09B5    LTMR_init$mode$1$1
  0D:09B5    _TMR_init_PARM_3
  0D:09B6    LTMR_init$prescale$1$1
  0D:09B6    _TMR_init_PARM_4
  0D:09BA    LTMR_init$load_value$1$1
  0D:09BA    _TMR_init_PARM_5
  0D:09BE    LTMR_init$this_timer$1$1
  0D:09C1    LTMR_init$file_name$3$3
  0D:09E3    LTMR_init$file_name$3$5
  0D:0A05    LTMR_init$file_name$3$7
  0D:0A27    LTMR_start$this_timer$1$1
  0D:0A2A    LTMR_start$file_name$3$3
  0D:0A4C    LTMR_stop$this_timer$1$1
  0D:0A4F    LTMR_stop$file_name$3$3
  0D:0A71    LTMR_enable_int$this_timer$1$1
  0D:0A74    LTMR_enable_int$file_name$3$3
  0D:0A96    LTMR_clear_int$this_timer$1$1
  0D:0A99    LTMR_clear_int$file_name$3$3
  0D:0ABB    LTMR_current_value$this_timer$1$1
  0D:0ABE    LTMR_current_value$file_name$3$3
  0D:0AE0    LTMR_reload$load_value$1$1
  0D:0AE0    _TMR_reload_PARM_2
  0D:0AE4    LTMR_reload$this_timer$1$1
  0D:0AE7    LTMR_reload$file_name$3$3
  0D:0B09    LTMR_reload$file_name$3$5
  0D:0B2B    LGPIO_init$base_addr$1$1
  0D:0B2B    _GPIO_init_PARM_2
  0D:0B2D    LGPIO_init$bus_width$1$1
  0D:0B2D    _GPIO_init_PARM_3
  0D:0B2E    LGPIO_init$this_gpio$1$1
  0D:0B31    LGPIO_init$i$1$1
  0D:0B32    LGPIO_init$cfg_reg_addr$1$1
  0D:0B34    LGPIO_init$file_name$4$5
  0D:0B54    LGPIO_config$port_id$1$1
  0D:0B54    _GPIO_config_PARM_2
  0D:0B55    LGPIO_config$config$1$1
  0D:0B55    _GPIO_config_PARM_3
  0D:0B59    LGPIO_config$this_gpio$1$1
  0D:0B5C    LGPIO_config$file_name$3$3
  0D:0B7C    LGPIO_config$file_name$4$6
  0D:0B9C    LGPIO_set_outputs$value$1$1
  0D:0B9C    _GPIO_set_outputs_PARM_2
  0D:0BA0    LGPIO_set_outputs$this_gpio$1$1
  0D:0BA3    LGPIO_set_outputs$file_name$4$4
  0D:0BC3    LGPIO_set_outputs$file_name$3$6
  0D:0BE3    LGPIO_get_inputs$this_gpio$1$1
  0D:0BE6    LGPIO_get_inputs$gpio_in$1$1
  0D:0BEA    LGPIO_get_inputs$file_name$4$4
  0D:0C0A    LGPIO_get_outputs$this_gpio$1$1
  0D:0C0D    LGPIO_get_outputs$gpio_out$1$1
  0D:0C11    LGPIO_get_outputs$file_name$4$4
  0D:0C31    LGPIO_set_output$port_id$1$1
  0D:0C31    _GPIO_set_output_PARM_2
  0D:0C32    LGPIO_set_output$value$1$1
  0D:0C32    _GPIO_set_output_PARM_3
  0D:0C33    LGPIO_set_output$this_gpio$1$1
  0D:0C36    LGPIO_set_output$file_name$3$3
  0D:0C56    LGPIO_set_output$outputs_state$3$5
  0D:0C5A    LGPIO_set_output$file_name$5$9
  0D:0C7A    LGPIO_set_output$outputs_state$3$10
  0D:0C7C    LGPIO_set_output$file_name$5$14
  0D:0C9C    LGPIO_set_output$outputs_state$3$15
  0D:0C9D    LGPIO_set_output$file_name$5$19
  0D:0CBD    LGPIO_set_output$file_name$4$21
  0D:0CDD    LGPIO_drive_inout$port_id$1$1
  0D:0CDD    _GPIO_drive_inout_PARM_2
  0D:0CDE    LGPIO_drive_inout$inout_state$1$1
  0D:0CDE    _GPIO_drive_inout_PARM_3
  0D:0CDF    LGPIO_drive_inout$this_gpio$1$1
  0D:0CE2    LGPIO_drive_inout$file_name$3$3
  0D:0D02    LGPIO_drive_inout$file_name$4$6
  0D:0D22    LGPIO_enable_irq$port_id$1$1
  0D:0D22    _GPIO_enable_irq_PARM_2
  0D:0D23    LGPIO_enable_irq$this_gpio$1$1
  0D:0D26    LGPIO_enable_irq$file_name$3$3
  0D:0D46    LGPIO_disable_irq$port_id$1$1
  0D:0D46    _GPIO_disable_irq_PARM_2
  0D:0D47    LGPIO_disable_irq$this_gpio$1$1
  0D:0D4A    LGPIO_disable_irq$file_name$3$3
  0D:0D6A    LGPIO_clear_irq$port_id$1$1
  0D:0D6A    _GPIO_clear_irq_PARM_2
  0D:0D6B    LGPIO_clear_irq$this_gpio$1$1
  0D:0D6E    LGPIO_clear_irq$file_name$4$4
  0D:0D8E    __divuint_PARM_2
  0D:0D94    __gptrput_PARM_2
  0D:0D95    __mulint_PARM_2
  0D:0D97    __mullong_PARM_2
  0D:0D9B    __moduint_PARM_2

Hexadecimal

Area                               Addr   Size   Decimal Bytes (Attributes)
--------------------------------   ----   ----   ------- ----- ------------
XISEG                              0DA0   0005 =      5. bytes (REL,CON,XDATA)

      Value  Global
   --------  --------------------------------
  0D:0DA0    G$user_input$0$0
  0D:0DA0    _user_input
  0D:0DA4    G$last_rt_subaddress$0$0
  0D:0DA4    _last_rt_subaddress

Hexadecimal

Area                               Addr   Size   Decimal Bytes (Attributes)
--------------------------------   ----   ----   ------- ----- ------------
HOME                               0000   0008 =      8. bytes (REL,CON,CODE)

      Value  Global
   --------  --------------------------------
  0C:0000    A$main_org$124
  0C:0003    A$main_org$146
  0C:0003    __sdcc_program_startup
  0C:0006    A$main_org$148

Hexadecimal

Area                               Addr   Size   Decimal Bytes (Attributes)
--------------------------------   ----   ----   ------- ----- ------------
GSINIT0                            0008   0003 =      3. bytes (REL,CON,CODE)

      Value  Global
   --------  --------------------------------
  0C:0008    __sdcc_gsinit_startup

Hexadecimal

Area                               Addr   Size   Decimal Bytes (Attributes)
--------------------------------   ----   ----   ------- ----- ------------
GSINIT1                            000B   0000 =      0. bytes (REL,CON,CODE)

Hexadecimal

Area                               Addr   Size   Decimal Bytes (Attributes)
--------------------------------   ----   ----   ------- ----- ------------
GSINIT2                            000B   000A =     10. bytes (REL,CON,CODE)

Hexadecimal

Area                               Addr   Size   Decimal Bytes (Attributes)
--------------------------------   ----   ----   ------- ----- ------------
GSINIT3                            0015   0022 =     34. bytes (REL,CON,CODE)

      Value  Global
   --------  --------------------------------
  0C:0015    __mcs51_genXINIT

Hexadecimal

Area                               Addr   Size   Decimal Bytes (Attributes)
--------------------------------   ----   ----   ------- ----- ------------
GSINIT4                            0037   0028 =     40. bytes (REL,CON,CODE)

      Value  Global
   --------  --------------------------------
  0C:0037    __mcs51_genRAMCLEAR
  0C:003D    __mcs51_genXRAMCLEAR

Hexadecimal

Area                               Addr   Size   Decimal Bytes (Attributes)
--------------------------------   ----   ----   ------- ----- ------------
GSINIT5                            005F   0000 =      0. bytes (REL,CON,CODE)

Hexadecimal

Area                               Addr   Size   Decimal Bytes (Attributes)
--------------------------------   ----   ----   ------- ----- ------------
GSINIT                             005F   0000 =      0. bytes (REL,CON,CODE)

Hexadecimal

Area                               Addr   Size   Decimal Bytes (Attributes)
--------------------------------   ----   ----   ------- ----- ------------
GSFINAL                            005F   0003 =      3. bytes (REL,CON,CODE)

      Value  Global
   --------  --------------------------------
  0C:005F    A$main_org$139

Hexadecimal

Area                               Addr   Size   Decimal Bytes (Attributes)
--------------------------------   ----   ----   ------- ----- ------------
CSEG                               0062   7127 =  28967. bytes (REL,CON,CODE)

      Value  Global
   --------  --------------------------------
  0C:0062    A$cli$209
  0C:0062    C$cli.c$20$0$0
  0C:0062    C$cli.c$21$1$0
  0C:0062    G$display_help$0$0
  0C:0062    _display_help
  0C:0065    A$cli$210
  0C:0067    A$cli$211
  0C:0068    A$cli$214
  0C:006B    A$cli$215
  0C:006D    A$cli$216
  0C:006E    A$cli$219
  0C:0071    A$cli$220
  0C:0073    A$cli$221
  0C:0074    A$cli$224
  0C:0077    A$cli$225
  0C:0079    A$cli$226
  0C:007A    A$cli$229
  0C:007D    A$cli$230
  0C:007F    A$cli$231
  0C:0080    A$cli$234
  0C:0083    A$cli$235
  0C:0085    A$cli$236
  0C:0086    A$cli$239
  0C:0089    A$cli$240
  0C:008B    A$cli$241
  0C:008C    A$cli$244
  0C:008F    A$cli$245
  0C:0091    A$cli$246
  0C:0092    A$cli$249
  0C:0095    A$cli$250
  0C:0097    A$cli$251
  0C:0098    A$cli$254
  0C:009B    A$cli$255
  0C:009D    A$cli$256
  0C:009E    A$cli$259
  0C:00A1    A$cli$260
  0C:00A3    A$cli$261
  0C:00A4    A$cli$264
  0C:00A7    A$cli$265
  0C:00A9    A$cli$266
  0C:00AA    A$cli$269
  0C:00AD    A$cli$270
  0C:00AF    A$cli$271
  0C:00B0    A$cli$274
  0C:00B3    A$cli$275
  0C:00B5    A$cli$276
  0C:00B6    A$cli$279
  0C:00B9    A$cli$280
  0C:00BB    A$cli$281
  0C:00BC    A$cli$284
  0C:00BF    A$cli$285
  0C:00C1    A$cli$286
  0C:00C2    A$cli$289
  0C:00C5    A$cli$290
  0C:00C7    A$cli$291
  0C:00C8    A$cli$294
  0C:00CB    A$cli$295
  0C:00CD    A$cli$296
  0C:00CE    A$cli$299
  0C:00D1    A$cli$300
  0C:00D3    A$cli$301
  0C:00D4    A$cli$304
  0C:00D7    A$cli$305
  0C:00D9    A$cli$306
  0C:00DA    A$cli$309
  0C:00DD    A$cli$310
  0C:00DF    A$cli$311
  0C:00E0    A$cli$314
  0C:00E3    A$cli$315
  0C:00E5    A$cli$316
  0C:00E6    A$cli$319
  0C:00E9    A$cli$320
  0C:00EB    A$cli$321
  0C:00EC    A$cli$324
  0C:00EF    A$cli$325
  0C:00F1    A$cli$326
  0C:00F2    A$cli$329
  0C:00F5    A$cli$330
  0C:00F7    A$cli$331
  0C:00F8    A$cli$334
  0C:00FB    A$cli$335
  0C:00FD    A$cli$336
  0C:00FE    A$cli$339
  0C:0101    A$cli$340
  0C:0103    A$cli$341
  0C:0104    A$cli$344
  0C:0107    A$cli$345
  0C:0109    A$cli$346
  0C:010A    A$cli$349
  0C:010D    A$cli$350
  0C:010F    A$cli$351
  0C:0110    A$cli$354
  0C:0113    A$cli$355
  0C:0115    A$cli$356
  0C:0116    A$cli$359
  0C:0119    A$cli$360
  0C:011B    A$cli$361
  0C:011C    A$cli$364
  0C:011F    A$cli$365
  0C:0121    A$cli$366
  0C:0122    A$cli$369
  0C:0125    A$cli$370
  0C:0127    A$cli$371
  0C:0128    A$cli$374
  0C:012B    A$cli$375
  0C:012D    A$cli$376
  0C:012E    A$cli$379
  0C:0131    A$cli$380
  0C:0133    A$cli$381
  0C:0134    A$cli$384
  0C:0137    A$cli$385
  0C:0139    A$cli$386
  0C:013A    A$cli$389
  0C:013D    A$cli$390
  0C:013F    A$cli$391
  0C:0140    A$cli$394
  0C:0143    A$cli$395
  0C:0145    A$cli$396
  0C:0146    A$cli$399
  0C:0149    A$cli$400
  0C:014B    A$cli$401
  0C:014C    A$cli$404
  0C:014F    A$cli$405
  0C:0151    A$cli$406
  0C:0152    A$cli$409
  0C:0155    A$cli$410
  0C:0157    A$cli$411
  0C:0158    A$cli$414
  0C:015B    A$cli$415
  0C:015D    A$cli$416
  0C:015E    A$cli$419
  0C:0161    A$cli$420
  0C:0163    A$cli$421
  0C:0164    A$cli$424
  0C:0167    A$cli$425
  0C:0169    A$cli$426
  0C:016A    A$cli$429
  0C:016D    A$cli$430
  0C:016F    A$cli$431
  0C:0170    A$cli$434
  0C:0173    A$cli$435
  0C:0175    A$cli$436
  0C:0176    A$cli$439
  0C:0179    A$cli$440
  0C:017B    A$cli$441
  0C:017C    A$cli$444
  0C:017F    A$cli$445
  0C:0181    A$cli$446
  0C:0182    A$cli$449
  0C:0185    A$cli$450
  0C:0187    A$cli$451
  0C:0188    A$cli$454
  0C:018B    A$cli$455
  0C:018D    A$cli$456
  0C:018E    A$cli$459
  0C:0191    A$cli$460
  0C:0193    A$cli$461
  0C:0194    A$cli$464
  0C:0197    A$cli$465
  0C:0199    A$cli$466
  0C:019A    A$cli$469
  0C:019D    A$cli$470
  0C:019F    A$cli$471
  0C:01A0    A$cli$474
  0C:01A3    A$cli$475
  0C:01A5    A$cli$476
  0C:01A6    A$cli$479
  0C:01A9    A$cli$480
  0C:01AB    A$cli$481
  0C:01AC    A$cli$484
  0C:01AF    A$cli$485
  0C:01B1    A$cli$486
  0C:01B2    A$cli$489
  0C:01B5    A$cli$490
  0C:01B7    A$cli$491
  0C:01B8    A$cli$494
  0C:01BB    A$cli$495
  0C:01BD    A$cli$496
  0C:01BE    A$cli$499
  0C:01C1    A$cli$500
  0C:01C3    A$cli$501
  0C:01C4    A$cli$504
  0C:01C7    A$cli$505
  0C:01C9    A$cli$506
  0C:01CA    A$cli$509
  0C:01CD    A$cli$510
  0C:01CF    A$cli$511
  0C:01D0    A$cli$514
  0C:01D3    A$cli$515
  0C:01D5    A$cli$516
  0C:01D6    A$cli$519
  0C:01D9    A$cli$520
  0C:01DB    A$cli$521
  0C:01DC    A$cli$524
  0C:01DF    A$cli$525
  0C:01E1    A$cli$526
  0C:01E2    A$cli$529
  0C:01E5    A$cli$530
  0C:01E7    A$cli$531
  0C:01E8    A$cli$534
  0C:01EB    A$cli$535
  0C:01ED    A$cli$536
  0C:01EE    A$cli$539
  0C:01F1    A$cli$540
  0C:01F3    A$cli$541
  0C:01F4    A$cli$544
  0C:01F7    A$cli$545
  0C:01F9    A$cli$546
  0C:01FA    A$cli$549
  0C:01FD    A$cli$550
  0C:01FF    A$cli$551
  0C:0200    A$cli$554
  0C:0203    A$cli$555
  0C:0205    A$cli$556
  0C:0206    A$cli$559
  0C:0209    A$cli$560
  0C:020B    A$cli$561
  0C:020C    A$cli$564
  0C:020F    A$cli$565
  0C:0211    A$cli$566
  0C:0212    A$cli$569
  0C:0215    A$cli$570
  0C:0217    A$cli$571
  0C:0218    A$cli$574
  0C:021B    A$cli$575
  0C:021D    A$cli$576
  0C:021E    A$cli$579
  0C:0221    A$cli$580
  0C:0223    A$cli$581
  0C:0224    A$cli$584
  0C:0227    A$cli$585
  0C:0229    A$cli$586
  0C:022A    A$cli$589
  0C:022D    A$cli$590
  0C:022F    A$cli$591
  0C:0230    A$cli$594
  0C:0233    A$cli$595
  0C:0235    A$cli$596
  0C:0236    A$cli$599
  0C:0239    A$cli$600
  0C:023B    A$cli$601
  0C:023C    A$cli$604
  0C:023F    A$cli$605
  0C:0241    A$cli$606
  0C:0242    A$cli$609
  0C:0245    A$cli$610
  0C:0247    A$cli$611
  0C:0248    A$cli$614
  0C:024B    A$cli$615
  0C:024D    A$cli$616
  0C:024E    A$cli$619
  0C:0251    A$cli$620
  0C:0253    A$cli$621
  0C:0254    A$cli$624
  0C:0257    A$cli$625
  0C:0259    A$cli$626
  0C:025A    A$cli$629
  0C:025D    A$cli$630
  0C:025F    A$cli$631
  0C:0260    A$cli$634
  0C:0263    A$cli$635
  0C:0265    A$cli$636
  0C:0266    A$cli$639
  0C:0269    A$cli$640
  0C:026B    A$cli$641
  0C:026C    A$cli$644
  0C:026F    A$cli$645
  0C:0271    A$cli$646
  0C:0272    A$cli$649
  0C:0275    A$cli$650
  0C:0277    A$cli$651
  0C:0278    A$cli$654
  0C:027B    A$cli$655
  0C:027D    A$cli$656
  0C:027E    A$cli$659
  0C:0281    A$cli$660
  0C:0283    A$cli$661
  0C:0284    A$cli$664
  0C:0287    A$cli$665
  0C:0289    A$cli$666
  0C:028A    A$cli$669
  0C:028D    A$cli$670
  0C:028F    A$cli$671
  0C:0290    A$cli$674
  0C:0293    A$cli$675
  0C:0295    A$cli$676
  0C:0296    A$cli$679
  0C:0299    A$cli$680
  0C:029B    A$cli$681
  0C:029C    A$cli$684
  0C:029F    A$cli$685
  0C:02A1    A$cli$686
  0C:02A2    A$cli$689
  0C:02A5    A$cli$690
  0C:02A7    A$cli$691
  0C:02A8    A$cli$694
  0C:02AB    A$cli$695
  0C:02AD    A$cli$696
  0C:02AE    A$cli$699
  0C:02B1    A$cli$700
  0C:02B3    A$cli$701
  0C:02B4    A$cli$704
  0C:02B7    A$cli$705
  0C:02B9    A$cli$706
  0C:02BA    A$cli$709
  0C:02BD    A$cli$710
  0C:02BF    A$cli$711
  0C:02C0    A$cli$714
  0C:02C3    A$cli$715
  0C:02C5    A$cli$716
  0C:02C6    A$cli$719
  0C:02C9    A$cli$720
  0C:02CB    A$cli$721
  0C:02CC    A$cli$724
  0C:02CF    A$cli$725
  0C:02D1    A$cli$726
  0C:02D2    A$cli$729
  0C:02D5    A$cli$730
  0C:02D7    A$cli$731
  0C:02D8    A$cli$734
  0C:02DB    A$cli$735
  0C:02DD    A$cli$736
  0C:02DE    A$cli$739
  0C:02E1    A$cli$740
  0C:02E3    A$cli$741
  0C:02E4    A$cli$744
  0C:02E7    A$cli$745
  0C:02E9    A$cli$746
  0C:02EA    A$cli$749
  0C:02ED    A$cli$750
  0C:02EF    A$cli$751
  0C:02F0    A$cli$754
  0C:02F3    A$cli$755
  0C:02F5    A$cli$756
  0C:02F6    A$cli$759
  0C:02F9    A$cli$760
  0C:02FB    A$cli$761
  0C:02FC    A$cli$764
  0C:02FF    A$cli$765
  0C:0301    A$cli$766
  0C:0302    A$cli$769
  0C:0305    A$cli$770
  0C:0307    A$cli$771
  0C:0308    A$cli$774
  0C:030B    A$cli$775
  0C:030D    A$cli$776
  0C:030E    A$cli$779
  0C:0311    A$cli$780
  0C:0313    A$cli$781
  0C:0314    A$cli$784
  0C:0317    A$cli$785
  0C:0319    A$cli$786
  0C:031A    A$cli$789
  0C:031D    A$cli$790
  0C:031F    A$cli$791
  0C:0320    A$cli$794
  0C:0323    A$cli$795
  0C:0325    A$cli$796
  0C:0326    A$cli$799
  0C:0329    A$cli$800
  0C:032B    A$cli$801
  0C:032C    A$cli$804
  0C:032F    A$cli$805
  0C:0331    A$cli$806
  0C:0332    A$cli$809
  0C:0335    A$cli$810
  0C:0337    A$cli$811
  0C:0338    A$cli$814
  0C:033B    A$cli$815
  0C:033D    A$cli$816
  0C:033E    A$cli$819
  0C:0341    A$cli$820
  0C:0343    A$cli$821
  0C:0344    A$cli$824
  0C:0347    A$cli$825
  0C:0349    A$cli$826
  0C:034A    A$cli$829
  0C:034D    A$cli$830
  0C:034F    A$cli$831
  0C:0350    A$cli$834
  0C:0353    A$cli$835
  0C:0355    A$cli$836
  0C:0356    A$cli$839
  0C:0359    A$cli$840
  0C:035B    A$cli$841
  0C:035C    A$cli$844
  0C:035F    A$cli$845
  0C:0361    A$cli$846
  0C:0362    A$cli$849
  0C:0365    A$cli$850
  0C:0367    A$cli$851
  0C:0368    A$cli$854
  0C:036B    A$cli$855
  0C:036D    A$cli$856
  0C:036E    A$cli$859
  0C:0371    A$cli$860
  0C:0373    A$cli$861
  0C:0374    A$cli$864
  0C:0377    A$cli$865
  0C:0379    A$cli$866
  0C:037A    A$cli$869
  0C:037D    A$cli$870
  0C:037F    A$cli$871
  0C:0380    A$cli$874
  0C:0383    A$cli$875
  0C:0385    A$cli$876
  0C:0386    A$cli$879
  0C:0389    A$cli$880
  0C:038B    A$cli$881
  0C:038C    A$cli$884
  0C:038F    A$cli$885
  0C:0391    A$cli$886
  0C:0392    A$cli$889
  0C:0395    A$cli$890
  0C:0397    A$cli$891
  0C:0398    A$cli$894
  0C:039B    A$cli$895
  0C:039D    A$cli$896
  0C:039E    A$cli$899
  0C:03A1    A$cli$900
  0C:03A3    A$cli$901
  0C:03A4    A$cli$904
  0C:03A7    A$cli$905
  0C:03A9    A$cli$906
  0C:03AA    A$cli$909
  0C:03AD    A$cli$910
  0C:03AF    A$cli$911
  0C:03B0    A$cli$914
  0C:03B3    A$cli$915
  0C:03B5    A$cli$916
  0C:03B6    A$cli$919
  0C:03B9    A$cli$920
  0C:03BB    A$cli$921
  0C:03BC    A$cli$924
  0C:03BF    A$cli$925
  0C:03C1    A$cli$926
  0C:03C2    A$cli$929
  0C:03C5    A$cli$930
  0C:03C7    A$cli$931
  0C:03C8    A$cli$934
  0C:03CB    A$cli$935
  0C:03CD    A$cli$936
  0C:03CE    A$cli$939
  0C:03D1    A$cli$940
  0C:03D3    A$cli$941
  0C:03D4    A$cli$944
  0C:03D7    A$cli$945
  0C:03D9    A$cli$946
  0C:03DA    A$cli$949
  0C:03DD    A$cli$950
  0C:03DF    A$cli$951
  0C:03E0    A$cli$954
  0C:03E3    A$cli$955
  0C:03E5    A$cli$956
  0C:03E6    A$cli$959
  0C:03E9    A$cli$960
  0C:03EB    A$cli$961
  0C:03EC    A$cli$964
  0C:03EF    A$cli$965
  0C:03F1    A$cli$966
  0C:03F2    A$cli$969
  0C:03F5    A$cli$970
  0C:03F7    A$cli$971
  0C:03F8    A$cli$974
  0C:03FB    A$cli$975
  0C:03FD    A$cli$976
  0C:03FE    A$cli$979
  0C:0401    A$cli$980
  0C:0403    A$cli$981
  0C:0404    A$cli$984
  0C:0407    A$cli$985
  0C:0409    A$cli$986
  0C:040A    A$cli$989
  0C:040D    A$cli$990
  0C:040F    A$cli$991
  0C:0410    A$cli$994
  0C:0413    A$cli$995
  0C:0415    A$cli$996
  0C:0416    A$cli$999
  0C:0419    A$cli$1000
  0C:041B    A$cli$1001
  0C:041C    A$cli$1004
  0C:041F    A$cli$1005
  0C:0421    A$cli$1006
  0C:0422    A$cli$1009
  0C:0425    A$cli$1010
  0C:0427    A$cli$1011
  0C:0428    A$cli$1014
  0C:042B    A$cli$1015
  0C:042D    A$cli$1016
  0C:042E    A$cli$1019
  0C:0431    A$cli$1020
  0C:0433    A$cli$1021
  0C:0434    A$cli$1024
  0C:0437    A$cli$1025
  0C:0439    A$cli$1026
  0C:043A    A$cli$1029
  0C:043D    A$cli$1030
  0C:043F    A$cli$1031
  0C:0440    A$cli$1034
  0C:0443    A$cli$1035
  0C:0445    A$cli$1036
  0C:0446    A$cli$1039
  0C:0449    A$cli$1040
  0C:044B    A$cli$1041
  0C:044C    A$cli$1044
  0C:044F    A$cli$1045
  0C:0451    A$cli$1046
  0C:0452    A$cli$1049
  0C:0455    A$cli$1050
  0C:0457    A$cli$1051
  0C:0458    A$cli$1054
  0C:045B    A$cli$1055
  0C:045D    A$cli$1056
  0C:045E    A$cli$1059
  0C:0461    A$cli$1060
  0C:0463    A$cli$1061
  0C:0464    A$cli$1064
  0C:0467    A$cli$1065
  0C:0469    A$cli$1066
  0C:046A    A$cli$1069
  0C:046D    A$cli$1070
  0C:046F    A$cli$1071
  0C:0470    A$cli$1074
  0C:0473    A$cli$1075
  0C:0475    A$cli$1076
  0C:0476    A$cli$1079
  0C:0479    A$cli$1080
  0C:047B    A$cli$1081
  0C:047C    A$cli$1084
  0C:047F    A$cli$1085
  0C:0481    A$cli$1086
  0C:0482    A$cli$1089
  0C:0485    A$cli$1090
  0C:0487    A$cli$1091
  0C:0488    A$cli$1094
  0C:048B    A$cli$1095
  0C:048D    A$cli$1096
  0C:048E    A$cli$1099
  0C:0491    A$cli$1100
  0C:0493    A$cli$1101
  0C:0494    A$cli$1104
  0C:0497    A$cli$1105
  0C:0499    A$cli$1106
  0C:049A    A$cli$1109
  0C:049D    A$cli$1110
  0C:049F    A$cli$1111
  0C:04A0    A$cli$1114
  0C:04A3    A$cli$1115
  0C:04A5    A$cli$1116
  0C:04A6    A$cli$1119
  0C:04A9    A$cli$1120
  0C:04AB    A$cli$1121
  0C:04AC    A$cli$1124
  0C:04AF    A$cli$1125
  0C:04B1    A$cli$1126
  0C:04B2    A$cli$1129
  0C:04B5    A$cli$1130
  0C:04B7    A$cli$1131
  0C:04B8    A$cli$1134
  0C:04BB    A$cli$1135
  0C:04BD    A$cli$1136
  0C:04BE    A$cli$1139
  0C:04C1    A$cli$1140
  0C:04C3    A$cli$1141
  0C:04C4    A$cli$1144
  0C:04C7    A$cli$1145
  0C:04C9    A$cli$1146
  0C:04CA    A$cli$1149
  0C:04CD    A$cli$1150
  0C:04CF    A$cli$1151
  0C:04D0    A$cli$1154
  0C:04D3    A$cli$1155
  0C:04D5    A$cli$1156
  0C:04D6    A$cli$1159
  0C:04D9    A$cli$1160
  0C:04DB    A$cli$1161
  0C:04DC    A$cli$1164
  0C:04DF    A$cli$1165
  0C:04E1    A$cli$1166
  0C:04E2    A$cli$1169
  0C:04E5    A$cli$1170
  0C:04E7    A$cli$1171
  0C:04E8    A$cli$1174
  0C:04EB    A$cli$1175
  0C:04ED    A$cli$1176
  0C:04EE    A$cli$1179
  0C:04F1    A$cli$1180
  0C:04F3    A$cli$1181
  0C:04F4    A$cli$1184
  0C:04F7    A$cli$1185
  0C:04F9    A$cli$1186
  0C:04FA    A$cli$1189
  0C:04FD    A$cli$1190
  0C:04FF    A$cli$1191
  0C:0500    A$cli$1194
  0C:0503    A$cli$1195
  0C:0505    A$cli$1196
  0C:0506    A$cli$1199
  0C:0509    A$cli$1200
  0C:050B    A$cli$1201
  0C:050C    A$cli$1204
  0C:050F    A$cli$1205
  0C:0511    A$cli$1206
  0C:0512    A$cli$1209
  0C:0515    A$cli$1210
  0C:0517    A$cli$1211
  0C:0518    A$cli$1214
  0C:051B    A$cli$1215
  0C:051D    A$cli$1216
  0C:051E    A$cli$1219
  0C:0521    A$cli$1220
  0C:0523    A$cli$1221
  0C:0524    A$cli$1224
  0C:0527    A$cli$1225
  0C:0529    A$cli$1226
  0C:052A    A$cli$1229
  0C:052D    A$cli$1230
  0C:052F    A$cli$1231
  0C:0530    A$cli$1234
  0C:0533    A$cli$1235
  0C:0535    A$cli$1236
  0C:0536    A$cli$1239
  0C:0539    A$cli$1240
  0C:053B    A$cli$1241
  0C:053C    A$cli$1244
  0C:053F    A$cli$1245
  0C:0541    A$cli$1246
  0C:0542    A$cli$1249
  0C:0545    A$cli$1250
  0C:0547    A$cli$1251
  0C:0548    A$cli$1254
  0C:054B    A$cli$1255
  0C:054D    A$cli$1256
  0C:054E    A$cli$1259
  0C:0551    A$cli$1260
  0C:0553    A$cli$1261
  0C:0554    A$cli$1264
  0C:0557    A$cli$1265
  0C:0559    A$cli$1266
  0C:055A    A$cli$1269
  0C:055D    A$cli$1270
  0C:055F    A$cli$1271
  0C:0560    A$cli$1274
  0C:0563    A$cli$1275
  0C:0565    A$cli$1276
  0C:0566    A$cli$1279
  0C:0569    A$cli$1280
  0C:056B    A$cli$1281
  0C:056C    A$cli$1284
  0C:056F    A$cli$1285
  0C:0571    A$cli$1286
  0C:0572    A$cli$1289
  0C:0575    A$cli$1290
  0C:0577    A$cli$1291
  0C:0578    A$cli$1294
  0C:057B    A$cli$1295
  0C:057D    A$cli$1296
  0C:057E    A$cli$1299
  0C:0581    A$cli$1300
  0C:0583    A$cli$1301
  0C:0584    A$cli$1304
  0C:0587    A$cli$1305
  0C:0589    A$cli$1306
  0C:058A    A$cli$1309
  0C:058D    A$cli$1310
  0C:058F    A$cli$1311
  0C:0590    A$cli$1314
  0C:0593    A$cli$1315
  0C:0595    A$cli$1316
  0C:0596    A$cli$1319
  0C:0599    A$cli$1320
  0C:059B    A$cli$1321
  0C:059C    A$cli$1324
  0C:059F    A$cli$1325
  0C:05A1    A$cli$1326
  0C:05A2    A$cli$1329
  0C:05A5    A$cli$1330
  0C:05A7    A$cli$1331
  0C:05A8    A$cli$1334
  0C:05AB    A$cli$1335
  0C:05AD    A$cli$1336
  0C:05AE    A$cli$1339
  0C:05B1    A$cli$1340
  0C:05B3    A$cli$1341
  0C:05B4    A$cli$1344
  0C:05B7    A$cli$1345
  0C:05B9    A$cli$1346
  0C:05BA    A$cli$1349
  0C:05BD    A$cli$1350
  0C:05BF    A$cli$1351
  0C:05C0    A$cli$1354
  0C:05C3    A$cli$1355
  0C:05C5    A$cli$1356
  0C:05C6    A$cli$1359
  0C:05C9    A$cli$1360
  0C:05CB    A$cli$1361
  0C:05CC    A$cli$1364
  0C:05CF    A$cli$1365
  0C:05D1    A$cli$1366
  0C:05D2    A$cli$1369
  0C:05D5    A$cli$1370
  0C:05D7    A$cli$1371
  0C:05D8    A$cli$1374
  0C:05DB    A$cli$1375
  0C:05DD    A$cli$1376
  0C:05DE    A$cli$1379
  0C:05E1    A$cli$1380
  0C:05E3    A$cli$1381
  0C:05E4    A$cli$1384
  0C:05E7    A$cli$1385
  0C:05E9    A$cli$1386
  0C:05EA    A$cli$1389
  0C:05ED    A$cli$1390
  0C:05EF    A$cli$1391
  0C:05F0    A$cli$1394
  0C:05F3    A$cli$1395
  0C:05F5    A$cli$1396
  0C:05F6    A$cli$1399
  0C:05F9    A$cli$1400
  0C:05FB    A$cli$1401
  0C:05FC    A$cli$1404
  0C:05FF    A$cli$1405
  0C:0601    A$cli$1406
  0C:0602    A$cli$1409
  0C:0605    A$cli$1410
  0C:0607    A$cli$1411
  0C:0608    A$cli$1414
  0C:060B    A$cli$1415
  0C:060D    A$cli$1416
  0C:060E    A$cli$1419
  0C:0611    A$cli$1420
  0C:0613    A$cli$1421
  0C:0614    A$cli$1424
  0C:0617    A$cli$1425
  0C:0619    A$cli$1426
  0C:061A    A$cli$1429
  0C:061D    A$cli$1430
  0C:061F    A$cli$1431
  0C:0620    A$cli$1434
  0C:0623    A$cli$1435
  0C:0625    A$cli$1436
  0C:0626    A$cli$1439
  0C:0629    A$cli$1440
  0C:062B    A$cli$1441
  0C:062C    A$cli$1444
  0C:062F    A$cli$1445
  0C:0631    A$cli$1446
  0C:0632    A$cli$1449
  0C:0635    A$cli$1450
  0C:0637    A$cli$1451
  0C:0638    A$cli$1454
  0C:063B    A$cli$1455
  0C:063D    A$cli$1456
  0C:063E    A$cli$1459
  0C:0641    A$cli$1460
  0C:0643    A$cli$1461
  0C:0644    A$cli$1464
  0C:0647    A$cli$1465
  0C:0649    A$cli$1466
  0C:064A    A$cli$1469
  0C:064D    A$cli$1470
  0C:064F    A$cli$1471
  0C:0650    A$cli$1474
  0C:0653    A$cli$1475
  0C:0655    A$cli$1476
  0C:0656    A$cli$1479
  0C:0659    A$cli$1480
  0C:065B    A$cli$1481
  0C:065C    A$cli$1484
  0C:065F    A$cli$1485
  0C:0661    A$cli$1486
  0C:0662    A$cli$1489
  0C:0665    A$cli$1490
  0C:0667    A$cli$1491
  0C:0668    A$cli$1494
  0C:066B    A$cli$1495
  0C:066D    A$cli$1496
  0C:066E    A$cli$1499
  0C:0671    A$cli$1500
  0C:0673    A$cli$1501
  0C:0674    A$cli$1504
  0C:0677    A$cli$1505
  0C:0679    A$cli$1506
  0C:067A    A$cli$1509
  0C:067D    A$cli$1510
  0C:067F    A$cli$1511
  0C:0680    A$cli$1514
  0C:0683    A$cli$1515
  0C:0685    A$cli$1516
  0C:0686    A$cli$1519
  0C:0689    A$cli$1520
  0C:068B    A$cli$1521
  0C:068C    A$cli$1524
  0C:068F    A$cli$1525
  0C:0691    A$cli$1526
  0C:0692    A$cli$1529
  0C:0695    A$cli$1530
  0C:0697    A$cli$1531
  0C:0698    A$cli$1535
  0C:0698    C$cli.c$33$1$1
  0C:069B    A$cli$1536
  0C:069D    A$cli$1537
  0C:069E    A$cli$1538
  0C:069F    A$cli$1539
  0C:06A1    A$cli$1540
  0C:06A2    A$cli$1541
  0C:06A3    A$cli$1542
  0C:06A5    A$cli$1543
  0C:06A6    A$cli$1545
  0C:06A9    A$cli$1546
  0C:06AB    A$cli$1547
  0C:06AC    A$cli$1548
  0C:06AD    A$cli$1549
  0C:06AF    A$cli$1550
  0C:06B0    A$cli$1552
  0C:06B3    A$cli$1553
  0C:06B6    A$cli$1554
  0C:06B9    A$cli$1555
  0C:06BC    A$cli$1559
  0C:06BC    C$cli.c$36$1$1
  0C:06BC    XG$display_help$0$0
  0C:06BD    A$cli$1574
  0C:06BD    C$cli.c$40$1$1
  0C:06BD    C$cli.c$42$1$1
  0C:06BD    G$display_prompt$0$0
  0C:06BD    _display_prompt
  0C:06C0    A$cli$1575
  0C:06C3    A$cli$1576
  0C:06C6    A$cli$1577
  0C:06C9    A$cli$1581
  0C:06C9    C$cli.c$45$1$1
  0C:06C9    XG$display_prompt$0$0
  0C:06CA    A$cli$1601
  0C:06CA    C$cli.c$49$1$1
  0C:06CA    C$cli.c$56$2$2
  0C:06CA    C$cli.c$57$2$2
  0C:06CA    G$get_key_selection$0$0
  0C:06CA    _get_key_selection
  0C:06CD    A$cli$1602
  0C:06CF    A$cli$1603
  0C:06D0    A$cli$1604
  0C:06D1    A$cli$1605
  0C:06D3    A$cli$1606
  0C:06D4    A$cli$1607
  0C:06D5    A$cli$1608
  0C:06D7    A$cli$1609
  0C:06D8    A$cli$1611
  0C:06DB    A$cli$1612
  0C:06DD    A$cli$1613
  0C:06DE    A$cli$1614
  0C:06DF    A$cli$1615
  0C:06E0    A$cli$1616
  0C:06E1    A$cli$1618
  0C:06E4    A$cli$1619
  0C:06E7    A$cli$1620
  0C:06EA    A$cli$1621
  0C:06ED    A$cli$1622
  0C:06EF    A$cli$1623
  0C:06F1    A$cli$1628
  0C:06F1    C$cli.c$58$1$1
  0C:06F2    A$cli$1630
  0C:06F4    A$cli$1631
  0C:06F7    A$cli$1637
  0C:06F7    C$cli.c$60$1$1
  0C:06FA    A$cli$1638
  0C:06FB    A$cli$1639
  0C:06FC    A$cli$1641
  0C:06FF    A$cli$1642
  0C:0700    A$cli$1643
  0C:0701    A$cli$1647
  0C:0701    C$cli.c$62$1$1
  0C:0704    A$cli$1648
  0C:0706    A$cli$1649
  0C:0707    A$cli$1650
  0C:0708    A$cli$1651
  0C:070A    A$cli$1652
  0C:070B    A$cli$1653
  0C:070C    A$cli$1654
  0C:070E    A$cli$1655
  0C:070F    A$cli$1657
  0C:0712    A$cli$1658
  0C:0714    A$cli$1659
  0C:0715    A$cli$1660
  0C:0716    A$cli$1661
  0C:0717    A$cli$1662
  0C:0718    A$cli$1664
  0C:071B    A$cli$1665
  0C:071E    A$cli$1666
  0C:0721    A$cli$1667
  0C:0724    A$cli$1672
  0C:0724    C$cli.c$63$1$1
  0C:0727    A$cli$1673
  0C:0728    A$cli$1674
  0C:0729    A$cli$1676
  0C:072B    A$cli$1680
  0C:072B    C$cli.c$65$1$1
  0C:072B    XG$get_key_selection$0$0
  0C:072C    A$cli$1697
  0C:072C    C$cli.c$72$1$1
  0C:072C    G$read_user_input$0$0
  0C:072C    _read_user_input
  0C:072E    A$cli$1698
  0C:0730    A$cli$1699
  0C:0732    A$cli$1700
  0C:0735    A$cli$1701
  0C:0736    A$cli$1702
  0C:0737    A$cli$1703
  0C:0738    A$cli$1704
  0C:0739    A$cli$1705
  0C:073A    A$cli$1706
  0C:073B    A$cli$1707
  0C:073C    A$cli$1711
  0C:073C    C$cli.c$74$1$1
  0C:073F    A$cli$1712
  0C:0741    A$cli$1713
  0C:0742    A$cli$1717
  0C:0745    A$cli$1718
  0C:0747    A$cli$1719
  0C:0748    A$cli$1722
  0C:074B    A$cli$1723
  0C:074C    A$cli$1724
  0C:074D    A$cli$1727
  0C:0750    A$cli$1730
  0C:0752    A$cli$1731
  0C:0755    A$cli$1736
  0C:0755    C$cli.c$79$2$2
  0C:0757    A$cli$1737
  0C:0759    A$cli$1738
  0C:075B    A$cli$1739
  0C:075D    A$cli$1740
  0C:075F    A$cli$1741
  0C:0761    A$cli$1744
  0C:0763    A$cli$1745
  0C:0764    A$cli$1749
  0C:0764    C$cli.c$77$1$1
  0C:0767    A$cli$1751
  0C:0768    A$cli$1752
  0C:0769    A$cli$1753
  0C:076A    A$cli$1754
  0C:076D    A$cli$1759
  0C:076D    C$cli.c$81$1$1
  0C:0770    A$cli$1760
  0C:0772    A$cli$1761
  0C:0773    A$cli$1765
  0C:0773    C$cli.c$82$3$4
  0C:0776    A$cli$1766
  0C:0777    A$cli$1767
  0C:0778    A$cli$1768
  0C:0779    A$cli$1769
  0C:077A    A$cli$1770
  0C:077B    A$cli$1771
  0C:077C    A$cli$1772
  0C:077D    A$cli$1773
  0C:077E    A$cli$1776
  0C:0781    A$cli$1777
  0C:0782    A$cli$1778
  0C:0783    A$cli$1781
  0C:0786    A$cli$1782
  0C:0789    A$cli$1787
  0C:0789    C$cli.c$84$2$3
  0C:078C    A$cli$1788
  0C:078E    A$cli$1789
  0C:078F    A$cli$1790
  0C:0790    A$cli$1791
  0C:0792    A$cli$1792
  0C:0793    A$cli$1793
  0C:0794    A$cli$1794
  0C:0796    A$cli$1795
  0C:0797    A$cli$1797
  0C:079A    A$cli$1798
  0C:079C    A$cli$1799
  0C:079D    A$cli$1800
  0C:079E    A$cli$1801
  0C:079F    A$cli$1802
  0C:07A0    A$cli$1804
  0C:07A3    A$cli$1805
  0C:07A6    A$cli$1806
  0C:07A9    A$cli$1807
  0C:07AB    A$cli$1808
  0C:07AD    A$cli$1809
  0C:07AF    A$cli$1810
  0C:07B2    A$cli$1811
  0C:07B4    A$cli$1812
  0C:07B6    A$cli$1813
  0C:07B8    A$cli$1814
  0C:07BA    A$cli$1815
  0C:07BC    A$cli$1820
  0C:07BC    C$cli.c$85$2$3
  0C:07BD    A$cli$1822
  0C:07BF    A$cli$1823
  0C:07C2    A$cli$1828
  0C:07C2    C$cli.c$88$3$4
  0C:07C5    A$cli$1829
  0C:07C6    A$cli$1830
  0C:07C7    A$cli$1832
  0C:07C9    A$cli$1833
  0C:07CB    A$cli$1834
  0C:07CC    A$cli$1835
  0C:07CE    A$cli$1836
  0C:07D0    A$cli$1837
  0C:07D1    A$cli$1838
  0C:07D3    A$cli$1840
  0C:07D6    A$cli$1841
  0C:07D7    A$cli$1842
  0C:07D8    A$cli$1845
  0C:07DA    A$cli$1846
  0C:07DC    A$cli$1847
  0C:07DE    A$cli$1848
  0C:07DF    A$cli$1849
  0C:07E2    A$cli$1853
  0C:07E2    C$cli.c$89$3$4
  0C:07E5    A$cli$1854
  0C:07E7    A$cli$1855
  0C:07E8    A$cli$1856
  0C:07E9    A$cli$1857
  0C:07EB    A$cli$1858
  0C:07EC    A$cli$1859
  0C:07ED    A$cli$1860
  0C:07EF    A$cli$1861
  0C:07F0    A$cli$1863
  0C:07F3    A$cli$1864
  0C:07F5    A$cli$1865
  0C:07F6    A$cli$1866
  0C:07F7    A$cli$1867
  0C:07F8    A$cli$1868
  0C:07F9    A$cli$1870
  0C:07FC    A$cli$1871
  0C:07FF    A$cli$1872
  0C:0802    A$cli$1873
  0C:0804    A$cli$1874
  0C:0806    A$cli$1875
  0C:0808    A$cli$1876
  0C:080A    A$cli$1877
  0C:080D    A$cli$1878
  0C:080F    A$cli$1879
  0C:0811    A$cli$1880
  0C:0813    A$cli$1881
  0C:0815    A$cli$1885
  0C:0815    C$cli.c$90$3$4
  0C:0818    A$cli$1887
  0C:0819    A$cli$1888
  0C:081A    A$cli$1889
  0C:081B    A$cli$1892
  0C:081B    C$cli.c$91$1$1
  0C:081E    A$cli$1896
  0C:081E    C$cli.c$95$1$1
  0C:081E    XG$read_user_input$0$0
  0C:081F    A$cli$1915
  0C:081F    C$cli.c$102$1$1
  0C:081F    C$cli.c$107$1$1
  0C:081F    G$display_brt_regs$0$0
  0C:081F    _display_brt_regs
  0C:0822    A$cli$1916
  0C:0824    A$cli$1917
  0C:0825    A$cli$1918
  0C:0826    A$cli$1919
  0C:0828    A$cli$1920
  0C:0829    A$cli$1921
  0C:082A    A$cli$1922
  0C:082C    A$cli$1923
  0C:082D    A$cli$1924
  0C:082E    A$cli$1925
  0C:0830    A$cli$1926
  0C:0831    A$cli$1930
  0C:0831    C$cli.c$109$1$1
  0C:0834    A$cli$1931
  0C:0837    A$cli$1932
  0C:083A    A$cli$1933
  0C:083D    A$cli$1937
  0C:0840    A$cli$1938
  0C:0842    A$cli$1939
  0C:0843    A$cli$1942
  0C:0846    A$cli$1943
  0C:0847    A$cli$1944
  0C:0849    A$cli$1947
  0C:084A    A$cli$1948
  0C:084C    A$cli$1949
  0C:084E    A$cli$1951
  0C:0850    A$cli$1952
  0C:0853    A$cli$1957
  0C:0853    C$cli.c$111$2$2
  0C:0856    A$cli$1958
  0C:0859    A$cli$1959
  0C:085C    A$cli$1960
  0C:085F    A$cli$1964
  0C:085F    C$cli.c$112$2$2
  0C:0861    A$cli$1965
  0C:0863    A$cli$1966
  0C:0865    A$cli$1967
  0C:0867    A$cli$1969
  0C:086A    A$cli$1970
  0C:086C    A$cli$1971
  0C:086D    A$cli$1972
  0C:086E    A$cli$1973
  0C:086F    A$cli$1974
  0C:0870    A$cli$1976
  0C:0872    A$cli$1977
  0C:0874    A$cli$1978
  0C:0876    A$cli$1979
  0C:0877    A$cli$1980
  0C:087A    A$cli$1984
  0C:087A    C$cli.c$113$2$2
  0C:087D    A$cli$1985
  0C:0880    A$cli$1986
  0C:0883    A$cli$1987
  0C:0886    A$cli$1991
  0C:0886    C$cli.c$114$2$2
  0C:0889    A$cli$1992
  0C:088A    A$cli$1993
  0C:088B    A$cli$1994
  0C:088C    A$cli$1995
  0C:088D    A$cli$1996
  0C:088E    A$cli$1997
  0C:088F    A$cli$1998
  0C:0890    A$cli$1999
  0C:0891    A$cli$2000
  0C:0892    A$cli$2001
  0C:0893    A$cli$2002
  0C:0894    A$cli$2004
  0C:0897    A$cli$2005
  0C:0898    A$cli$2006
  0C:0899    A$cli$2007
  0C:089A    A$cli$2008
  0C:089B    A$cli$2010
  0C:089D    A$cli$2011
  0C:089F    A$cli$2012
  0C:08A1    A$cli$2013
  0C:08A2    A$cli$2014
  0C:08A4    A$cli$2015
  0C:08A6    A$cli$2016
  0C:08A8    A$cli$2017
  0C:08AA    A$cli$2018
  0C:08AD    A$cli$2019
  0C:08AF    A$cli$2020
  0C:08B1    A$cli$2021
  0C:08B3    A$cli$2022
  0C:08B5    A$cli$2026
  0C:08B5    C$cli.c$115$2$2
  0C:08B8    A$cli$2027
  0C:08BB    A$cli$2028
  0C:08BE    A$cli$2029
  0C:08C0    A$cli$2030
  0C:08C2    A$cli$2031
  0C:08C4    A$cli$2032
  0C:08C6    A$cli$2033
  0C:08C9    A$cli$2034
  0C:08CB    A$cli$2035
  0C:08CD    A$cli$2036
  0C:08CF    A$cli$2037
  0C:08D1    A$cli$2041
  0C:08D1    C$cli.c$116$2$2
  0C:08D3    A$cli$2042
  0C:08D5    A$cli$2044
  0C:08D7    A$cli$2045
  0C:08D9    A$cli$2046
  0C:08DB    A$cli$2047
  0C:08DD    A$cli$2048
  0C:08DF    A$cli$2049
  0C:08E1    A$cli$2050
  0C:08E4    A$cli$2051
  0C:08E6    A$cli$2052
  0C:08E8    A$cli$2053
  0C:08EA    A$cli$2054
  0C:08EC    A$cli$2055
  0C:08EE    A$cli$2056
  0C:08F0    A$cli$2058
  0C:08F2    A$cli$2059
  0C:08F4    A$cli$2063
  0C:08F4    C$cli.c$117$2$2
  0C:08F7    A$cli$2064
  0C:08F8    A$cli$2065
  0C:08F9    A$cli$2066
  0C:08FA    A$cli$2067
  0C:08FB    A$cli$2069
  0C:08FD    A$cli$2070
  0C:08FF    A$cli$2071
  0C:0901    A$cli$2072
  0C:0902    A$cli$2073
  0C:0904    A$cli$2074
  0C:0906    A$cli$2075
  0C:0908    A$cli$2076
  0C:090A    A$cli$2077
  0C:090D    A$cli$2078
  0C:090F    A$cli$2079
  0C:0911    A$cli$2080
  0C:0913    A$cli$2081
  0C:0915    A$cli$2085
  0C:0915    C$cli.c$118$2$2
  0C:0918    A$cli$2086
  0C:0919    A$cli$2087
  0C:091A    A$cli$2088
  0C:091B    A$cli$2089
  0C:091C    A$cli$2090
  0C:091D    A$cli$2091
  0C:091E    A$cli$2092
  0C:091F    A$cli$2093
  0C:0920    A$cli$2094
  0C:0921    A$cli$2095
  0C:0922    A$cli$2096
  0C:0923    A$cli$2100
  0C:0923    C$cli.c$110$1$1
  0C:0926    A$cli$2102
  0C:0928    A$cli$2103
  0C:0929    A$cli$2104
  0C:092A    A$cli$2105
  0C:092D    A$cli$2109
  0C:092D    C$cli.c$120$1$1
  0C:092D    XG$display_brt_regs$0$0
  0C:092E    A$cli$2130
  0C:092E    C$cli.c$129$1$1
  0C:092E    G$display_brt_data$0$0
  0C:092E    _display_brt_data
  0C:0930    A$cli$2131
  0C:0932    A$cli$2132
  0C:0934    A$cli$2133
  0C:0935    A$cli$2134
  0C:0938    A$cli$2135
  0C:0939    A$cli$2136
  0C:093A    A$cli$2137
  0C:093B    A$cli$2138
  0C:093C    A$cli$2139
  0C:093D    A$cli$2140
  0C:093E    A$cli$2141
  0C:093F    A$cli$2142
  0C:0940    A$cli$2143
  0C:0941    A$cli$2144
  0C:0942    A$cli$2145
  0C:0943    A$cli$2149
  0C:0943    C$cli.c$136$1$1
  0C:0946    A$cli$2150
  0C:0947    A$cli$2151
  0C:0948    A$cli$2152
  0C:0949    A$cli$2153
  0C:094A    A$cli$2154
  0C:094B    A$cli$2155
  0C:094C    A$cli$2156
  0C:094D    A$cli$2157
  0C:094E    A$cli$2158
  0C:094F    A$cli$2159
  0C:0950    A$cli$2160
  0C:0951    A$cli$2164
  0C:0953    A$cli$2165
  0C:0955    A$cli$2166
  0C:0956    A$cli$2167
  0C:0958    A$cli$2168
  0C:095A    A$cli$2169
  0C:095B    A$cli$2170
  0C:095D    A$cli$2171
  0C:095F    A$cli$2172
  0C:0960    A$cli$2177
  0C:0960    C$cli.c$138$1$1
  0C:0963    A$cli$2178
  0C:0964    A$cli$2179
  0C:0965    A$cli$2182
  0C:0966    A$cli$2183
  0C:0969    A$cli$2184
  0C:096A    A$cli$2186
  0C:096C    A$cli$2187
  0C:096D    A$cli$2188
  0C:096F    A$cli$2189
  0C:0971    A$cli$2190
  0C:0972    A$cli$2192
  0C:0975    A$cli$2193
  0C:0976    A$cli$2194
  0C:0977    A$cli$2195
  0C:0978    A$cli$2196
  0C:0979    A$cli$2197
  0C:097A    A$cli$2201
  0C:097A    C$cli.c$139$1$1
  0C:097D    A$cli$2204
  0C:097E    A$cli$2205
  0C:097F    A$cli$2206
  0C:0981    A$cli$2207
  0C:0983    A$cli$2208
  0C:0984    A$cli$2209
  0C:0985    A$cli$2213
  0C:0985    C$cli.c$141$1$1
  0C:0988    A$cli$2214
  0C:098B    A$cli$2215
  0C:098E    A$cli$2216
  0C:0990    A$cli$2217
  0C:0993    A$cli$2218
  0C:0995    A$cli$2222
  0C:0995    C$cli.c$142$1$1
  0C:0997    A$cli$2223
  0C:0999    A$cli$2224
  0C:099B    A$cli$2226
  0C:099E    A$cli$2227
  0C:09A0    A$cli$2228
  0C:09A1    A$cli$2229
  0C:09A2    A$cli$2230
  0C:09A3    A$cli$2231
  0C:09A4    A$cli$2233
  0C:09A6    A$cli$2234
  0C:09A8    A$cli$2235
  0C:09AA    A$cli$2236
  0C:09AB    A$cli$2237
  0C:09AD    A$cli$2238
  0C:09AF    A$cli$2239
  0C:09B1    A$cli$2240
  0C:09B3    A$cli$2241
  0C:09B6    A$cli$2242
  0C:09B8    A$cli$2243
  0C:09BA    A$cli$2244
  0C:09BC    A$cli$2245
  0C:09BE    A$cli$2249
  0C:09BE    C$cli.c$143$1$1
  0C:09C1    A$cli$2250
  0C:09C4    A$cli$2251
  0C:09C7    A$cli$2252
  0C:09C9    A$cli$2253
  0C:09CB    A$cli$2254
  0C:09CD    A$cli$2255
  0C:09CF    A$cli$2256
  0C:09D2    A$cli$2257
  0C:09D4    A$cli$2258
  0C:09D6    A$cli$2259
  0C:09D8    A$cli$2260
  0C:09DA    A$cli$2264
  0C:09DD    A$cli$2265
  0C:09DF    A$cli$2266
  0C:09E0    A$cli$2269
  0C:09E3    A$cli$2270
  0C:09E4    A$cli$2271
  0C:09E5    A$cli$2274
  0C:09E6    A$cli$2275
  0C:09E8    A$cli$2276
  0C:09E9    A$cli$2278
  0C:09EB    A$cli$2279
  0C:09EE    A$cli$2284
  0C:09EE    C$cli.c$146$2$2
  0C:09F1    A$cli$2285
  0C:09F4    A$cli$2286
  0C:09F7    A$cli$2287
  0C:09F9    A$cli$2288
  0C:09FB    A$cli$2289
  0C:09FD    A$cli$2290
  0C:09FF    A$cli$2291
  0C:0A01    A$cli$2292
  0C:0A04    A$cli$2293
  0C:0A06    A$cli$2294
  0C:0A08    A$cli$2295
  0C:0A0A    A$cli$2296
  0C:0A0C    A$cli$2297
  0C:0A0E    A$cli$2301
  0C:0A0E    C$cli.c$147$2$2
  0C:0A10    A$cli$2302
  0C:0A12    A$cli$2303
  0C:0A14    A$cli$2305
  0C:0A17    A$cli$2306
  0C:0A19    A$cli$2307
  0C:0A1A    A$cli$2308
  0C:0A1B    A$cli$2309
  0C:0A1C    A$cli$2310
  0C:0A1D    A$cli$2312
  0C:0A1F    A$cli$2313
  0C:0A21    A$cli$2314
  0C:0A23    A$cli$2315
  0C:0A24    A$cli$2316
  0C:0A26    A$cli$2317
  0C:0A28    A$cli$2318
  0C:0A2A    A$cli$2319
  0C:0A2C    A$cli$2320
  0C:0A2F    A$cli$2321
  0C:0A31    A$cli$2322
  0C:0A33    A$cli$2323
  0C:0A35    A$cli$2324
  0C:0A37    A$cli$2328
  0C:0A37    C$cli.c$148$2$2
  0C:0A3A    A$cli$2329
  0C:0A3D    A$cli$2330
  0C:0A40    A$cli$2331
  0C:0A42    A$cli$2332
  0C:0A44    A$cli$2333
  0C:0A46    A$cli$2334
  0C:0A48    A$cli$2335
  0C:0A4B    A$cli$2336
  0C:0A4D    A$cli$2337
  0C:0A4F    A$cli$2338
  0C:0A51    A$cli$2339
  0C:0A53    A$cli$2343
  0C:0A53    C$cli.c$149$2$2
  0C:0A56    A$cli$2344
  0C:0A57    A$cli$2345
  0C:0A58    A$cli$2346
  0C:0A59    A$cli$2347
  0C:0A5A    A$cli$2348
  0C:0A5B    A$cli$2350
  0C:0A5D    A$cli$2351
  0C:0A5F    A$cli$2353
  0C:0A62    A$cli$2354
  0C:0A63    A$cli$2355
  0C:0A64    A$cli$2356
  0C:0A65    A$cli$2357
  0C:0A66    A$cli$2359
  0C:0A68    A$cli$2360
  0C:0A6A    A$cli$2361
  0C:0A6C    A$cli$2362
  0C:0A6D    A$cli$2363
  0C:0A6F    A$cli$2364
  0C:0A71    A$cli$2365
  0C:0A73    A$cli$2366
  0C:0A75    A$cli$2367
  0C:0A78    A$cli$2368
  0C:0A7A    A$cli$2369
  0C:0A7C    A$cli$2370
  0C:0A7E    A$cli$2371
  0C:0A80    A$cli$2375
  0C:0A80    C$cli.c$150$2$2
  0C:0A83    A$cli$2376
  0C:0A86    A$cli$2377
  0C:0A89    A$cli$2378
  0C:0A8B    A$cli$2379
  0C:0A8D    A$cli$2380
  0C:0A8F    A$cli$2381
  0C:0A91    A$cli$2382
  0C:0A94    A$cli$2383
  0C:0A96    A$cli$2384
  0C:0A98    A$cli$2385
  0C:0A9A    A$cli$2386
  0C:0A9C    A$cli$2390
  0C:0A9C    C$cli.c$152$2$2
  0C:0A9F    A$cli$2391
  0C:0AA1    A$cli$2392
  0C:0AA2    A$cli$2397
  0C:0AA2    C$cli.c$154$1$1
  0C:0AA4    A$cli$2398
  0C:0AA6    A$cli$2399
  0C:0AA8    A$cli$2400
  0C:0AAA    A$cli$2402
  0C:0AAD    A$cli$2403
  0C:0AAE    A$cli$2404
  0C:0AAF    A$cli$2405
  0C:0AB0    A$cli$2406
  0C:0AB1    A$cli$2407
  0C:0AB2    A$cli$2409
  0C:0AB4    A$cli$2410
  0C:0AB6    A$cli$2411
  0C:0AB8    A$cli$2412
  0C:0ABA    A$cli$2413
  0C:0ABC    A$cli$2414
  0C:0ABE    A$cli$2415
  0C:0AC0    A$cli$2416
  0C:0AC2    A$cli$2417
  0C:0AC5    A$cli$2418
  0C:0AC7    A$cli$2419
  0C:0AC9    A$cli$2420
  0C:0ACB    A$cli$2421
  0C:0ACD    A$cli$2422
  0C:0ACF    A$cli$2423
  0C:0AD1    A$cli$2424
  0C:0AD3    A$cli$2425
  0C:0AD5    A$cli$2429
  0C:0AD5    C$cli.c$155$3$3
  0C:0AD7    A$cli$2430
  0C:0AD9    A$cli$2432
  0C:0ADC    A$cli$2433
  0C:0ADD    A$cli$2434
  0C:0ADE    A$cli$2435
  0C:0ADF    A$cli$2436
  0C:0AE0    A$cli$2438
  0C:0AE2    A$cli$2439
  0C:0AE4    A$cli$2440
  0C:0AE6    A$cli$2441
  0C:0AE7    A$cli$2442
  0C:0AE9    A$cli$2443
  0C:0AEB    A$cli$2444
  0C:0AED    A$cli$2445
  0C:0AEF    A$cli$2446
  0C:0AF1    A$cli$2447
  0C:0AF3    A$cli$2448
  0C:0AF6    A$cli$2449
  0C:0AF8    A$cli$2450
  0C:0AFA    A$cli$2451
  0C:0AFC    A$cli$2452
  0C:0AFE    A$cli$2453
  0C:0B00    A$cli$2454
  0C:0B02    A$cli$2458
  0C:0B02    C$cli.c$156$3$3
  0C:0B05    A$cli$2459
  0C:0B08    A$cli$2460
  0C:0B0B    A$cli$2461
  0C:0B0D    A$cli$2462
  0C:0B0F    A$cli$2463
  0C:0B11    A$cli$2464
  0C:0B13    A$cli$2465
  0C:0B15    A$cli$2466
  0C:0B17    A$cli$2467
  0C:0B1A    A$cli$2468
  0C:0B1C    A$cli$2469
  0C:0B1E    A$cli$2470
  0C:0B20    A$cli$2471
  0C:0B22    A$cli$2472
  0C:0B24    A$cli$2473
  0C:0B26    A$cli$2477
  0C:0B26    C$cli.c$157$3$3
  0C:0B29    A$cli$2479
  0C:0B2B    A$cli$2480
  0C:0B2D    A$cli$2481
  0C:0B2E    A$cli$2482
  0C:0B30    A$cli$2483
  0C:0B32    A$cli$2484
  0C:0B33    A$cli$2485
  0C:0B34    A$cli$2487
  0C:0B37    A$cli$2488
  0C:0B38    A$cli$2489
  0C:0B39    A$cli$2492
  0C:0B3A    A$cli$2493
  0C:0B3B    A$cli$2495
  0C:0B3E    A$cli$2496
  0C:0B3F    A$cli$2500
  0C:0B3F    C$cli.c$152$3$3
  0C:0B42    A$cli$2501
  0C:0B43    A$cli$2502
  0C:0B44    A$cli$2504
  0C:0B45    A$cli$2506
  0C:0B47    A$cli$2507
  0C:0B49    A$cli$2508
  0C:0B4B    A$cli$2509
  0C:0B4D    A$cli$2511
  0C:0B4F    A$cli$2512
  0C:0B52    A$cli$2517
  0C:0B52    C$cli.c$145$1$1
  0C:0B55    A$cli$2518
  0C:0B56    A$cli$2519
  0C:0B57    A$cli$2521
  0C:0B5A    A$cli$2523
  0C:0B5B    A$cli$2524
  0C:0B5C    A$cli$2525
  0C:0B5D    A$cli$2526
  0C:0B60    A$cli$2531
  0C:0B60    C$cli.c$163$1$1
  0C:0B63    A$cli$2532
  0C:0B66    A$cli$2533
  0C:0B69    A$cli$2534
  0C:0B6B    A$cli$2535
  0C:0B6D    A$cli$2536
  0C:0B6F    A$cli$2537
  0C:0B71    A$cli$2538
  0C:0B74    A$cli$2539
  0C:0B76    A$cli$2540
  0C:0B78    A$cli$2541
  0C:0B7A    A$cli$2542
  0C:0B7C    A$cli$2546
  0C:0B7C    C$cli.c$164$1$1
  0C:0B7F    A$cli$2547
  0C:0B81    A$cli$2548
  0C:0B82    A$cli$2549
  0C:0B83    A$cli$2550
  0C:0B84    A$cli$2551
  0C:0B85    A$cli$2553
  0C:0B87    A$cli$2554
  0C:0B89    A$cli$2555
  0C:0B8B    A$cli$2556
  0C:0B8C    A$cli$2557
  0C:0B8F    A$cli$2561
  0C:0B8F    C$cli.c$165$1$1
  0C:0B92    A$cli$2562
  0C:0B95    A$cli$2563
  0C:0B98    A$cli$2564
  0C:0B9B    A$cli$2568
  0C:0B9E    A$cli$2569
  0C:0BA0    A$cli$2570
  0C:0BA1    A$cli$2573
  0C:0BA4    A$cli$2574
  0C:0BA5    A$cli$2575
  0C:0BA6    A$cli$2578
  0C:0BA7    A$cli$2579
  0C:0BA9    A$cli$2580
  0C:0BAA    A$cli$2582
  0C:0BAC    A$cli$2583
  0C:0BAF    A$cli$2588
  0C:0BAF    C$cli.c$168$2$4
  0C:0BB2    A$cli$2589
  0C:0BB5    A$cli$2590
  0C:0BB8    A$cli$2591
  0C:0BBA    A$cli$2592
  0C:0BBD    A$cli$2593
  0C:0BBF    A$cli$2597
  0C:0BBF    C$cli.c$169$2$4
  0C:0BC1    A$cli$2598
  0C:0BC3    A$cli$2599
  0C:0BC5    A$cli$2601
  0C:0BC8    A$cli$2602
  0C:0BCA    A$cli$2603
  0C:0BCB    A$cli$2604
  0C:0BCC    A$cli$2605
  0C:0BCD    A$cli$2606
  0C:0BCE    A$cli$2608
  0C:0BD0    A$cli$2609
  0C:0BD2    A$cli$2610
  0C:0BD4    A$cli$2611
  0C:0BD5    A$cli$2612
  0C:0BD8    A$cli$2616
  0C:0BD8    C$cli.c$170$2$4
  0C:0BDB    A$cli$2617
  0C:0BDE    A$cli$2618
  0C:0BE1    A$cli$2619
  0C:0BE4    A$cli$2623
  0C:0BE4    C$cli.c$171$2$4
  0C:0BE7    A$cli$2624
  0C:0BE8    A$cli$2625
  0C:0BE9    A$cli$2626
  0C:0BEA    A$cli$2627
  0C:0BEB    A$cli$2628
  0C:0BEC    A$cli$2630
  0C:0BEE    A$cli$2631
  0C:0BF0    A$cli$2633
  0C:0BF3    A$cli$2634
  0C:0BF4    A$cli$2635
  0C:0BF5    A$cli$2636
  0C:0BF6    A$cli$2637
  0C:0BF7    A$cli$2639
  0C:0BF9    A$cli$2640
  0C:0BFB    A$cli$2641
  0C:0BFD    A$cli$2642
  0C:0BFE    A$cli$2643
  0C:0C01    A$cli$2647
  0C:0C01    C$cli.c$172$2$4
  0C:0C04    A$cli$2648
  0C:0C07    A$cli$2649
  0C:0C0A    A$cli$2650
  0C:0C0D    A$cli$2654
  0C:0C0D    C$cli.c$174$2$4
  0C:0C10    A$cli$2655
  0C:0C12    A$cli$2656
  0C:0C13    A$cli$2661
  0C:0C13    C$cli.c$176$3$5
  0C:0C16    A$cli$2662
  0C:0C17    A$cli$2663
  0C:0C18    A$cli$2664
  0C:0C19    A$cli$2665
  0C:0C1A    A$cli$2666
  0C:0C1B    A$cli$2668
  0C:0C1D    A$cli$2669
  0C:0C1F    A$cli$2670
  0C:0C21    A$cli$2671
  0C:0C23    A$cli$2672
  0C:0C26    A$cli$2673
  0C:0C28    A$cli$2674
  0C:0C2A    A$cli$2675
  0C:0C2C    A$cli$2676
  0C:0C2E    A$cli$2680
  0C:0C2E    C$cli.c$177$3$5
  0C:0C30    A$cli$2681
  0C:0C32    A$cli$2683
  0C:0C35    A$cli$2684
  0C:0C36    A$cli$2685
  0C:0C37    A$cli$2686
  0C:0C38    A$cli$2687
  0C:0C39    A$cli$2689
  0C:0C3B    A$cli$2690
  0C:0C3D    A$cli$2691
  0C:0C3F    A$cli$2692
  0C:0C40    A$cli$2693
  0C:0C42    A$cli$2694
  0C:0C44    A$cli$2695
  0C:0C47    A$cli$2696
  0C:0C49    A$cli$2697
  0C:0C4B    A$cli$2701
  0C:0C4B    C$cli.c$178$3$5
  0C:0C4E    A$cli$2702
  0C:0C51    A$cli$2703
  0C:0C54    A$cli$2704
  0C:0C56    A$cli$2705
  0C:0C58    A$cli$2706
  0C:0C5B    A$cli$2707
  0C:0C5D    A$cli$2708
  0C:0C5F    A$cli$2712
  0C:0C5F    C$cli.c$179$3$5
  0C:0C62    A$cli$2714
  0C:0C64    A$cli$2715
  0C:0C66    A$cli$2716
  0C:0C67    A$cli$2717
  0C:0C69    A$cli$2718
  0C:0C6B    A$cli$2719
  0C:0C6C    A$cli$2720
  0C:0C6D    A$cli$2722
  0C:0C70    A$cli$2723
  0C:0C71    A$cli$2724
  0C:0C72    A$cli$2727
  0C:0C73    A$cli$2728
  0C:0C74    A$cli$2730
  0C:0C77    A$cli$2731
  0C:0C78    A$cli$2735
  0C:0C78    C$cli.c$174$3$5
  0C:0C7B    A$cli$2736
  0C:0C7C    A$cli$2737
  0C:0C7D    A$cli$2739
  0C:0C7E    A$cli$2741
  0C:0C80    A$cli$2742
  0C:0C83    A$cli$2747
  0C:0C83    C$cli.c$167$1$1
  0C:0C86    A$cli$2748
  0C:0C87    A$cli$2749
  0C:0C88    A$cli$2751
  0C:0C8B    A$cli$2753
  0C:0C8C    A$cli$2754
  0C:0C8D    A$cli$2755
  0C:0C8E    A$cli$2756
  0C:0C91    A$cli$2760
  0C:0C91    C$cli.c$184$1$1
  0C:0C91    XG$display_brt_data$0$0
  0C:0C92    A$cli$2774
  0C:0C92    C$cli.c$192$1$1
  0C:0C92    G$process_uart_data$0$0
  0C:0C92    _process_uart_data
  0C:0C94    A$cli$2775
  0C:0C97    A$cli$2776
  0C:0C98    A$cli$2780
  0C:0C98    C$cli.c$194$1$1
  0C:0C9B    A$cli$2781
  0C:0C9C    A$cli$2782
  0C:0C9D    A$cli$2785
  0C:0CA0    A$cli$2786
  0C:0CA3    A$cli$2790
  0C:0CA6    A$cli$2791
  0C:0CA9    A$cli$2795
  0C:0CAC    A$cli$2796
  0C:0CAF    A$cli$2800
  0C:0CB2    A$cli$2801
  0C:0CB5    A$cli$2805
  0C:0CB8    A$cli$2806
  0C:0CBB    A$cli$2810
  0C:0CBE    A$cli$2811
  0C:0CC0    A$cli$2813
  0C:0CC3    A$cli$2821
  0C:0CC3    C$cli.c$197$2$2
  0C:0CC3    C$cli.c$200$3$3
  0C:0CC6    A$cli$2824
  0C:0CC6    C$cli.c$204$3$3
  0C:0CC9    A$cli$2831
  0C:0CC9    C$cli.c$209$2$2
  0C:0CC9    C$cli.c$212$3$4
  0C:0CCC    A$cli$2834
  0C:0CCC    C$cli.c$213$3$4
  0C:0CCF    A$cli$2841
  0C:0CCF    C$cli.c$216$2$2
  0C:0CCF    C$cli.c$242$3$5
  0C:0CD2    A$cli$2842
  0C:0CD4    A$cli$2843
  0C:0CD5    A$cli$2845
  0C:0CD8    A$cli$2846
  0C:0CDB    A$cli$2847
  0C:0CDE    A$cli$2848
  0C:0CE0    A$cli$2849
  0C:0CE3    A$cli$2853
  0C:0CE3    C$cli.c$243$3$5
  0C:0CE6    A$cli$2860
  0C:0CE6    C$cli.c$253$1$1
  0C:0CE6    C$cli.c$256$1$1
  0C:0CE9    A$cli$2864
  0C:0CE9    C$cli.c$258$1$1
  0C:0CE9    XG$process_uart_data$0$0
  0C:0CEA    A$cli$2885
  0C:0CEA    C$cli.c$263$1$1
  0C:0CEA    C$cli.c$273$1$1
  0C:0CEA    G$display_mem_data$0$0
  0C:0CEA    _display_mem_data
  0C:0CED    A$cli$2886
  0C:0CEF    A$cli$2887
  0C:0CF0    A$cli$2888
  0C:0CF1    A$cli$2889
  0C:0CF3    A$cli$2890
  0C:0CF4    A$cli$2894
  0C:0CF4    C$cli.c$274$1$1
  0C:0CF7    A$cli$2895
  0C:0CF9    A$cli$2896
  0C:0CFA    A$cli$2897
  0C:0CFB    A$cli$2898
  0C:0CFD    A$cli$2899
  0C:0CFE    A$cli$2903
  0C:0CFE    C$cli.c$275$1$1
  0C:0D01    A$cli$2904
  0C:0D02    A$cli$2905
  0C:0D03    A$cli$2906
  0C:0D04    A$cli$2907
  0C:0D05    A$cli$2911
  0C:0D05    C$cli.c$277$1$1
  0C:0D08    A$cli$2912
  0C:0D0B    A$cli$2913
  0C:0D0E    A$cli$2914
  0C:0D11    A$cli$2918
  0C:0D14    A$cli$2919
  0C:0D16    A$cli$2920
  0C:0D17    A$cli$2923
  0C:0D1A    A$cli$2924
  0C:0D1B    A$cli$2925
  0C:0D1C    A$cli$2928
  0C:0D1D    A$cli$2929
  0C:0D1F    A$cli$2930
  0C:0D20    A$cli$2932
  0C:0D22    A$cli$2933
  0C:0D25    A$cli$2938
  0C:0D25    C$cli.c$282$2$2
  0C:0D28    A$cli$2939
  0C:0D2B    A$cli$2940
  0C:0D2E    A$cli$2941
  0C:0D30    A$cli$2942
  0C:0D33    A$cli$2943
  0C:0D35    A$cli$2947
  0C:0D35    C$cli.c$283$2$2
  0C:0D37    A$cli$2948
  0C:0D39    A$cli$2949
  0C:0D3B    A$cli$2951
  0C:0D3E    A$cli$2952
  0C:0D40    A$cli$2953
  0C:0D41    A$cli$2954
  0C:0D42    A$cli$2955
  0C:0D43    A$cli$2956
  0C:0D44    A$cli$2958
  0C:0D46    A$cli$2959
  0C:0D48    A$cli$2960
  0C:0D4A    A$cli$2961
  0C:0D4B    A$cli$2962
  0C:0D4E    A$cli$2966
  0C:0D4E    C$cli.c$284$2$2
  0C:0D51    A$cli$2967
  0C:0D54    A$cli$2968
  0C:0D57    A$cli$2969
  0C:0D5A    A$cli$2973
  0C:0D5A    C$cli.c$285$2$2
  0C:0D5D    A$cli$2974
  0C:0D5E    A$cli$2975
  0C:0D5F    A$cli$2976
  0C:0D60    A$cli$2977
  0C:0D61    A$cli$2978
  0C:0D62    A$cli$2980
  0C:0D64    A$cli$2981
  0C:0D66    A$cli$2983
  0C:0D69    A$cli$2984
  0C:0D6A    A$cli$2985
  0C:0D6B    A$cli$2986
  0C:0D6C    A$cli$2987
  0C:0D6D    A$cli$2989
  0C:0D6F    A$cli$2990
  0C:0D71    A$cli$2991
  0C:0D73    A$cli$2992
  0C:0D74    A$cli$2993
  0C:0D77    A$cli$2997
  0C:0D77    C$cli.c$286$2$2
  0C:0D7A    A$cli$2998
  0C:0D7D    A$cli$2999
  0C:0D80    A$cli$3000
  0C:0D83    A$cli$3004
  0C:0D83    C$cli.c$288$2$2
  0C:0D86    A$cli$3005
  0C:0D88    A$cli$3006
  0C:0D89    A$cli$3011
  0C:0D89    C$cli.c$290$3$3
  0C:0D8C    A$cli$3012
  0C:0D8D    A$cli$3013
  0C:0D8E    A$cli$3014
  0C:0D8F    A$cli$3015
  0C:0D90    A$cli$3016
  0C:0D91    A$cli$3018
  0C:0D94    A$cli$3019
  0C:0D95    A$cli$3020
  0C:0D96    A$cli$3021
  0C:0D97    A$cli$3022
  0C:0D98    A$cli$3023
  0C:0D99    A$cli$3025
  0C:0D9C    A$cli$3026
  0C:0D9D    A$cli$3027
  0C:0D9E    A$cli$3028
  0C:0D9F    A$cli$3029
  0C:0DA0    A$cli$3030
  0C:0DA1    A$cli$3032
  0C:0DA3    A$cli$3033
  0C:0DA5    A$cli$3034
  0C:0DA7    A$cli$3035
  0C:0DA9    A$cli$3036
  0C:0DAB    A$cli$3037
  0C:0DAD    A$cli$3038
  0C:0DB0    A$cli$3039
  0C:0DB2    A$cli$3040
  0C:0DB4    A$cli$3041
  0C:0DB6    A$cli$3042
  0C:0DB8    A$cli$3046
  0C:0DB8    C$cli.c$291$3$3
  0C:0DBA    A$cli$3047
  0C:0DBC    A$cli$3048
  0C:0DBE    A$cli$3049
  0C:0DC0    A$cli$3051
  0C:0DC3    A$cli$3052
  0C:0DC4    A$cli$3053
  0C:0DC5    A$cli$3054
  0C:0DC6    A$cli$3055
  0C:0DC7    A$cli$3057
  0C:0DC9    A$cli$3058
  0C:0DCB    A$cli$3059
  0C:0DCD    A$cli$3060
  0C:0DCE    A$cli$3061
  0C:0DD0    A$cli$3062
  0C:0DD2    A$cli$3063
  0C:0DD4    A$cli$3064
  0C:0DD6    A$cli$3065
  0C:0DD9    A$cli$3066
  0C:0DDB    A$cli$3067
  0C:0DDD    A$cli$3068
  0C:0DDF    A$cli$3069
  0C:0DE1    A$cli$3073
  0C:0DE1    C$cli.c$292$3$3
  0C:0DE4    A$cli$3074
  0C:0DE7    A$cli$3075
  0C:0DEA    A$cli$3076
  0C:0DEC    A$cli$3077
  0C:0DEE    A$cli$3078
  0C:0DF0    A$cli$3079
  0C:0DF2    A$cli$3080
  0C:0DF5    A$cli$3081
  0C:0DF7    A$cli$3082
  0C:0DF9    A$cli$3083
  0C:0DFB    A$cli$3084
  0C:0DFD    A$cli$3088
  0C:0DFD    C$cli.c$293$3$3
  0C:0E00    A$cli$3090
  0C:0E02    A$cli$3091
  0C:0E04    A$cli$3092
  0C:0E05    A$cli$3093
  0C:0E07    A$cli$3094
  0C:0E09    A$cli$3095
  0C:0E0A    A$cli$3096
  0C:0E0B    A$cli$3100
  0C:0E0B    C$cli.c$294$3$3
  0C:0E0E    A$cli$3102
  0C:0E10    A$cli$3103
  0C:0E12    A$cli$3104
  0C:0E13    A$cli$3105
  0C:0E15    A$cli$3106
  0C:0E17    A$cli$3107
  0C:0E18    A$cli$3108
  0C:0E19    A$cli$3110
  0C:0E1C    A$cli$3111
  0C:0E1D    A$cli$3112
  0C:0E1E    A$cli$3115
  0C:0E1F    A$cli$3116
  0C:0E20    A$cli$3118
  0C:0E23    A$cli$3119
  0C:0E24    A$cli$3123
  0C:0E24    C$cli.c$288$3$3
  0C:0E27    A$cli$3124
  0C:0E28    A$cli$3125
  0C:0E29    A$cli$3127
  0C:0E2A    A$cli$3129
  0C:0E2C    A$cli$3130
  0C:0E2F    A$cli$3135
  0C:0E2F    C$cli.c$281$1$1
  0C:0E32    A$cli$3136
  0C:0E33    A$cli$3137
  0C:0E34    A$cli$3139
  0C:0E37    A$cli$3141
  0C:0E38    A$cli$3142
  0C:0E39    A$cli$3143
  0C:0E3A    A$cli$3144
  0C:0E3D    A$cli$3149
  0C:0E3D    C$cli.c$300$1$1
  0C:0E40    A$cli$3150
  0C:0E43    A$cli$3151
  0C:0E46    A$cli$3152
  0C:0E49    A$cli$3156
  0C:0E4C    A$cli$3157
  0C:0E4E    A$cli$3158
  0C:0E4F    A$cli$3161
  0C:0E52    A$cli$3162
  0C:0E53    A$cli$3163
  0C:0E54    A$cli$3166
  0C:0E55    A$cli$3167
  0C:0E57    A$cli$3168
  0C:0E58    A$cli$3170
  0C:0E5A    A$cli$3171
  0C:0E5D    A$cli$3176
  0C:0E5D    C$cli.c$305$2$4
  0C:0E60    A$cli$3177
  0C:0E63    A$cli$3178
  0C:0E66    A$cli$3179
  0C:0E68    A$cli$3180
  0C:0E6B    A$cli$3181
  0C:0E6D    A$cli$3185
  0C:0E6D    C$cli.c$306$2$4
  0C:0E6F    A$cli$3186
  0C:0E71    A$cli$3187
  0C:0E73    A$cli$3189
  0C:0E76    A$cli$3190
  0C:0E78    A$cli$3191
  0C:0E79    A$cli$3192
  0C:0E7A    A$cli$3193
  0C:0E7B    A$cli$3194
  0C:0E7C    A$cli$3196
  0C:0E7E    A$cli$3197
  0C:0E80    A$cli$3198
  0C:0E82    A$cli$3199
  0C:0E83    A$cli$3200
  0C:0E86    A$cli$3204
  0C:0E86    C$cli.c$307$2$4
  0C:0E89    A$cli$3205
  0C:0E8C    A$cli$3206
  0C:0E8F    A$cli$3207
  0C:0E92    A$cli$3211
  0C:0E92    C$cli.c$308$2$4
  0C:0E95    A$cli$3212
  0C:0E96    A$cli$3213
  0C:0E97    A$cli$3214
  0C:0E98    A$cli$3215
  0C:0E99    A$cli$3216
  0C:0E9A    A$cli$3218
  0C:0E9C    A$cli$3219
  0C:0E9E    A$cli$3221
  0C:0EA1    A$cli$3222
  0C:0EA2    A$cli$3223
  0C:0EA3    A$cli$3224
  0C:0EA4    A$cli$3225
  0C:0EA5    A$cli$3227
  0C:0EA7    A$cli$3228
  0C:0EA9    A$cli$3229
  0C:0EAB    A$cli$3230
  0C:0EAC    A$cli$3231
  0C:0EAF    A$cli$3235
  0C:0EAF    C$cli.c$309$2$4
  0C:0EB2    A$cli$3236
  0C:0EB5    A$cli$3237
  0C:0EB8    A$cli$3238
  0C:0EBB    A$cli$3242
  0C:0EBB    C$cli.c$311$2$4
  0C:0EBE    A$cli$3243
  0C:0EC0    A$cli$3244
  0C:0EC1    A$cli$3249
  0C:0EC1    C$cli.c$313$3$5
  0C:0EC4    A$cli$3250
  0C:0EC5    A$cli$3251
  0C:0EC6    A$cli$3252
  0C:0EC7    A$cli$3253
  0C:0EC8    A$cli$3254
  0C:0EC9    A$cli$3256
  0C:0ECB    A$cli$3257
  0C:0ECD    A$cli$3258
  0C:0ECF    A$cli$3259
  0C:0ED1    A$cli$3260
  0C:0ED4    A$cli$3261
  0C:0ED6    A$cli$3262
  0C:0ED8    A$cli$3263
  0C:0EDA    A$cli$3264
  0C:0EDC    A$cli$3268
  0C:0EDC    C$cli.c$314$3$5
  0C:0EDE    A$cli$3269
  0C:0EE0    A$cli$3271
  0C:0EE3    A$cli$3272
  0C:0EE4    A$cli$3273
  0C:0EE5    A$cli$3274
  0C:0EE6    A$cli$3275
  0C:0EE7    A$cli$3277
  0C:0EE9    A$cli$3278
  0C:0EEB    A$cli$3279
  0C:0EED    A$cli$3280
  0C:0EEE    A$cli$3281
  0C:0EF0    A$cli$3282
  0C:0EF2    A$cli$3283
  0C:0EF5    A$cli$3284
  0C:0EF7    A$cli$3285
  0C:0EF9    A$cli$3289
  0C:0EF9    C$cli.c$315$3$5
  0C:0EFC    A$cli$3290
  0C:0EFF    A$cli$3291
  0C:0F02    A$cli$3292
  0C:0F04    A$cli$3293
  0C:0F06    A$cli$3294
  0C:0F09    A$cli$3295
  0C:0F0B    A$cli$3296
  0C:0F0D    A$cli$3300
  0C:0F0D    C$cli.c$316$3$5
  0C:0F10    A$cli$3302
  0C:0F12    A$cli$3303
  0C:0F14    A$cli$3304
  0C:0F15    A$cli$3305
  0C:0F17    A$cli$3306
  0C:0F19    A$cli$3307
  0C:0F1A    A$cli$3308
  0C:0F1B    A$cli$3310
  0C:0F1E    A$cli$3311
  0C:0F1F    A$cli$3312
  0C:0F20    A$cli$3315
  0C:0F21    A$cli$3316
  0C:0F22    A$cli$3318
  0C:0F25    A$cli$3319
  0C:0F26    A$cli$3323
  0C:0F26    C$cli.c$311$3$5
  0C:0F29    A$cli$3324
  0C:0F2A    A$cli$3325
  0C:0F2B    A$cli$3327
  0C:0F2C    A$cli$3329
  0C:0F2E    A$cli$3330
  0C:0F31    A$cli$3335
  0C:0F31    C$cli.c$304$1$1
  0C:0F34    A$cli$3336
  0C:0F35    A$cli$3337
  0C:0F36    A$cli$3339
  0C:0F39    A$cli$3341
  0C:0F3A    A$cli$3342
  0C:0F3B    A$cli$3343
  0C:0F3C    A$cli$3344
  0C:0F3F    A$cli$3348
  0C:0F3F    C$cli.c$321$1$1
  0C:0F3F    XG$display_mem_data$0$0
  0C:0F40    A$main_org$183
  0C:0F40    C$main_org.c$55$0$0
  0C:0F40    C$main_org.c$57$1$0
  0C:0F40    G$main$0$0
  0C:0F40    _main
  0C:0F43    A$main_org$184
  0C:0F45    A$main_org$185
  0C:0F46    A$main_org$188
  0C:0F49    A$main_org$189
  0C:0F4B    A$main_org$190
  0C:0F4C    A$main_org$193
  0C:0F4F    A$main_org$194
  0C:0F51    A$main_org$195
  0C:0F52    A$main_org$198
  0C:0F55    A$main_org$199
  0C:0F57    A$main_org$200
  0C:0F58    A$main_org$203
  0C:0F5B    A$main_org$204
  0C:0F5D    A$main_org$205
  0C:0F5E    A$main_org$208
  0C:0F61    A$main_org$209
  0C:0F63    A$main_org$210
  0C:0F64    A$main_org$213
  0C:0F67    A$main_org$214
  0C:0F69    A$main_org$215
  0C:0F6A    A$main_org$218
  0C:0F6D    A$main_org$219
  0C:0F6F    A$main_org$220
  0C:0F70    A$main_org$223
  0C:0F73    A$main_org$224
  0C:0F75    A$main_org$225
  0C:0F76    A$main_org$228
  0C:0F79    A$main_org$229
  0C:0F7B    A$main_org$230
  0C:0F7C    A$main_org$233
  0C:0F7F    A$main_org$234
  0C:0F81    A$main_org$235
  0C:0F82    A$main_org$238
  0C:0F85    A$main_org$239
  0C:0F87    A$main_org$240
  0C:0F88    A$main_org$243
  0C:0F8B    A$main_org$244
  0C:0F8D    A$main_org$245
  0C:0F8E    A$main_org$248
  0C:0F91    A$main_org$249
  0C:0F93    A$main_org$250
  0C:0F94    A$main_org$253
  0C:0F97    A$main_org$254
  0C:0F99    A$main_org$255
  0C:0F9A    A$main_org$258
  0C:0F9D    A$main_org$259
  0C:0F9F    A$main_org$260
  0C:0FA0    A$main_org$263
  0C:0FA3    A$main_org$264
  0C:0FA5    A$main_org$265
  0C:0FA6    A$main_org$268
  0C:0FA9    A$main_org$269
  0C:0FAB    A$main_org$270
  0C:0FAC    A$main_org$273
  0C:0FAF    A$main_org$274
  0C:0FB1    A$main_org$275
  0C:0FB2    A$main_org$278
  0C:0FB5    A$main_org$279
  0C:0FB7    A$main_org$280
  0C:0FB8    A$main_org$283
  0C:0FBB    A$main_org$284
  0C:0FBD    A$main_org$285
  0C:0FBE    A$main_org$288
  0C:0FC1    A$main_org$289
  0C:0FC3    A$main_org$290
  0C:0FC4    A$main_org$293
  0C:0FC7    A$main_org$294
  0C:0FC9    A$main_org$295
  0C:0FCA    A$main_org$298
  0C:0FCD    A$main_org$299
  0C:0FCF    A$main_org$300
  0C:0FD0    A$main_org$303
  0C:0FD3    A$main_org$304
  0C:0FD5    A$main_org$305
  0C:0FD6    A$main_org$308
  0C:0FD9    A$main_org$309
  0C:0FDB    A$main_org$310
  0C:0FDC    A$main_org$313
  0C:0FDF    A$main_org$314
  0C:0FE1    A$main_org$315
  0C:0FE2    A$main_org$318
  0C:0FE5    A$main_org$319
  0C:0FE7    A$main_org$320
  0C:0FE8    A$main_org$323
  0C:0FEB    A$main_org$324
  0C:0FED    A$main_org$325
  0C:0FEE    A$main_org$328
  0C:0FF1    A$main_org$329
  0C:0FF3    A$main_org$330
  0C:0FF4    A$main_org$333
  0C:0FF7    A$main_org$334
  0C:0FF9    A$main_org$335
  0C:0FFA    A$main_org$340
  0C:0FFA    C$main_org.c$58$1$0
  0C:0FFD    A$main_org$341
  0C:0FFF    A$main_org$342
  0C:1000    A$main_org$345
  0C:1003    A$main_org$346
  0C:1005    A$main_org$347
  0C:1006    A$main_org$350
  0C:1009    A$main_org$351
  0C:100B    A$main_org$352
  0C:100C    A$main_org$356
  0C:100C    C$main_org.c$65$1$1
  0C:100F    A$main_org$357
  0C:1011    A$main_org$358
  0C:1012    A$main_org$359
  0C:1013    A$main_org$360
  0C:1015    A$main_org$361
  0C:1016    A$main_org$363
  0C:1019    A$main_org$364
  0C:101B    A$main_org$365
  0C:101C    A$main_org$366
  0C:101D    A$main_org$367
  0C:101E    A$main_org$368
  0C:101F    A$main_org$370
  0C:1022    A$main_org$371
  0C:1024    A$main_org$372
  0C:1025    A$main_org$374
  0C:1028    A$main_org$375
  0C:102B    A$main_org$376
  0C:102E    A$main_org$377
  0C:1031    A$main_org$381
  0C:1031    C$main_org.c$67$1$1
  0C:1034    A$main_org$382
  0C:1036    A$main_org$383
  0C:1037    A$main_org$384
  0C:1038    A$main_org$385
  0C:103A    A$main_org$386
  0C:103B    A$main_org$388
  0C:103E    A$main_org$389
  0C:1040    A$main_org$390
  0C:1041    A$main_org$391
  0C:1042    A$main_org$392
  0C:1044    A$main_org$393
  0C:1045    A$main_org$394
  0C:1046    A$main_org$395
  0C:1048    A$main_org$396
  0C:1049    A$main_org$397
  0C:104A    A$main_org$398
  0C:104C    A$main_org$399
  0C:104D    A$main_org$401
  0C:1050    A$main_org$402
  0C:1052    A$main_org$403
  0C:1053    A$main_org$404
  0C:1054    A$main_org$405
  0C:1055    A$main_org$406
  0C:1056    A$main_org$407
  0C:1057    A$main_org$408
  0C:1058    A$main_org$409
  0C:1059    A$main_org$410
  0C:105A    A$main_org$412
  0C:105D    A$main_org$413
  0C:1060    A$main_org$414
  0C:1063    A$main_org$415
  0C:1066    A$main_org$419
  0C:1066    C$main_org.c$68$1$1
  0C:1069    A$main_org$420
  0C:106C    A$main_org$421
  0C:106F    A$main_org$422
  0C:1072    A$main_org$426
  0C:1072    C$main_org.c$70$1$1
  0C:1075    A$main_org$427
  0C:1077    A$main_org$428
  0C:1078    A$main_org$429
  0C:1079    A$main_org$430
  0C:107B    A$main_org$431
  0C:107C    A$main_org$433
  0C:107F    A$main_org$434
  0C:1081    A$main_org$435
  0C:1082    A$main_org$437
  0C:1085    A$main_org$438
  0C:1088    A$main_org$439
  0C:108B    A$main_org$440
  0C:108E    A$main_org$444
  0C:108E    C$main_org.c$74$1$1
  0C:1091    A$main_org$445
  0C:1093    A$main_org$446
  0C:1094    A$main_org$448
  0C:1097    A$main_org$449
  0C:1099    A$main_org$450
  0C:109A    A$main_org$451
  0C:109B    A$main_org$452
  0C:109C    A$main_org$453
  0C:109D    A$main_org$454
  0C:109E    A$main_org$455
  0C:109F    A$main_org$456
  0C:10A0    A$main_org$457
  0C:10A1    A$main_org$459
  0C:10A4    A$main_org$460
  0C:10A7    A$main_org$461
  0C:10AA    A$main_org$462
  0C:10AD    A$main_org$466
  0C:10AD    C$main_org.c$76$1$1
  0C:10B0    A$main_org$467
  0C:10B2    A$main_org$468
  0C:10B3    A$main_org$470
  0C:10B6    A$main_org$471
  0C:10B8    A$main_org$472
  0C:10B9    A$main_org$473
  0C:10BA    A$main_org$474
  0C:10BB    A$main_org$475
  0C:10BC    A$main_org$476
  0C:10BD    A$main_org$477
  0C:10BE    A$main_org$478
  0C:10BF    A$main_org$479
  0C:10C0    A$main_org$481
  0C:10C3    A$main_org$482
  0C:10C6    A$main_org$483
  0C:10C9    A$main_org$484
  0C:10CC    A$main_org$488
  0C:10CC    C$main_org.c$79$1$1
  0C:10CF    A$main_org$492
  0C:10CF    C$main_org.c$80$1$1
  0C:10D2    A$main_org$496
  0C:10D5    A$main_org$497
[...]
  0C:6B8B    A$core_gpio$5914
  0C:6B8D    A$core_gpio$5915
  0C:6B8E    A$core_gpio$5918
  0C:6B91    A$core_gpio$5919
  0C:6B93    A$core_gpio$5920
  0C:6B94    A$core_gpio$5923
  0C:6B97    A$core_gpio$5924
  0C:6B99    A$core_gpio$5925
  0C:6B9A    A$core_gpio$5928
  0C:6B9D    A$core_gpio$5929
  0C:6B9F    A$core_gpio$5930
  0C:6BA0    A$core_gpio$5933
  0C:6BA3    A$core_gpio$5934
  0C:6BA5    A$core_gpio$5935
  0C:6BA6    A$core_gpio$5938
  0C:6BA9    A$core_gpio$5939
  0C:6BAB    A$core_gpio$5940
  0C:6BAC    A$core_gpio$5943
  0C:6BAF    A$core_gpio$5944
  0C:6BB1    A$core_gpio$5945
  0C:6BB2    A$core_gpio$5948
  0C:6BB5    A$core_gpio$5949
  0C:6BB7    A$core_gpio$5950
  0C:6BB8    A$core_gpio$5953
  0C:6BBB    A$core_gpio$5954
  0C:6BBD    A$core_gpio$5955
  0C:6BBE    A$core_gpio$5958
  0C:6BC1    A$core_gpio$5959
  0C:6BC3    A$core_gpio$5960
  0C:6BC4    A$core_gpio$5963
  0C:6BC7    A$core_gpio$5964
  0C:6BC9    A$core_gpio$5965
  0C:6BCA    A$core_gpio$5968
  0C:6BCD    A$core_gpio$5969
  0C:6BCF    A$core_gpio$5970
  0C:6BD0    A$core_gpio$5973
  0C:6BD3    A$core_gpio$5974
  0C:6BD5    A$core_gpio$5975
  0C:6BD6    A$core_gpio$5978
  0C:6BD9    A$core_gpio$5979
  0C:6BDB    A$core_gpio$5980
  0C:6BDC    A$core_gpio$5983
  0C:6BDF    A$core_gpio$5984
  0C:6BE1    A$core_gpio$5985
  0C:6BE2    A$core_gpio$5988
  0C:6BE5    A$core_gpio$5989
  0C:6BE7    A$core_gpio$5990
  0C:6BE8    A$core_gpio$5993
  0C:6BEB    A$core_gpio$5994
  0C:6BED    A$core_gpio$5995
  0C:6BEE    A$core_gpio$5998
  0C:6BF1    A$core_gpio$5999
  0C:6BF3    A$core_gpio$6000
  0C:6BF4    A$core_gpio$6003
  0C:6BF7    A$core_gpio$6004
  0C:6BF9    A$core_gpio$6005
  0C:6BFA    A$core_gpio$6008
  0C:6BFD    A$core_gpio$6009
  0C:6BFF    A$core_gpio$6010
  0C:6C00    A$core_gpio$6013
  0C:6C03    A$core_gpio$6014
  0C:6C05    A$core_gpio$6015
  0C:6C06    A$core_gpio$6018
  0C:6C09    A$core_gpio$6019
  0C:6C0B    A$core_gpio$6020
  0C:6C0C    A$core_gpio$6023
  0C:6C0F    A$core_gpio$6024
  0C:6C11    A$core_gpio$6025
  0C:6C12    A$core_gpio$6028
  0C:6C15    A$core_gpio$6029
  0C:6C17    A$core_gpio$6030
  0C:6C18    A$core_gpio$6033
  0C:6C1B    A$core_gpio$6034
  0C:6C1D    A$core_gpio$6035
  0C:6C1E    A$core_gpio$6038
  0C:6C21    A$core_gpio$6039
  0C:6C23    A$core_gpio$6040
  0C:6C24    A$core_gpio$6043
  0C:6C27    A$core_gpio$6044
  0C:6C29    A$core_gpio$6045
  0C:6C2A    A$core_gpio$6048
  0C:6C2D    A$core_gpio$6049
  0C:6C2F    A$core_gpio$6050
  0C:6C30    A$core_gpio$6053
  0C:6C33    A$core_gpio$6054
  0C:6C35    A$core_gpio$6055
  0C:6C36    A$core_gpio$6058
  0C:6C39    A$core_gpio$6059
  0C:6C3B    A$core_gpio$6060
  0C:6C3C    A$core_gpio$6063
  0C:6C3F    A$core_gpio$6064
  0C:6C41    A$core_gpio$6065
  0C:6C42    A$core_gpio$6068
  0C:6C45    A$core_gpio$6069
  0C:6C47    A$core_gpio$6070
  0C:6C48    A$core_gpio$6072
  0C:6C4B    A$core_gpio$6073
  0C:6C4D    A$core_gpio$6074
  0C:6C4E    A$core_gpio$6075
  0C:6C4F    A$core_gpio$6076
  0C:6C51    A$core_gpio$6077
  0C:6C52    A$core_gpio$6078
  0C:6C53    A$core_gpio$6079
  0C:6C55    A$core_gpio$6080
  0C:6C56    A$core_gpio$6081
  0C:6C57    A$core_gpio$6082
  0C:6C59    A$core_gpio$6083
  0C:6C5A    A$core_gpio$6085
  0C:6C5D    A$core_gpio$6086
  0C:6C60    A$core_gpio$6087
  0C:6C63    A$core_gpio$6088
  0C:6C65    A$core_gpio$6089
  0C:6C67    A$core_gpio$6090
  0C:6C69    A$core_gpio$6091
  0C:6C6B    A$core_gpio$6092
  0C:6C6D    A$core_gpio$6093
  0C:6C6F    A$core_gpio$6094
  0C:6C72    A$core_gpio$6095
  0C:6C74    A$core_gpio$6096
  0C:6C76    A$core_gpio$6097
  0C:6C78    A$core_gpio$6098
  0C:6C7A    A$core_gpio$6099
  0C:6C7C    A$core_gpio$6100
  0C:6C7E    A$core_gpio$6105
  0C:6C7E    C$core_gpio.c$417$1$1
  0C:6C7F    A$core_gpio$6107
  0C:6C81    A$core_gpio$6108
  0C:6C84    A$core_gpio$6114
  0C:6C84    C$core_gpio.c$419$2$4
  0C:6C85    A$core_gpio$6115
  0C:6C88    A$core_gpio$6116
  0C:6C89    A$core_gpio$6117
  0C:6C8A    A$core_gpio$6118
  0C:6C8C    A$core_gpio$6120
  0C:6C8D    A$core_gpio$6121
  0C:6C8E    A$core_gpio$6122
  0C:6C90    A$core_gpio$6123
  0C:6C91    A$core_gpio$6124
  0C:6C92    A$core_gpio$6126
  0C:6C94    A$core_gpio$6127
  0C:6C96    A$core_gpio$6128
  0C:6C97    A$core_gpio$6129
  0C:6C99    A$core_gpio$6130
  0C:6C9B    A$core_gpio$6131
  0C:6C9C    A$core_gpio$6132
  0C:6C9E    A$core_gpio$6133
  0C:6CA0    A$core_gpio$6134
  0C:6CA1    A$core_gpio$6135
  0C:6CA3    A$core_gpio$6136
  0C:6CA5    A$core_gpio$6137
  0C:6CA6    A$core_gpio$6142
  0C:6CA6    C$core_gpio.c$420$2$4
  0C:6CA8    A$core_gpio$6143
  0C:6CAA    A$core_gpio$6144
  0C:6CAC    A$core_gpio$6145
  0C:6CAE    A$core_gpio$6146
  0C:6CB1    A$core_gpio$6147
  0C:6CB3    A$core_gpio$6148
  0C:6CB5    A$core_gpio$6149
  0C:6CB7    A$core_gpio$6151
  0C:6CB9    A$core_gpio$6152
  0C:6CBB    A$core_gpio$6153
  0C:6CBD    A$core_gpio$6157
  0C:6CBD    C$core_gpio.c$421$2$4
  0C:6CC0    A$core_gpio$6161
  0C:6CC0    C$core_gpio.c$422$2$4
  0C:6CC3    A$core_gpio$6162
  0C:6CC4    A$core_gpio$6163
  0C:6CC5    A$core_gpio$6165
  0C:6CC7    A$core_gpio$6166
  0C:6CC9    A$core_gpio$6167
  0C:6CCC    A$core_gpio$6171
  0C:6CCC    C$core_gpio.c$424$2$1
  0C:6CCC    XG$GPIO_disable_irq$0$0
  0C:6CCD    A$core_gpio$6189
  0C:6CCD    C$core_gpio.c$430$2$1
  0C:6CCD    G$GPIO_clear_irq$0$0
  0C:6CCD    _GPIO_clear_irq
  0C:6CCF    A$core_gpio$6190
  0C:6CD1    A$core_gpio$6191
  0C:6CD3    A$core_gpio$6192
  0C:6CD6    A$core_gpio$6193
  0C:6CD7    A$core_gpio$6194
  0C:6CD8    A$core_gpio$6195
  0C:6CD9    A$core_gpio$6196
  0C:6CDA    A$core_gpio$6197
  0C:6CDB    A$core_gpio$6198
  0C:6CDC    A$core_gpio$6199
  0C:6CDD    A$core_gpio$6203
  0C:6CDD    C$core_gpio.c$436$1$1
  0C:6CE0    A$core_gpio$6204
  0C:6CE1    A$core_gpio$6205
  0C:6CE2    A$core_gpio$6207
  0C:6CE4    A$core_gpio$6208
  0C:6CE6    A$core_gpio$6209
  0C:6CE8    A$core_gpio$6211
  0C:6CEA    A$core_gpio$6212
  0C:6CEC    A$core_gpio$6213
  0C:6CEF    A$core_gpio$6214
  0C:6CF2    A$core_gpio$6215
  0C:6CF5    A$core_gpio$6216
  0C:6CF8    A$core_gpio$6217
  0C:6CFA    A$core_gpio$6219
  0C:6CFC    A$core_gpio$6220
  0C:6CFE    A$core_gpio$6221
  0C:6D00    A$core_gpio$6222
  0C:6D02    A$core_gpio$6223
  0C:6D03    A$core_gpio$6224
  0C:6D05    A$core_gpio$6225
  0C:6D07    A$core_gpio$6226
  0C:6D08    A$core_gpio$6227
  0C:6D0A    A$core_gpio$6228
  0C:6D0C    A$core_gpio$6229
  0C:6D0D    A$core_gpio$6230
  0C:6D0F    A$core_gpio$6232
  0C:6D12    A$core_gpio$6236
  0C:6D12    C$core_gpio.c$438$1$1
  0C:6D15    A$core_gpio$6237
  0C:6D16    A$core_gpio$6238
  0C:6D17    A$core_gpio$6239
  0C:6D18    A$core_gpio$6240
  0C:6D19    A$core_gpio$6241
  0C:6D1A    A$core_gpio$6242
  0C:6D1B    A$core_gpio$6243
  0C:6D1C    A$core_gpio$6244
  0C:6D1D    A$core_gpio$6247
  0C:6D1F    A$core_gpio$6248
  0C:6D21    A$core_gpio$6249
  0C:6D22    A$core_gpio$6250
  0C:6D24    A$core_gpio$6251
  0C:6D26    A$core_gpio$6252
  0C:6D27    A$core_gpio$6253
  0C:6D29    A$core_gpio$6256
  0C:6D2B    A$core_gpio$6257
  0C:6D2D    A$core_gpio$6258
  0C:6D2F    A$core_gpio$6259
  0C:6D32    A$core_gpio$6260
  0C:6D33    A$core_gpio$6263
  0C:6D36    A$core_gpio$6264
  0C:6D39    A$core_gpio$6268
  0C:6D3C    A$core_gpio$6269
  0C:6D3F    A$core_gpio$6273
  0C:6D42    A$core_gpio$6274
  0C:6D44    A$core_gpio$6276
  0C:6D47    A$core_gpio$6282
  0C:6D47    C$core_gpio.c$441$2$2
  0C:6D49    A$core_gpio$6283
  0C:6D4B    A$core_gpio$6284
  0C:6D4D    A$core_gpio$6285
  0C:6D50    A$core_gpio$6286
  0C:6D51    A$core_gpio$6287
  0C:6D52    A$core_gpio$6288
  0C:6D55    A$core_gpio$6289
  0C:6D56    A$core_gpio$6292
  0C:6D58    A$core_gpio$6293
  0C:6D5A    A$core_gpio$6294
  0C:6D5B    A$core_gpio$6295
  0C:6D5D    A$core_gpio$6296
  0C:6D5F    A$core_gpio$6297
  0C:6D60    A$core_gpio$6299
  0C:6D63    A$core_gpio$6300
  0C:6D65    A$core_gpio$6301
  0C:6D66    A$core_gpio$6302
  0C:6D67    A$core_gpio$6303
  0C:6D69    A$core_gpio$6304
  0C:6D6A    A$core_gpio$6305
  0C:6D6B    A$core_gpio$6306
  0C:6D6D    A$core_gpio$6307
  0C:6D6E    A$core_gpio$6308
  0C:6D6F    A$core_gpio$6309
  0C:6D71    A$core_gpio$6310
  0C:6D72    A$core_gpio$6312
  0C:6D74    A$core_gpio$6313
  0C:6D76    A$core_gpio$6314
  0C:6D79    A$core_gpio$6317
  0C:6D79    C$core_gpio.c$442$2$2
  0C:6D7C    A$core_gpio$6325
  0C:6D7C    C$core_gpio.c$444$2$2
  0C:6D7C    C$core_gpio.c$445$2$2
  0C:6D7E    A$core_gpio$6326
  0C:6D80    A$core_gpio$6327
  0C:6D82    A$core_gpio$6328
  0C:6D85    A$core_gpio$6329
  0C:6D86    A$core_gpio$6330
  0C:6D87    A$core_gpio$6331
  0C:6D8A    A$core_gpio$6332
  0C:6D8B    A$core_gpio$6335
  0C:6D8D    A$core_gpio$6336
  0C:6D8F    A$core_gpio$6337
  0C:6D90    A$core_gpio$6338
  0C:6D92    A$core_gpio$6339
  0C:6D94    A$core_gpio$6340
  0C:6D95    A$core_gpio$6342
  0C:6D98    A$core_gpio$6343
  0C:6D9A    A$core_gpio$6344
  0C:6D9B    A$core_gpio$6345
  0C:6D9C    A$core_gpio$6346
  0C:6D9E    A$core_gpio$6347
  0C:6D9F    A$core_gpio$6349
  0C:6DA1    A$core_gpio$6350
  0C:6DA3    A$core_gpio$6351
  0C:6DA5    A$core_gpio$6352
  0C:6DA7    A$core_gpio$6353
  0C:6DA9    A$core_gpio$6354
  0C:6DAC    A$core_gpio$6355
  0C:6DAE    A$core_gpio$6356
  0C:6DB0    A$core_gpio$6357
  0C:6DB2    A$core_gpio$6362
  0C:6DB2    C$core_gpio.c$446$2$2
  0C:6DB4    A$core_gpio$6363
  0C:6DB6    A$core_gpio$6364
  0C:6DB8    A$core_gpio$6365
  0C:6DBB    A$core_gpio$6366
  0C:6DBC    A$core_gpio$6367
  0C:6DBD    A$core_gpio$6368
  0C:6DC0    A$core_gpio$6369
  0C:6DC1    A$core_gpio$6372
  0C:6DC3    A$core_gpio$6373
  0C:6DC5    A$core_gpio$6374
  0C:6DC6    A$core_gpio$6375
  0C:6DC8    A$core_gpio$6376
  0C:6DCA    A$core_gpio$6377
  0C:6DCB    A$core_gpio$6379
  0C:6DCE    A$core_gpio$6380
  0C:6DD0    A$core_gpio$6381
  0C:6DD1    A$core_gpio$6382
  0C:6DD2    A$core_gpio$6383
  0C:6DD4    A$core_gpio$6384
  0C:6DD5    A$core_gpio$6386
  0C:6DD7    A$core_gpio$6387
  0C:6DD9    A$core_gpio$6388
  0C:6DDC    A$core_gpio$6391
  0C:6DDC    C$core_gpio.c$447$2$2
  0C:6DDF    A$core_gpio$6399
  0C:6DDF    C$core_gpio.c$449$2$2
  0C:6DDF    C$core_gpio.c$450$2$2
  0C:6DE1    A$core_gpio$6400
  0C:6DE3    A$core_gpio$6401
  0C:6DE5    A$core_gpio$6402
  0C:6DE8    A$core_gpio$6403
  0C:6DE9    A$core_gpio$6404
  0C:6DEA    A$core_gpio$6405
  0C:6DED    A$core_gpio$6406
  0C:6DEE    A$core_gpio$6409
  0C:6DF0    A$core_gpio$6410
  0C:6DF2    A$core_gpio$6411
  0C:6DF3    A$core_gpio$6412
  0C:6DF5    A$core_gpio$6413
  0C:6DF7    A$core_gpio$6414
  0C:6DF8    A$core_gpio$6416
  0C:6DFB    A$core_gpio$6417
  0C:6DFD    A$core_gpio$6418
  0C:6DFE    A$core_gpio$6420
  0C:6E00    A$core_gpio$6421
  0C:6E02    A$core_gpio$6422
  0C:6E04    A$core_gpio$6423
  0C:6E06    A$core_gpio$6424
  0C:6E08    A$core_gpio$6425
  0C:6E0B    A$core_gpio$6426
  0C:6E0D    A$core_gpio$6427
  0C:6E0F    A$core_gpio$6428
  0C:6E11    A$core_gpio$6433
  0C:6E11    C$core_gpio.c$451$2$2
  0C:6E13    A$core_gpio$6434
  0C:6E15    A$core_gpio$6435
  0C:6E17    A$core_gpio$6436
  0C:6E1A    A$core_gpio$6437
  0C:6E1B    A$core_gpio$6438
  0C:6E1C    A$core_gpio$6439
  0C:6E1F    A$core_gpio$6440
  0C:6E20    A$core_gpio$6443
  0C:6E22    A$core_gpio$6444
  0C:6E24    A$core_gpio$6445
  0C:6E25    A$core_gpio$6446
  0C:6E27    A$core_gpio$6447
  0C:6E29    A$core_gpio$6448
  0C:6E2A    A$core_gpio$6450
  0C:6E2D    A$core_gpio$6451
  0C:6E2F    A$core_gpio$6452
  0C:6E30    A$core_gpio$6454
  0C:6E32    A$core_gpio$6455
  0C:6E34    A$core_gpio$6456
  0C:6E36    A$core_gpio$6457
  0C:6E38    A$core_gpio$6458
  0C:6E3A    A$core_gpio$6459
  0C:6E3D    A$core_gpio$6460
  0C:6E3F    A$core_gpio$6461
  0C:6E41    A$core_gpio$6462
  0C:6E43    A$core_gpio$6467
  0C:6E43    C$core_gpio.c$452$2$2
  0C:6E45    A$core_gpio$6468
  0C:6E47    A$core_gpio$6469
  0C:6E49    A$core_gpio$6470
  0C:6E4C    A$core_gpio$6471
  0C:6E4D    A$core_gpio$6472
  0C:6E4E    A$core_gpio$6473
  0C:6E51    A$core_gpio$6474
  0C:6E52    A$core_gpio$6477
  0C:6E54    A$core_gpio$6478
  0C:6E56    A$core_gpio$6479
  0C:6E57    A$core_gpio$6480
  0C:6E59    A$core_gpio$6481
  0C:6E5B    A$core_gpio$6482
  0C:6E5C    A$core_gpio$6484
  0C:6E5F    A$core_gpio$6485
  0C:6E61    A$core_gpio$6486
  0C:6E62    A$core_gpio$6488
  0C:6E64    A$core_gpio$6489
  0C:6E66    A$core_gpio$6490
  0C:6E68    A$core_gpio$6491
  0C:6E6A    A$core_gpio$6492
  0C:6E6C    A$core_gpio$6493
  0C:6E6F    A$core_gpio$6494
  0C:6E71    A$core_gpio$6495
  0C:6E73    A$core_gpio$6496
  0C:6E75    A$core_gpio$6501
  0C:6E75    C$core_gpio.c$453$2$2
  0C:6E77    A$core_gpio$6502
  0C:6E79    A$core_gpio$6503
  0C:6E7B    A$core_gpio$6504
  0C:6E7E    A$core_gpio$6505
  0C:6E7F    A$core_gpio$6506
  0C:6E80    A$core_gpio$6507
  0C:6E83    A$core_gpio$6508
  0C:6E84    A$core_gpio$6511
  0C:6E86    A$core_gpio$6512
  0C:6E88    A$core_gpio$6513
  0C:6E89    A$core_gpio$6514
  0C:6E8B    A$core_gpio$6515
  0C:6E8D    A$core_gpio$6516
  0C:6E8E    A$core_gpio$6518
  0C:6E91    A$core_gpio$6519
  0C:6E93    A$core_gpio$6520
  0C:6E94    A$core_gpio$6522
  0C:6E96    A$core_gpio$6523
  0C:6E98    A$core_gpio$6524
  0C:6E9B    A$core_gpio$6527
  0C:6E9B    C$core_gpio.c$454$2$2
  0C:6E9E    A$core_gpio$6533
  0C:6E9E    C$core_gpio.c$457$2$2
  0C:6EA1    A$core_gpio$6534
  0C:6EA3    A$core_gpio$6535
  0C:6EA4    A$core_gpio$6538
  0C:6EA7    A$core_gpio$6539
  0C:6EA9    A$core_gpio$6540
  0C:6EAA    A$core_gpio$6543
  0C:6EAD    A$core_gpio$6544
  0C:6EAF    A$core_gpio$6545
  0C:6EB0    A$core_gpio$6548
  0C:6EB3    A$core_gpio$6549
  0C:6EB5    A$core_gpio$6550
  0C:6EB6    A$core_gpio$6553
  0C:6EB9    A$core_gpio$6554
  0C:6EBB    A$core_gpio$6555
  0C:6EBC    A$core_gpio$6558
  0C:6EBF    A$core_gpio$6559
  0C:6EC1    A$core_gpio$6560
  0C:6EC2    A$core_gpio$6563
  0C:6EC5    A$core_gpio$6564
  0C:6EC7    A$core_gpio$6565
  0C:6EC8    A$core_gpio$6568
  0C:6ECB    A$core_gpio$6569
  0C:6ECD    A$core_gpio$6570
  0C:6ECE    A$core_gpio$6573
  0C:6ED1    A$core_gpio$6574
  0C:6ED3    A$core_gpio$6575
  0C:6ED4    A$core_gpio$6578
  0C:6ED7    A$core_gpio$6579
  0C:6ED9    A$core_gpio$6580
  0C:6EDA    A$core_gpio$6583
  0C:6EDD    A$core_gpio$6584
  0C:6EDF    A$core_gpio$6585
  0C:6EE0    A$core_gpio$6588
  0C:6EE3    A$core_gpio$6589
  0C:6EE5    A$core_gpio$6590
  0C:6EE6    A$core_gpio$6593
  0C:6EE9    A$core_gpio$6594
  0C:6EEB    A$core_gpio$6595
  0C:6EEC    A$core_gpio$6598
  0C:6EEF    A$core_gpio$6599
  0C:6EF1    A$core_gpio$6600
  0C:6EF2    A$core_gpio$6603
  0C:6EF5    A$core_gpio$6604
  0C:6EF7    A$core_gpio$6605
  0C:6EF8    A$core_gpio$6608
  0C:6EFB    A$core_gpio$6609
  0C:6EFD    A$core_gpio$6610
  0C:6EFE    A$core_gpio$6613
  0C:6F01    A$core_gpio$6614
  0C:6F03    A$core_gpio$6615
  0C:6F04    A$core_gpio$6618
  0C:6F07    A$core_gpio$6619
  0C:6F09    A$core_gpio$6620
  0C:6F0A    A$core_gpio$6623
  0C:6F0D    A$core_gpio$6624
  0C:6F0F    A$core_gpio$6625
  0C:6F10    A$core_gpio$6628
  0C:6F13    A$core_gpio$6629
  0C:6F15    A$core_gpio$6630
  0C:6F16    A$core_gpio$6633
  0C:6F19    A$core_gpio$6634
  0C:6F1B    A$core_gpio$6635
  0C:6F1C    A$core_gpio$6638
  0C:6F1F    A$core_gpio$6639
  0C:6F21    A$core_gpio$6640
  0C:6F22    A$core_gpio$6643
  0C:6F25    A$core_gpio$6644
  0C:6F27    A$core_gpio$6645
  0C:6F28    A$core_gpio$6648
  0C:6F2B    A$core_gpio$6649
  0C:6F2D    A$core_gpio$6650
  0C:6F2E    A$core_gpio$6653
  0C:6F31    A$core_gpio$6654
  0C:6F33    A$core_gpio$6655
  0C:6F34    A$core_gpio$6658
  0C:6F37    A$core_gpio$6659
  0C:6F39    A$core_gpio$6660
  0C:6F3A    A$core_gpio$6663
  0C:6F3D    A$core_gpio$6664
  0C:6F3F    A$core_gpio$6665
  0C:6F40    A$core_gpio$6668
  0C:6F43    A$core_gpio$6669
  0C:6F45    A$core_gpio$6670
  0C:6F46    A$core_gpio$6673
  0C:6F49    A$core_gpio$6674
  0C:6F4B    A$core_gpio$6675
  0C:6F4C    A$core_gpio$6678
  0C:6F4F    A$core_gpio$6679
  0C:6F51    A$core_gpio$6680
  0C:6F52    A$core_gpio$6683
  0C:6F55    A$core_gpio$6684
  0C:6F57    A$core_gpio$6685
  0C:6F58    A$core_gpio$6688
  0C:6F5B    A$core_gpio$6689
  0C:6F5D    A$core_gpio$6690
  0C:6F5E    A$core_gpio$6692
  0C:6F61    A$core_gpio$6693
  0C:6F63    A$core_gpio$6694
  0C:6F64    A$core_gpio$6695
  0C:6F65    A$core_gpio$6696
  0C:6F67    A$core_gpio$6697
  0C:6F68    A$core_gpio$6698
  0C:6F69    A$core_gpio$6699
  0C:6F6B    A$core_gpio$6700
  0C:6F6C    A$core_gpio$6701
  0C:6F6D    A$core_gpio$6702
  0C:6F6F    A$core_gpio$6703
  0C:6F70    A$core_gpio$6705
  0C:6F73    A$core_gpio$6706
  0C:6F76    A$core_gpio$6707
  0C:6F79    A$core_gpio$6708
  0C:6F7C    A$core_gpio$6714
  0C:6F7C    C$core_gpio.c$459$1$1
  0C:6F7C    C$core_gpio.c$460$1$1
  0C:6F7C    XG$GPIO_clear_irq$0$0
  0C:6F7D    __divuint
  0C:7017    __gptrput
  0C:7030    __mulint
  0C:7050    __mullong
  0C:7050    __mullong_dummy
  0C:70BC    __moduint
  0C:7169    __gptrget
  0C:7185    __sdcc_external_startup

Hexadecimal

Area                               Addr   Size   Decimal Bytes (Attributes)
--------------------------------   ----   ----   ------- ----- ------------
CONST                              7189   00B1 =    177. bytes (REL,CON,CODE)

      Value  Global
   --------  --------------------------------
  0C:7189    F___cli$_str_8$0$0
  0C:7198    F___cli$_str_9$0$0
  0C:71B4    F___cli$_str_10$0$0
  0C:71B7    F___cli$_str_11$0$0
  0C:71B9    F___cli$_str_12$0$0
  0C:71C3    F___cli$_str_13$0$0
  0C:71D2    F___cli$_str_14$0$0
  0C:71E0    F___cli$_str_15$0$0
  0C:7208    F___cli$_str_16$0$0
  0C:7238    F___misc$_str_0$0$0

Hexadecimal

Area                               Addr   Size   Decimal Bytes (Attributes)
--------------------------------   ----   ----   ------- ----- ------------
XINIT                              723A   0005 =      5. bytes (REL,CON,CODE)

      Value  Global
   --------  --------------------------------
  0C:723A    F___cli$__xinit_user_input$0$0
  0C:723E    F___cli$__xinit_last_rt_subaddress$0$0
ASxxxx Linker V01.75 + NoICE + SDCC Feb 1999,  page 1.

Files Linked      [ module(s) ]

./cli.rel       
./main_org.rel  
./misc.rel      
./hal/Core8051s/SDCC/hal_assert.rel
./hal/Core8051s/SDCC/hal_large.rel
./hal/Core8051s/SDCC/hw_reg_access.rel
./drivers/CoreWatchdog/core_watchdog.rel
./drivers/CoreUARTapb/core_uart_apb.rel
./drivers/CoreTimer/core_timer.rel
./drivers/CoreGPIO/core_gpio.rel

Libraries Linked            [   object  file   ]

C:\Program Files (x86)\Microsemi\SoftConsole v3.4\Sourcery-G++\bin\..\lib\large/libint.lib    [         _divuint ]
C:\Program Files (x86)\Microsemi\SoftConsole v3.4\Sourcery-G++\bin\..\lib\large/mcs51.lib    [     crtclear.rel ]
C:\Program Files (x86)\Microsemi\SoftConsole v3.4\Sourcery-G++\bin\..\lib\large/mcs51.lib    [     crtxinit.rel ]
C:\Program Files (x86)\Microsemi\SoftConsole v3.4\Sourcery-G++\bin\..\lib\large/libsdcc.lib    [         _gptrput ]
C:\Program Files (x86)\Microsemi\SoftConsole v3.4\Sourcery-G++\bin\..\lib\large/libint.lib    [          _mulint ]
C:\Program Files (x86)\Microsemi\SoftConsole v3.4\Sourcery-G++\bin\..\lib\large/liblong.lib    [     _mullong.rel ]
C:\Program Files (x86)\Microsemi\SoftConsole v3.4\Sourcery-G++\bin\..\lib\large/libint.lib    [         _moduint ]
C:\Program Files (x86)\Microsemi\SoftConsole v3.4\Sourcery-G++\bin\..\lib\large/mcs51.lib    [    crtxclear.rel ]
C:\Program Files (x86)\Microsemi\SoftConsole v3.4\Sourcery-G++\bin\..\lib\large/mcs51.lib    [   crtpagesfr.rel ]
C:\Program Files (x86)\Microsemi\SoftConsole v3.4\Sourcery-G++\bin\..\lib\large/mcs51.lib    [     crtstart.rel ]
C:\Program Files (x86)\Microsemi\SoftConsole v3.4\Sourcery-G++\bin\..\lib\large/libsdcc.lib    [         _gptrget ]
C:\Program Files (x86)\Microsemi\SoftConsole v3.4\Sourcery-G++\bin\..\lib\large/libsdcc.lib    [         _startup ]

ASxxxx Linker V01.75 + NoICE + SDCC Feb 1999,  page 2.

User Base Address Definitions

HOME = 0x0000
ISEG = 0x0000
BSEG = 0x0000

